Archive member included because of file (symbol)

C:\Users\Bertus\Documents\LPCXpresso_5.2.6_2137\workspace5\nxp_lpcxpresso_11u14_board_lib\Debug\libnxp_lpcxpresso_11u14_board_lib.a(board.o)
                              ./example/src/VirtualSerial.o (Board_Init)
C:\Users\Bertus\Documents\LPCXpresso_5.2.6_2137\workspace5\nxp_lpcxpresso_11u14_board_lib\Debug\libnxp_lpcxpresso_11u14_board_lib.a(board_sysinit.o)
                              ./example/src/sysinit.o (Board_SystemInit)
C:\Users\Bertus\Documents\LPCXpresso_5.2.6_2137\workspace5\lpc_chip_11uxx_lib\Debug\liblpc_chip_11uxx_lib.a(chip_11xx.o)
                              ./example/src/VirtualSerial.o (SystemCoreClockUpdate)
C:\Users\Bertus\Documents\LPCXpresso_5.2.6_2137\workspace5\lpc_chip_11uxx_lib\Debug\liblpc_chip_11uxx_lib.a(clock_11xx.o)
                              C:\Users\Bertus\Documents\LPCXpresso_5.2.6_2137\workspace5\nxp_lpcxpresso_11u14_board_lib\Debug\libnxp_lpcxpresso_11u14_board_lib.a(board_sysinit.o) (Chip_Clock_SetSystemPLLSource)
C:\Users\Bertus\Documents\LPCXpresso_5.2.6_2137\workspace5\lpc_chip_11uxx_lib\Debug\liblpc_chip_11uxx_lib.a(gpio_11xx_1.o)
                              C:\Users\Bertus\Documents\LPCXpresso_5.2.6_2137\workspace5\nxp_lpcxpresso_11u14_board_lib\Debug\libnxp_lpcxpresso_11u14_board_lib.a(board.o) (Chip_GPIO_Init)
C:\Users\Bertus\Documents\LPCXpresso_5.2.6_2137\workspace5\lpc_chip_11uxx_lib\Debug\liblpc_chip_11uxx_lib.a(iocon_11xx.o)
                              C:\Users\Bertus\Documents\LPCXpresso_5.2.6_2137\workspace5\nxp_lpcxpresso_11u14_board_lib\Debug\libnxp_lpcxpresso_11u14_board_lib.a(board.o) (Chip_IOCON_PinMuxSet)
C:\Users\Bertus\Documents\LPCXpresso_5.2.6_2137\workspace5\lpc_chip_11uxx_lib\Debug\liblpc_chip_11uxx_lib.a(sysctl_11xx.o)
                              C:\Users\Bertus\Documents\LPCXpresso_5.2.6_2137\workspace5\nxp_lpcxpresso_11u14_board_lib\Debug\libnxp_lpcxpresso_11u14_board_lib.a(board_sysinit.o) (Chip_SYSCTL_PowerDown)
C:\Users\Bertus\Documents\LPCXpresso_5.2.6_2137\workspace5\lpc_chip_11uxx_lib\Debug\liblpc_chip_11uxx_lib.a(uart_11xx.o)
                              C:\Users\Bertus\Documents\LPCXpresso_5.2.6_2137\workspace5\nxp_lpcxpresso_11u14_board_lib\Debug\libnxp_lpcxpresso_11u14_board_lib.a(board.o) (Chip_UART_Init)
C:\Users\Bertus\Documents\LPCXpresso_5.2.6_2137\workspace5\lpc_chip_11uxx_lib\Debug\liblpc_chip_11uxx_lib.a(ring_buffer.o)
                              C:\Users\Bertus\Documents\LPCXpresso_5.2.6_2137\workspace5\lpc_chip_11uxx_lib\Debug\liblpc_chip_11uxx_lib.a(uart_11xx.o) (RingBuffer_Insert)
C:\Users\Bertus\Documents\LPCXpresso_5.2.6_2137\workspace5\nxp_lpcxpresso_11u14_usblib_device\Debug\libnxp_lpcxpresso_11u14_usblib_device.a(USBController.o)
                              ./example/src/VirtualSerial.o (USB_Init)
C:\Users\Bertus\Documents\LPCXpresso_5.2.6_2137\workspace5\nxp_lpcxpresso_11u14_usblib_device\Debug\libnxp_lpcxpresso_11u14_usblib_device.a(USBTask.o)
                              C:\Users\Bertus\Documents\LPCXpresso_5.2.6_2137\workspace5\nxp_lpcxpresso_11u14_usblib_device\Debug\libnxp_lpcxpresso_11u14_usblib_device.a(USBController.o) (USB_IsInitialized)
C:\Users\Bertus\Documents\LPCXpresso_5.2.6_2137\workspace5\nxp_lpcxpresso_11u14_usblib_device\Debug\libnxp_lpcxpresso_11u14_usblib_device.a(CDCClassDevice.o)
                              ./example/src/VirtualSerial.o (CDC_Device_ProcessControlRequest)
C:\Users\Bertus\Documents\LPCXpresso_5.2.6_2137\workspace5\nxp_lpcxpresso_11u14_usblib_device\Debug\libnxp_lpcxpresso_11u14_usblib_device.a(HAL_LPC11Uxx.o)
                              C:\Users\Bertus\Documents\LPCXpresso_5.2.6_2137\workspace5\nxp_lpcxpresso_11u14_usblib_device\Debug\libnxp_lpcxpresso_11u14_usblib_device.a(USBController.o) (HAL_USBInit)
C:\Users\Bertus\Documents\LPCXpresso_5.2.6_2137\workspace5\nxp_lpcxpresso_11u14_usblib_device\Debug\libnxp_lpcxpresso_11u14_usblib_device.a(Endpoint_LPC11Uxx.o)
                              C:\Users\Bertus\Documents\LPCXpresso_5.2.6_2137\workspace5\nxp_lpcxpresso_11u14_usblib_device\Debug\libnxp_lpcxpresso_11u14_usblib_device.a(CDCClassDevice.o) (EndPointCmdStsList)
C:\Users\Bertus\Documents\LPCXpresso_5.2.6_2137\workspace5\nxp_lpcxpresso_11u14_usblib_device\Debug\libnxp_lpcxpresso_11u14_usblib_device.a(DeviceStandardReq.o)
                              C:\Users\Bertus\Documents\LPCXpresso_5.2.6_2137\workspace5\nxp_lpcxpresso_11u14_usblib_device\Debug\libnxp_lpcxpresso_11u14_usblib_device.a(USBController.o) (USB_Device_ConfigurationNumber)
C:\Users\Bertus\Documents\LPCXpresso_5.2.6_2137\workspace5\nxp_lpcxpresso_11u14_usblib_device\Debug\libnxp_lpcxpresso_11u14_usblib_device.a(Endpoint.o)
                              C:\Users\Bertus\Documents\LPCXpresso_5.2.6_2137\workspace5\nxp_lpcxpresso_11u14_usblib_device\Debug\libnxp_lpcxpresso_11u14_usblib_device.a(CDCClassDevice.o) (usb_data_buffer)
[...]
Memory Configuration

Name             Origin             Length             Attributes
MFlash32         0x00000000         0x00008000         xr
RamLoc4          0x10000000         0x00001000         xrw
RamUsb2          0x20004000         0x00000800         xrw
*default*        0x00000000         0xffffffff

Linker script and memory map

LOAD ./example/src/Lib/UsbRom.o
LOAD ./example/src/Descriptors.o
LOAD ./example/src/VirtualSerial.o
LOAD ./example/src/cr_startup_lpc11xx.o
LOAD ./example/src/sysinit.o
LOAD C:\Users\Bertus\Documents\LPCXpresso_5.2.6_2137\workspace5\nxp_lpcxpresso_11u14_board_lib\Debug\libnxp_lpcxpresso_11u14_board_lib.a
LOAD C:\Users\Bertus\Documents\LPCXpresso_5.2.6_2137\workspace5\lpc_chip_11uxx_lib\Debug\liblpc_chip_11uxx_lib.a
LOAD C:\Users\Bertus\Documents\LPCXpresso_5.2.6_2137\workspace5\nxp_lpcxpresso_11u14_usblib_device\Debug\libnxp_lpcxpresso_11u14_usblib_device.a
START GROUP
LOAD c:/nxp/lpcxpresso_5.2.6_2137/lpcxpresso/tools/bin/../lib/gcc/arm-none-eabi/4.6.2/../../../../arm-none-eabi/lib/armv6-m\libcr_nohost.a
LOAD c:/nxp/lpcxpresso_5.2.6_2137/lpcxpresso/tools/bin/../lib/gcc/arm-none-eabi/4.6.2/../../../../arm-none-eabi/lib/armv6-m\libcr_c.a
LOAD c:/nxp/lpcxpresso_5.2.6_2137/lpcxpresso/tools/bin/../lib/gcc/arm-none-eabi/4.6.2/armv6-m\libcr_eabihelpers.a
END GROUP
                0x00008000                __top_MFlash32 = 0x8000
                0x10001000                __top_RamLoc4 = 0x10001000
                0x20004800                __top_RamUsb2 = 0x20004800

.text           0x00000000     0x3f8c
 FILL mask 0xff
                0x00000000                __vectors_start__ = ABSOLUTE (.)
 *(.isr_vector)
 .isr_vector    0x00000000       0xc0 ./example/src/cr_startup_lpc11xx.o
                0x00000000                g_pfnVectors
                0x000000c0                . = ALIGN (0x4)
                0x000000c0                __section_table_start = .
                0x000000c0                __data_section_table = .
                0x000000c0        0x4 LONG 0x3f8c LOADADDR (.data)
                0x000000c4        0x4 LONG 0x10000000 ADDR (.data)
                0x000000c8        0x4 LONG 0xb0 SIZEOF (.data)
                0x000000cc        0x4 LONG 0x3f8c LOADADDR (.data_RAM2)
                0x000000d0        0x4 LONG 0x20004000 ADDR (.data_RAM2)
                0x000000d4        0x4 LONG 0x0 SIZEOF (.data_RAM2)
                0x000000d8                __data_section_table_end = .
                0x000000d8                __bss_section_table = .
                0x000000d8        0x4 LONG 0x100000b0 ADDR (.bss)
                0x000000dc        0x4 LONG 0x1d0 SIZEOF (.bss)
                0x000000e0        0x4 LONG 0x20004000 ADDR (.bss_RAM2)
                0x000000e4        0x4 LONG 0x800 SIZEOF (.bss_RAM2)
                0x000000e8                __bss_section_table_end = .
                0x000000e8                __section_table_end = .
 *(.after_vectors*)
 .after_vectors
                0x000000e8      0x134 ./example/src/cr_startup_lpc11xx.o
                0x000000e8                data_init
                0x0000012c                bss_init
                0x00000160                ResetISR
                0x000001ec                NMI_Handler
                0x000001f4                HardFault_Handler
                0x000001fc                SVC_Handler
                0x00000204                PendSV_Handler
                0x0000020c                SysTick_Handler
                0x00000214                TIMER32_1_IRQHandler
                0x00000214                FLEX_INT1_IRQHandler
                0x00000214                IntDefaultHandler
                0x00000214                SSP0_IRQHandler
                0x00000214                UART_IRQHandler
                0x00000214                FLEX_INT7_IRQHandler
                0x00000214                TIMER32_0_IRQHandler
                0x00000214                FLEX_INT0_IRQHandler
                0x00000214                FLEX_INT2_IRQHandler
                0x00000214                TIMER16_1_IRQHandler
                0x00000214                USB_FIQHandler
                0x00000214                FLEX_INT5_IRQHandler
                0x00000214                ADC_IRQHandler
                0x00000214                SSP1_IRQHandler
                0x00000214                FLEX_INT3_IRQHandler
                0x00000214                BOD_IRQHandler
                0x00000214                I2C_IRQHandler
                0x00000214                WDT_IRQHandler
                0x00000214                USBWakeup_IRQHandler
                0x00000214                GINT0_IRQHandler
                0x00000214                FLEX_INT4_IRQHandler
                0x00000214                TIMER16_0_IRQHandler
                0x00000214                FLEX_INT6_IRQHandler
                0x00000214                FMC_IRQHandler
                0x00000214                GINT1_IRQHandler
 *(.text*)
 .text.CALLBACK_USB_GetDescriptor
                0x0000021c       0xe0 ./example/src/Descriptors.o
                0x0000021c                CALLBACK_USB_GetDescriptor
 .text.SetupHardware
                0x000002fc       0x20 ./example/src/VirtualSerial.o
 .text.EchoCharacter
                0x0000031c       0x40 ./example/src/VirtualSerial.o
 .text.main     0x0000035c       0x20 ./example/src/VirtualSerial.o
                0x0000035c                main
 .text.EVENT_USB_Device_ConfigurationChanged
                0x0000037c       0x30 ./example/src/VirtualSerial.o
                0x0000037c                EVENT_USB_Device_ConfigurationChanged
 .text.EVENT_USB_Device_ControlRequest
                0x000003ac       0x14 ./example/src/VirtualSerial.o
                0x000003ac                EVENT_USB_Device_ControlRequest
 .text.SystemInit
                0x000003c0        0xc ./example/src/sysinit.o
                0x000003c0                SystemInit
 .text.Chip_GPIO_SetPinDIROutput
                0x000003cc       0x48 C:\Users\Bertus\Documents\LPCXpresso_5.2.6_2137\workspace5\nxp_lpcxpresso_11u14_board_lib\Debug\libnxp_lpcxpresso_11u14_board_lib.a(board.o)
 .text.__sys_write
                0x00000414       0x18 C:\Users\Bertus\Documents\LPCXpresso_5.2.6_2137\workspace5\nxp_lpcxpresso_11u14_board_lib\Debug\libnxp_lpcxpresso_11u14_board_lib.a(board.o)
                0x00000414                __sys_write
 .text.Board_LED_Init
                0x0000042c       0x18 C:\Users\Bertus\Documents\LPCXpresso_5.2.6_2137\workspace5\nxp_lpcxpresso_11u14_board_lib\Debug\libnxp_lpcxpresso_11u14_board_lib.a(board.o)
 .text.Board_Init
                0x00000444       0x18 C:\Users\Bertus\Documents\LPCXpresso_5.2.6_2137\workspace5\nxp_lpcxpresso_11u14_board_lib\Debug\libnxp_lpcxpresso_11u14_board_lib.a(board.o)
                0x00000444                Board_Init
 .text.Chip_FMC_SetFLASHAccess
                0x0000045c       0x2c C:\Users\Bertus\Documents\LPCXpresso_5.2.6_2137\workspace5\nxp_lpcxpresso_11u14_board_lib\Debug\libnxp_lpcxpresso_11u14_board_lib.a(board_sysinit.o)
 .text.Chip_Clock_SetupSystemPLL
                0x00000488       0x34 C:\Users\Bertus\Documents\LPCXpresso_5.2.6_2137\workspace5\nxp_lpcxpresso_11u14_board_lib\Debug\libnxp_lpcxpresso_11u14_board_lib.a(board_sysinit.o)
 .text.Chip_Clock_IsSystemPLLLocked
                0x000004bc       0x1c C:\Users\Bertus\Documents\LPCXpresso_5.2.6_2137\workspace5\nxp_lpcxpresso_11u14_board_lib\Debug\libnxp_lpcxpresso_11u14_board_lib.a(board_sysinit.o)
 .text.Chip_Clock_SetupUSBPLL
                0x000004d8       0x34 C:\Users\Bertus\Documents\LPCXpresso_5.2.6_2137\workspace5\nxp_lpcxpresso_11u14_board_lib\Debug\libnxp_lpcxpresso_11u14_board_lib.a(board_sysinit.o)
 .text.Chip_Clock_IsUSBPLLLocked
                0x0000050c       0x1c C:\Users\Bertus\Documents\LPCXpresso_5.2.6_2137\workspace5\nxp_lpcxpresso_11u14_board_lib\Debug\libnxp_lpcxpresso_11u14_board_lib.a(board_sysinit.o)
 .text.Chip_Clock_SetSysClockDiv
                0x00000528       0x18 C:\Users\Bertus\Documents\LPCXpresso_5.2.6_2137\workspace5\nxp_lpcxpresso_11u14_board_lib\Debug\libnxp_lpcxpresso_11u14_board_lib.a(board_sysinit.o)
 .text.Chip_Clock_EnablePeriphClock
                0x00000540       0x34 C:\Users\Bertus\Documents\LPCXpresso_5.2.6_2137\workspace5\nxp_lpcxpresso_11u14_board_lib\Debug\libnxp_lpcxpresso_11u14_board_lib.a(board_sysinit.o)
 .text.SystemSetupClocking
                0x00000574       0x8c C:\Users\Bertus\Documents\LPCXpresso_5.2.6_2137\workspace5\nxp_lpcxpresso_11u14_board_lib\Debug\libnxp_lpcxpresso_11u14_board_lib.a(board_sysinit.o)
 .text.SystemSetupMuxing
                0x00000600       0x50 C:\Users\Bertus\Documents\LPCXpresso_5.2.6_2137\workspace5\nxp_lpcxpresso_11u14_board_lib\Debug\libnxp_lpcxpresso_11u14_board_lib.a(board_sysinit.o)
 .text.Board_SystemInit
                0x00000650       0x10 C:\Users\Bertus\Documents\LPCXpresso_5.2.6_2137\workspace5\nxp_lpcxpresso_11u14_board_lib\Debug\libnxp_lpcxpresso_11u14_board_lib.a(board_sysinit.o)
                0x00000650                Board_SystemInit
 .text.SystemCoreClockUpdate
                0x00000660       0x18 C:\Users\Bertus\Documents\LPCXpresso_5.2.6_2137\workspace5\lpc_chip_11uxx_lib\Debug\liblpc_chip_11uxx_lib.a(chip_11xx.o)
                0x00000660                SystemCoreClockUpdate
 .text.Chip_Clock_GetMainOscRate
                0x00000678       0x14 C:\Users\Bertus\Documents\LPCXpresso_5.2.6_2137\workspace5\lpc_chip_11uxx_lib\Debug\liblpc_chip_11uxx_lib.a(clock_11xx.o)
 .text.Chip_Clock_GetIntOscRate
                0x0000068c       0x10 C:\Users\Bertus\Documents\LPCXpresso_5.2.6_2137\workspace5\lpc_chip_11uxx_lib\Debug\liblpc_chip_11uxx_lib.a(clock_11xx.o)
 .text.Chip_Clock_GetWDTLFORate
                0x0000069c       0x48 C:\Users\Bertus\Documents\LPCXpresso_5.2.6_2137\workspace5\lpc_chip_11uxx_lib\Debug\liblpc_chip_11uxx_lib.a(clock_11xx.o)
 .text.Chip_Clock_GetPLLFreq
                0x000006e4       0x24 C:\Users\Bertus\Documents\LPCXpresso_5.2.6_2137\workspace5\lpc_chip_11uxx_lib\Debug\liblpc_chip_11uxx_lib.a(clock_11xx.o)
 .text.Chip_Clock_SetSystemPLLSource
                0x00000708       0x2c C:\Users\Bertus\Documents\LPCXpresso_5.2.6_2137\workspace5\lpc_chip_11uxx_lib\Debug\liblpc_chip_11uxx_lib.a(clock_11xx.o)
                0x00000708                Chip_Clock_SetSystemPLLSource
 .text.Chip_Clock_SetUSBPLLSource
                0x00000734       0x2c C:\Users\Bertus\Documents\LPCXpresso_5.2.6_2137\workspace5\lpc_chip_11uxx_lib\Debug\liblpc_chip_11uxx_lib.a(clock_11xx.o)
                0x00000734                Chip_Clock_SetUSBPLLSource
 .text.Chip_Clock_SetMainClockSource
                0x00000760       0x2c C:\Users\Bertus\Documents\LPCXpresso_5.2.6_2137\workspace5\lpc_chip_11uxx_lib\Debug\liblpc_chip_11uxx_lib.a(clock_11xx.o)
                0x00000760                Chip_Clock_SetMainClockSource
 .text.Chip_Clock_SetUSBClockSource
                0x0000078c       0x3c C:\Users\Bertus\Documents\LPCXpresso_5.2.6_2137\workspace5\lpc_chip_11uxx_lib\Debug\liblpc_chip_11uxx_lib.a(clock_11xx.o)
                0x0000078c                Chip_Clock_SetUSBClockSource
 .text.Chip_Clock_GetWDTOSCRate
                0x000007c8       0x1c C:\Users\Bertus\Documents\LPCXpresso_5.2.6_2137\workspace5\lpc_chip_11uxx_lib\Debug\liblpc_chip_11uxx_lib.a(clock_11xx.o)
                0x000007c8                Chip_Clock_GetWDTOSCRate
 .text.Chip_Clock_GetSystemPLLInClockRate
                0x000007e4       0x40 C:\Users\Bertus\Documents\LPCXpresso_5.2.6_2137\workspace5\lpc_chip_11uxx_lib\Debug\liblpc_chip_11uxx_lib.a(clock_11xx.o)
                0x000007e4                Chip_Clock_GetSystemPLLInClockRate
 .text.Chip_Clock_GetSystemPLLOutClockRate
                0x00000824       0x24 C:\Users\Bertus\Documents\LPCXpresso_5.2.6_2137\workspace5\lpc_chip_11uxx_lib\Debug\liblpc_chip_11uxx_lib.a(clock_11xx.o)
                0x00000824                Chip_Clock_GetSystemPLLOutClockRate
 .text.Chip_Clock_GetMainClockRate
                0x00000848       0x64 C:\Users\Bertus\Documents\LPCXpresso_5.2.6_2137\workspace5\lpc_chip_11uxx_lib\Debug\liblpc_chip_11uxx_lib.a(clock_11xx.o)
                0x00000848                Chip_Clock_GetMainClockRate
 .text.Chip_Clock_GetSystemClockRate
                0x000008ac       0x24 C:\Users\Bertus\Documents\LPCXpresso_5.2.6_2137\workspace5\lpc_chip_11uxx_lib\Debug\liblpc_chip_11uxx_lib.a(clock_11xx.o)
                0x000008ac                Chip_Clock_GetSystemClockRate
 .text.Chip_Clock_EnablePeriphClock
                0x000008d0       0x34 C:\Users\Bertus\Documents\LPCXpresso_5.2.6_2137\workspace5\lpc_chip_11uxx_lib\Debug\liblpc_chip_11uxx_lib.a(gpio_11xx_1.o)
 .text.Chip_GPIO_Init
                0x00000904       0x14 C:\Users\Bertus\Documents\LPCXpresso_5.2.6_2137\workspace5\lpc_chip_11uxx_lib\Debug\liblpc_chip_11uxx_lib.a(gpio_11xx_1.o)
                0x00000904                Chip_GPIO_Init
 .text.Chip_IOCON_PinMuxSet
                0x00000918       0x48 C:\Users\Bertus\Documents\LPCXpresso_5.2.6_2137\workspace5\lpc_chip_11uxx_lib\Debug\liblpc_chip_11uxx_lib.a(iocon_11xx.o)
                0x00000918                Chip_IOCON_PinMuxSet
 .text.Chip_SYSCTL_PowerDown
                0x00000960       0x44 C:\Users\Bertus\Documents\LPCXpresso_5.2.6_2137\workspace5\lpc_chip_11uxx_lib\Debug\liblpc_chip_11uxx_lib.a(sysctl_11xx.o)
                0x00000960                Chip_SYSCTL_PowerDown
 .text.Chip_SYSCTL_PowerUp
                0x000009a4       0x44 C:\Users\Bertus\Documents\LPCXpresso_5.2.6_2137\workspace5\lpc_chip_11uxx_lib\Debug\liblpc_chip_11uxx_lib.a(sysctl_11xx.o)
                0x000009a4                Chip_SYSCTL_PowerUp
 .text.USB_Init
                0x000009e8       0x4c C:\Users\Bertus\Documents\LPCXpresso_5.2.6_2137\workspace5\nxp_lpcxpresso_11u14_usblib_device\Debug\libnxp_lpcxpresso_11u14_usblib_device.a(USBController.o)
                0x000009e8                USB_Init
 .text.USB_ResetInterface
                0x00000a34       0x2c C:\Users\Bertus\Documents\LPCXpresso_5.2.6_2137\workspace5\nxp_lpcxpresso_11u14_usblib_device\Debug\libnxp_lpcxpresso_11u14_usblib_device.a(USBController.o)
                0x00000a34                USB_ResetInterface
 .text.USB_Init_Device
                0x00000a60       0x6c C:\Users\Bertus\Documents\LPCXpresso_5.2.6_2137\workspace5\nxp_lpcxpresso_11u14_usblib_device\Debug\libnxp_lpcxpresso_11u14_usblib_device.a(USBController.o)
 .text.USB_USBTask
                0x00000acc       0x24 C:\Users\Bertus\Documents\LPCXpresso_5.2.6_2137\workspace5\nxp_lpcxpresso_11u14_usblib_device\Debug\libnxp_lpcxpresso_11u14_usblib_device.a(USBTask.o)
                0x00000acc                USB_USBTask
 .text.USB_DeviceTask
                0x00000af0       0xb0 C:\Users\Bertus\Documents\LPCXpresso_5.2.6_2137\workspace5\nxp_lpcxpresso_11u14_usblib_device\Debug\libnxp_lpcxpresso_11u14_usblib_device.a(USBTask.o)
 .text.CDC_Device_ProcessControlRequest
                0x00000ba0      0xdb4 C:\Users\Bertus\Documents\LPCXpresso_5.2.6_2137\workspace5\nxp_lpcxpresso_11u14_usblib_device\Debug\libnxp_lpcxpresso_11u14_usblib_device.a(CDCClassDevice.o)
                0x00000ba0                CDC_Device_ProcessControlRequest
 .text.CDC_Device_ConfigureEndpoints
                0x00001954      0x128 C:\Users\Bertus\Documents\LPCXpresso_5.2.6_2137\workspace5\nxp_lpcxpresso_11u14_usblib_device\Debug\libnxp_lpcxpresso_11u14_usblib_device.a(CDCClassDevice.o)
                0x00001954                CDC_Device_ConfigureEndpoints
 .text.CDC_Device_SendData
                0x00001a7c      0x148 C:\Users\Bertus\Documents\LPCXpresso_5.2.6_2137\workspace5\nxp_lpcxpresso_11u14_usblib_device\Debug\libnxp_lpcxpresso_11u14_usblib_device.a(CDCClassDevice.o)
                0x00001a7c                CDC_Device_SendData
 .text.CDC_Device_BytesReceived
                0x00001bc4      0x1a0 C:\Users\Bertus\Documents\LPCXpresso_5.2.6_2137\workspace5\nxp_lpcxpresso_11u14_usblib_device\Debug\libnxp_lpcxpresso_11u14_usblib_device.a(CDCClassDevice.o)
                0x00001bc4                CDC_Device_BytesReceived
 .text.CDC_Device_ReceiveByte
                0x00001d64      0x278 C:\Users\Bertus\Documents\LPCXpresso_5.2.6_2137\workspace5\nxp_lpcxpresso_11u14_usblib_device\Debug\libnxp_lpcxpresso_11u14_usblib_device.a(CDCClassDevice.o)
                0x00001d64                CDC_Device_ReceiveByte
 .text.CDC_Device_Event_Stub
                0x00001fdc       0x10 C:\Users\Bertus\Documents\LPCXpresso_5.2.6_2137\workspace5\nxp_lpcxpresso_11u14_usblib_device\Debug\libnxp_lpcxpresso_11u14_usblib_device.a(CDCClassDevice.o)
                0x00001fdc                EVENT_CDC_Device_ControLineStateChanged
                0x00001fdc                CDC_Device_Event_Stub
                0x00001fdc                EVENT_CDC_Device_LineEncodingChanged
 .text.CDC_Device_Event_Stub2
                0x00001fec       0x14 C:\Users\Bertus\Documents\LPCXpresso_5.2.6_2137\workspace5\nxp_lpcxpresso_11u14_usblib_device\Debug\libnxp_lpcxpresso_11u14_usblib_device.a(CDCClassDevice.o)
                0x00001fec                CDC_Device_Event_Stub2
                0x00001fec                EVENT_CDC_Device_BreakSent
 .text.NVIC_EnableIRQ
                0x00002000       0x2c C:\Users\Bertus\Documents\LPCXpresso_5.2.6_2137\workspace5\nxp_lpcxpresso_11u14_usblib_device\Debug\libnxp_lpcxpresso_11u14_usblib_device.a(HAL_LPC11Uxx.o)
 .text.Chip_Clock_SetupUSBPLL
                0x0000202c       0x34 C:\Users\Bertus\Documents\LPCXpresso_5.2.6_2137\workspace5\nxp_lpcxpresso_11u14_usblib_device\Debug\libnxp_lpcxpresso_11u14_usblib_device.a(HAL_LPC11Uxx.o)
 .text.Chip_Clock_IsUSBPLLLocked
                0x00002060       0x1c C:\Users\Bertus\Documents\LPCXpresso_5.2.6_2137\workspace5\nxp_lpcxpresso_11u14_usblib_device\Debug\libnxp_lpcxpresso_11u14_usblib_device.a(HAL_LPC11Uxx.o)
 .text.HAL_USBInit
                0x0000207c       0x80 C:\Users\Bertus\Documents\LPCXpresso_5.2.6_2137\workspace5\nxp_lpcxpresso_11u14_usblib_device\Debug\libnxp_lpcxpresso_11u14_usblib_device.a(HAL_LPC11Uxx.o)
                0x0000207c                HAL_USBInit
 .text.HAL_EnableUSBInterrupt
                0x000020fc       0x18 C:\Users\Bertus\Documents\LPCXpresso_5.2.6_2137\workspace5\nxp_lpcxpresso_11u14_usblib_device\Debug\libnxp_lpcxpresso_11u14_usblib_device.a(HAL_LPC11Uxx.o)
                0x000020fc                HAL_EnableUSBInterrupt
 .text.HAL_SetDeviceAddress
                0x00002114       0x3c C:\Users\Bertus\Documents\LPCXpresso_5.2.6_2137\workspace5\nxp_lpcxpresso_11u14_usblib_device\Debug\libnxp_lpcxpresso_11u14_usblib_device.a(HAL_LPC11Uxx.o)
                0x00002114                HAL_SetDeviceAddress
 .text.HAL_USBConnect
                0x00002150       0x40 C:\Users\Bertus\Documents\LPCXpresso_5.2.6_2137\workspace5\nxp_lpcxpresso_11u14_usblib_device\Debug\libnxp_lpcxpresso_11u14_usblib_device.a(HAL_LPC11Uxx.o)
                0x00002150                HAL_USBConnect
 .text.HAL_Reset
                0x00002190       0x80 C:\Users\Bertus\Documents\LPCXpresso_5.2.6_2137\workspace5\nxp_lpcxpresso_11u14_usblib_device\Debug\libnxp_lpcxpresso_11u14_usblib_device.a(Endpoint_LPC11Uxx.o)
                0x00002190                HAL_Reset
 .text.Endpoint_ConfigureEndpointControl
                0x00002210       0x94 C:\Users\Bertus\Documents\LPCXpresso_5.2.6_2137\workspace5\nxp_lpcxpresso_11u14_usblib_device\Debug\libnxp_lpcxpresso_11u14_usblib_device.a(Endpoint_LPC11Uxx.o)
                0x00002210                Endpoint_ConfigureEndpointControl
 .text.Endpoint_ConfigureEndpoint
                0x000022a4       0xe8 C:\Users\Bertus\Documents\LPCXpresso_5.2.6_2137\workspace5\nxp_lpcxpresso_11u14_usblib_device\Debug\libnxp_lpcxpresso_11u14_usblib_device.a(Endpoint_LPC11Uxx.o)
                0x000022a4                Endpoint_ConfigureEndpoint
 .text.DcdDataTransfer
                0x0000238c      0x100 C:\Users\Bertus\Documents\LPCXpresso_5.2.6_2137\workspace5\nxp_lpcxpresso_11u14_usblib_device\Debug\libnxp_lpcxpresso_11u14_usblib_device.a(Endpoint_LPC11Uxx.o)
                0x0000238c                DcdDataTransfer
 .text.Endpoint_GetSetupPackage
                0x0000248c       0x44 C:\Users\Bertus\Documents\LPCXpresso_5.2.6_2137\workspace5\nxp_lpcxpresso_11u14_usblib_device\Debug\libnxp_lpcxpresso_11u14_usblib_device.a(Endpoint_LPC11Uxx.o)
                0x0000248c                Endpoint_GetSetupPackage
 .text.USB_IRQHandler
                0x000024d0      0x2b8 C:\Users\Bertus\Documents\LPCXpresso_5.2.6_2137\workspace5\nxp_lpcxpresso_11u14_usblib_device\Debug\libnxp_lpcxpresso_11u14_usblib_device.a(Endpoint_LPC11Uxx.o)
                0x000024d0                USB_IRQHandler
 .text.USB_Device_ProcessControlRequest
                0x00002788      0x1d0 C:\Users\Bertus\Documents\LPCXpresso_5.2.6_2137\workspace5\nxp_lpcxpresso_11u14_usblib_device\Debug\libnxp_lpcxpresso_11u14_usblib_device.a(DeviceStandardReq.o)
                0x00002788                USB_Device_ProcessControlRequest
 .text.USB_Device_SetAddress
                0x00002958      0x118 C:\Users\Bertus\Documents\LPCXpresso_5.2.6_2137\workspace5\nxp_lpcxpresso_11u14_usblib_device\Debug\libnxp_lpcxpresso_11u14_usblib_device.a(DeviceStandardReq.o)
 .text.USB_Device_SetConfiguration
                0x00002a70       0xac C:\Users\Bertus\Documents\LPCXpresso_5.2.6_2137\workspace5\nxp_lpcxpresso_11u14_usblib_device\Debug\libnxp_lpcxpresso_11u14_usblib_device.a(DeviceStandardReq.o)
 .text.USB_Device_GetConfiguration
                0x00002b1c      0x1b0 C:\Users\Bertus\Documents\LPCXpresso_5.2.6_2137\workspace5\nxp_lpcxpresso_11u14_usblib_device\Debug\libnxp_lpcxpresso_11u14_usblib_device.a(DeviceStandardReq.o)
 .text.USB_Device_GetDescriptor
                0x00002ccc      0x114 C:\Users\Bertus\Documents\LPCXpresso_5.2.6_2137\workspace5\nxp_lpcxpresso_11u14_usblib_device\Debug\libnxp_lpcxpresso_11u14_usblib_device.a(DeviceStandardReq.o)
 .text.USB_Device_GetStatus
                0x00002de0      0x350 C:\Users\Bertus\Documents\LPCXpresso_5.2.6_2137\workspace5\nxp_lpcxpresso_11u14_usblib_device\Debug\libnxp_lpcxpresso_11u14_usblib_device.a(DeviceStandardReq.o)
 .text.USB_Device_ClearSetFeature
                0x00003130      0x1fc C:\Users\Bertus\Documents\LPCXpresso_5.2.6_2137\workspace5\nxp_lpcxpresso_11u14_usblib_device\Debug\libnxp_lpcxpresso_11u14_usblib_device.a(DeviceStandardReq.o)
 .text.Endpoint_ClearStatusStage
                0x0000332c      0x168 C:\Users\Bertus\Documents\LPCXpresso_5.2.6_2137\workspace5\nxp_lpcxpresso_11u14_usblib_device\Debug\libnxp_lpcxpresso_11u14_usblib_device.a(Endpoint.o)
                0x0000332c                Endpoint_ClearStatusStage
 .text.Endpoint_Write_Stream_LE
                0x00003494      0x1a4 C:\Users\Bertus\Documents\LPCXpresso_5.2.6_2137\workspace5\nxp_lpcxpresso_11u14_usblib_device\Debug\libnxp_lpcxpresso_11u14_usblib_device.a(EndpointStream.o)
                0x00003494                Endpoint_Write_Stream_LE
 .text.Endpoint_Write_Control_Stream_LE
                0x00003638      0x124 C:\Users\Bertus\Documents\LPCXpresso_5.2.6_2137\workspace5\nxp_lpcxpresso_11u14_usblib_device\Debug\libnxp_lpcxpresso_11u14_usblib_device.a(EndpointStream.o)
                0x00003638                Endpoint_Write_Control_Stream_LE
 .text.__main   0x0000375c       0x12 c:/nxp/lpcxpresso_5.2.6_2137/lpcxpresso/tools/bin/../lib/gcc/arm-none-eabi/4.6.2/../../../../arm-none-eabi/lib/armv6-m\libcr_nohost.a(_cr__main.o)
                0x0000375c                __main
 .text.memcpy   0x0000376e        0x8 c:/nxp/lpcxpresso_5.2.6_2137/lpcxpresso/tools/bin/../lib/gcc/arm-none-eabi/4.6.2/../../../../arm-none-eabi/lib/armv6-m\libcr_c.a(memcpy.o)
                0x0000376e                memcpy
 .text.memset   0x00003776        0x8 c:/nxp/lpcxpresso_5.2.6_2137/lpcxpresso/tools/bin/../lib/gcc/arm-none-eabi/4.6.2/../../../../arm-none-eabi/lib/armv6-m\libcr_c.a(memset.o)
                0x00003776                memset
 *fill*         0x0000377e        0x2 00
 .text._initio  0x00003780       0xa0 c:/nxp/lpcxpresso_5.2.6_2137/lpcxpresso/tools/bin/../lib/gcc/arm-none-eabi/4.6.2/../../../../arm-none-eabi/lib/armv6-m\libcr_c.a(initio.o)
                0x00003780                _initio
 .text.setvbuf  0x00003820       0x48 c:/nxp/lpcxpresso_5.2.6_2137/lpcxpresso/tools/bin/../lib/gcc/arm-none-eabi/4.6.2/../../../../arm-none-eabi/lib/armv6-m\libcr_c.a(setvbuf.o)
                0x00003820                setvbuf
 .text.strlen   0x00003868       0x58 c:/nxp/lpcxpresso_5.2.6_2137/lpcxpresso/tools/bin/../lib/gcc/arm-none-eabi/4.6.2/../../../../arm-none-eabi/lib/armv6-m\libcr_c.a(strlen.o)
                0x00003868                strlen
 .text._deferredlazyseek
                0x000038c0       0x44 c:/nxp/lpcxpresso_5.2.6_2137/lpcxpresso/tools/bin/../lib/gcc/arm-none-eabi/4.6.2/../../../../arm-none-eabi/lib/armv6-m\libcr_c.a(_deferredlazyseek.o)
                0x000038c0                _deferredlazyseek
 .text._fdopen  0x00003904       0x78 c:/nxp/lpcxpresso_5.2.6_2137/lpcxpresso/tools/bin/../lib/gcc/arm-none-eabi/4.6.2/../../../../arm-none-eabi/lib/armv6-m\libcr_c.a(_fdopen.o)
                0x00003904                _fdopen
 .text._fflush  0x0000397c       0x60 c:/nxp/lpcxpresso_5.2.6_2137/lpcxpresso/tools/bin/../lib/gcc/arm-none-eabi/4.6.2/../../../../arm-none-eabi/lib/armv6-m\libcr_c.a(_fflush.o)
                0x0000397c                _fflush
 .text._Cwritebuf
                0x000039dc       0x6c c:/nxp/lpcxpresso_5.2.6_2137/lpcxpresso/tools/bin/../lib/gcc/arm-none-eabi/4.6.2/../../../../arm-none-eabi/lib/armv6-m\libcr_c.a(_writebuf.o)
                0x000039dc                _Cwritebuf
 .text.malloc   0x00003a48       0xbc c:/nxp/lpcxpresso_5.2.6_2137/lpcxpresso/tools/bin/../lib/gcc/arm-none-eabi/4.6.2/../../../../arm-none-eabi/lib/armv6-m\libcr_c.a(alloc.o)
                0x00003a48                malloc
 .text.free     0x00003b04        0xa c:/nxp/lpcxpresso_5.2.6_2137/lpcxpresso/tools/bin/../lib/gcc/arm-none-eabi/4.6.2/../../../../arm-none-eabi/lib/armv6-m\libcr_c.a(alloc.o)
                0x00003b04                free
 *fill*         0x00003b0e        0x2 00
 .text._Csys_alloc
                0x00003b10       0x20 c:/nxp/lpcxpresso_5.2.6_2137/lpcxpresso/tools/bin/../lib/gcc/arm-none-eabi/4.6.2/../../../../arm-none-eabi/lib/armv6-m\libcr_c.a(alloc.o)
                0x00003b10                _Csys_alloc
 .text.fclose   0x00003b30       0x70 c:/nxp/lpcxpresso_5.2.6_2137/lpcxpresso/tools/bin/../lib/gcc/arm-none-eabi/4.6.2/../../../../arm-none-eabi/lib/armv6-m\libcr_c.a(fclose.o)
                0x00003b30                fclose
 .text.fflush   0x00003ba0       0x38 c:/nxp/lpcxpresso_5.2.6_2137/lpcxpresso/tools/bin/../lib/gcc/arm-none-eabi/4.6.2/../../../../arm-none-eabi/lib/armv6-m\libcr_c.a(fflush.o)
                0x00003ba0                fflush
 .text.fseek    0x00003bd8       0xf0 c:/nxp/lpcxpresso_5.2.6_2137/lpcxpresso/tools/bin/../lib/gcc/arm-none-eabi/4.6.2/../../../../arm-none-eabi/lib/armv6-m\libcr_c.a(fseek.o)
                0x00003bd8                fseek
 .text.ftell    0x00003cc8       0x4c c:/nxp/lpcxpresso_5.2.6_2137/lpcxpresso/tools/bin/../lib/gcc/arm-none-eabi/4.6.2/../../../../arm-none-eabi/lib/armv6-m\libcr_c.a(ftell.o)
                0x00003cc8                ftell
 .text.remove   0x00003d14       0x12 c:/nxp/lpcxpresso_5.2.6_2137/lpcxpresso/tools/bin/../lib/gcc/arm-none-eabi/4.6.2/../../../../arm-none-eabi/lib/armv6-m\libcr_c.a(remove.o)
                0x00003d14                remove
 *fill*         0x00003d26        0x2 00
 .text._do_fflush
                0x00003d28       0x48 c:/nxp/lpcxpresso_5.2.6_2137/lpcxpresso/tools/bin/../lib/gcc/arm-none-eabi/4.6.2/../../../../arm-none-eabi/lib/armv6-m\libcr_c.a(_do_fflush.o)
                0x00003d28                _do_fflush
 .text.__aeabi_division_uidivmod
                0x00003d70       0x72 c:/nxp/lpcxpresso_5.2.6_2137/lpcxpresso/tools/bin/../lib/gcc/arm-none-eabi/4.6.2/armv6-m\libcr_eabihelpers.a(division.o)
                0x00003d70                __aeabi_uidivmod
                0x00003d70                __aeabi_uidiv
 .text.__aeabi_division_idiv0
                0x00003de2        0x2 c:/nxp/lpcxpresso_5.2.6_2137/lpcxpresso/tools/bin/../lib/gcc/arm-none-eabi/4.6.2/armv6-m\libcr_eabihelpers.a(division.o)
                0x00003de2                __aeabi_idiv0
 .text.__aeabi_memcpy
                0x00003de4       0x2c c:/nxp/lpcxpresso_5.2.6_2137/lpcxpresso/tools/bin/../lib/gcc/arm-none-eabi/4.6.2/armv6-m\libcr_eabihelpers.a(memcpy.o)
                0x00003de4                __aeabi_memcpy4
                0x00003de4                __aeabi_memcpy8
                0x00003de4                __aeabi_memcpy
 .text.__aeabi_memset_lowlevel
                0x00003e10       0x2a c:/nxp/lpcxpresso_5.2.6_2137/lpcxpresso/tools/bin/../lib/gcc/arm-none-eabi/4.6.2/armv6-m\libcr_eabihelpers.a(memcpy.o)
                0x00003e10                __aeabi_lowlevel_memset
 .text.__sys_appexit
                0x00003e3a        0x4 c:/nxp/lpcxpresso_5.2.6_2137/lpcxpresso/tools/bin/../lib/gcc/arm-none-eabi/4.6.2/../../../../arm-none-eabi/lib/armv6-m\libcr_nohost.a(__sys_appexit.o)
                0x00003e3a                __sys_appexit
                0x00003e3a                __exit
 .text.__sys_close
                0x00003e3e        0x6 c:/nxp/lpcxpresso_5.2.6_2137/lpcxpresso/tools/bin/../lib/gcc/arm-none-eabi/4.6.2/../../../../arm-none-eabi/lib/armv6-m\libcr_nohost.a(__sys_close.o)
                0x00003e3e                __sys_close
 .text.__sys_flen
                0x00003e44        0x6 c:/nxp/lpcxpresso_5.2.6_2137/lpcxpresso/tools/bin/../lib/gcc/arm-none-eabi/4.6.2/../../../../arm-none-eabi/lib/armv6-m\libcr_nohost.a(__sys_flen.o)
                0x00003e44                __sys_flen
 .text.__sys_istty
                0x00003e4a        0x6 c:/nxp/lpcxpresso_5.2.6_2137/lpcxpresso/tools/bin/../lib/gcc/arm-none-eabi/4.6.2/../../../../arm-none-eabi/lib/armv6-m\libcr_nohost.a(__sys_istty.o)
                0x00003e4a                __sys_istty
 .text.__sys_remove
                0x00003e50        0x6 c:/nxp/lpcxpresso_5.2.6_2137/lpcxpresso/tools/bin/../lib/gcc/arm-none-eabi/4.6.2/../../../../arm-none-eabi/lib/armv6-m\libcr_nohost.a(__sys_remove.o)
                0x00003e50                __sys_remove
 .text.__sys_seek
                0x00003e56        0x6 c:/nxp/lpcxpresso_5.2.6_2137/lpcxpresso/tools/bin/../lib/gcc/arm-none-eabi/4.6.2/../../../../arm-none-eabi/lib/armv6-m\libcr_nohost.a(__sys_seek.o)
                0x00003e56                __sys_seek
 .text.__sys_tmpnam
                0x00003e5c        0x6 c:/nxp/lpcxpresso_5.2.6_2137/lpcxpresso/tools/bin/../lib/gcc/arm-none-eabi/4.6.2/../../../../arm-none-eabi/lib/armv6-m\libcr_nohost.a(__sys_tmpnam.o)
                0x00003e5c                __sys_tmpnam
 *fill*         0x00003e62        0x2 00
 .text._sbrk    0x00003e64       0x40 c:/nxp/lpcxpresso_5.2.6_2137/lpcxpresso/tools/bin/../lib/gcc/arm-none-eabi/4.6.2/../../../../arm-none-eabi/lib/armv6-m\libcr_nohost.a(_cr_sbrk.o)
                0x00003e64                _sbrk
 .text.__check_heap_overflow
                0x00003ea4       0x2c c:/nxp/lpcxpresso_5.2.6_2137/lpcxpresso/tools/bin/../lib/gcc/arm-none-eabi/4.6.2/../../../../arm-none-eabi/lib/armv6-m\libcr_nohost.a(_cr_check_heap.o)
                0x00003ea4                __check_heap_overflow
 *(.rodata .rodata.*)
 .rodata        0x00003ed0       0x10 ./example/src/VirtualSerial.o
 .rodata.OscRateIn
                0x00003ee0        0x4 C:\Users\Bertus\Documents\LPCXpresso_5.2.6_2137\workspace5\nxp_lpcxpresso_11u14_board_lib\Debug\libnxp_lpcxpresso_11u14_board_lib.a(board.o)
                0x00003ee0                OscRateIn
 .rodata.pinmuxing
                0x00003ee4       0x24 C:\Users\Bertus\Documents\LPCXpresso_5.2.6_2137\workspace5\nxp_lpcxpresso_11u14_board_lib\Debug\libnxp_lpcxpresso_11u14_board_lib.a(board_sysinit.o)
 .rodata.wdtOSCRate
                0x00003f08       0x40 C:\Users\Bertus\Documents\LPCXpresso_5.2.6_2137\workspace5\lpc_chip_11uxx_lib\Debug\liblpc_chip_11uxx_lib.a(clock_11xx.o)
 .rodata.USB_Device_ProcessControlRequest
                0x00003f48       0x28 C:\Users\Bertus\Documents\LPCXpresso_5.2.6_2137\workspace5\nxp_lpcxpresso_11u14_usblib_device\Debug\libnxp_lpcxpresso_11u14_usblib_device.a(DeviceStandardReq.o)
 .rodata.str1.1
                0x00003f70        0x4 c:/nxp/lpcxpresso_5.2.6_2137/lpcxpresso/tools/bin/../lib/gcc/arm-none-eabi/4.6.2/../../../../arm-none-eabi/lib/armv6-m\libcr_c.a(initio.o)
 .rodata.str1.1
                0x00003f74       0x18 c:/nxp/lpcxpresso_5.2.6_2137/lpcxpresso/tools/bin/../lib/gcc/arm-none-eabi/4.6.2/../../../../arm-none-eabi/lib/armv6-m\libcr_c.a(alloc.o)
                0x00003f8c                . = ALIGN (0x4)

.glue_7         0x00003f8c        0x0
 .glue_7        0x00000000        0x0 linker stubs

.glue_7t        0x00003f8c        0x0
 .glue_7t       0x00000000        0x0 linker stubs

.vfp11_veneer   0x00003f8c        0x0
 .vfp11_veneer  0x00000000        0x0 linker stubs

.v4_bx          0x00003f8c        0x0
 .v4_bx         0x00000000        0x0 linker stubs

.ARM.extab
 *(.ARM.extab* .gnu.linkonce.armextab.*)
                0x00003f8c                __exidx_start = .

.ARM.exidx
 *(.ARM.exidx* .gnu.linkonce.armexidx.*)
                0x00003f8c                __exidx_end = .
                0x00003f8c                _etext = .

.data_RAM2      0x20004000        0x0 load address 0x00003f8c
 FILL mask 0xff
 *(.data.$RAM2*)
 *(.data.$RamUsb2*)
                0x20004000                . = ALIGN (0x4)

.uninit_RESERVED
                0x10000000        0x0
 *(.bss.$RESERVED*)
                0x10000000                . = ALIGN (0x4)
                0x10000000                _end_uninit_RESERVED = .

.data           0x10000000       0xb0 load address 0x00003f8c
 FILL mask 0xff
                0x10000000                _data = .
 *(vtable)
 *(.data*)
 .data.DeviceDescriptor
                0x10000000       0x14 ./example/src/Descriptors.o
                0x10000000                DeviceDescriptor
 .data.ConfigurationDescriptor
                0x10000014       0x40 ./example/src/Descriptors.o
                0x10000014                ConfigurationDescriptor
 .data.LanguageString
                0x10000054        0x4 ./example/src/Descriptors.o
                0x10000054                LanguageString
 .data.LanguageStringPtr
                0x10000058        0x4 ./example/src/Descriptors.o
                0x10000058                LanguageStringPtr
 .data.ManufacturerString
                0x1000005c        0x8 ./example/src/Descriptors.o
                0x1000005c                ManufacturerString
 .data.ManufacturerStringPtr
                0x10000064        0x4 ./example/src/Descriptors.o
                0x10000064                ManufacturerStringPtr
 .data.ProductString
                0x10000068       0x28 ./example/src/Descriptors.o
                0x10000068                ProductString
 .data.ProductStringPtr
                0x10000090        0x4 ./example/src/Descriptors.o
                0x10000090                ProductStringPtr
 .data.VirtualSerial_CDC_Interface
                0x10000094       0x1c ./example/src/VirtualSerial.o
                0x10000094                VirtualSerial_CDC_Interface
                0x100000b0                . = ALIGN (0x4)
                0x100000b0                _edata = .

.bss_RAM2       0x20004000      0x800
 *(.bss.$RAM2*)
 .bss.$RAM2     0x20004000        0x8 C:\Users\Bertus\Documents\LPCXpresso_5.2.6_2137\workspace5\nxp_lpcxpresso_11u14_usblib_device\Debug\libnxp_lpcxpresso_11u14_usblib_device.a(USBTask.o)
                0x20004000                USB_ControlRequest
 *fill*         0x20004008       0xf8 00
 .bss.$RAM2     0x20004100      0x100 C:\Users\Bertus\Documents\LPCXpresso_5.2.6_2137\workspace5\nxp_lpcxpresso_11u14_usblib_device\Debug\libnxp_lpcxpresso_11u14_usblib_device.a(Endpoint_LPC11Uxx.o)
                0x20004100                EndPointCmdStsList
 .bss.$RAM2     0x20004200      0x600 C:\Users\Bertus\Documents\LPCXpresso_5.2.6_2137\workspace5\nxp_lpcxpresso_11u14_usblib_device\Debug\libnxp_lpcxpresso_11u14_usblib_device.a(Endpoint.o)
                0x20004200                usb_data_buffer
                0x20004400                usb_data_buffer_OUT
                0x20004600                usb_data_buffer_IN
 *(.bss.$RamUsb2*)
                0x20004800                . = ALIGN (0x4)

.bss            0x100000b0      0x1d0
                0x100000b0                _bss = .
 *(.bss*)
 .bss.errno     0x100000b0        0x4 c:/nxp/lpcxpresso_5.2.6_2137/lpcxpresso/tools/bin/../lib/gcc/arm-none-eabi/4.6.2/../../../../arm-none-eabi/lib/armv6-m\libcr_c.a(errno.o)
                0x100000b0                errno
 *(COMMON)
 COMMON         0x100000b4        0x4 C:\Users\Bertus\Documents\LPCXpresso_5.2.6_2137\workspace5\lpc_chip_11uxx_lib\Debug\liblpc_chip_11uxx_lib.a(chip_11xx.o)
                0x100000b4                SystemCoreClock
 COMMON         0x100000b8        0x1 C:\Users\Bertus\Documents\LPCXpresso_5.2.6_2137\workspace5\nxp_lpcxpresso_11u14_usblib_device\Debug\libnxp_lpcxpresso_11u14_usblib_device.a(USBController.o)
                0x100000b8                USB_CurrentMode
 *fill*         0x100000b9        0x3 00
 COMMON         0x100000bc        0x5 C:\Users\Bertus\Documents\LPCXpresso_5.2.6_2137\workspace5\nxp_lpcxpresso_11u14_usblib_device\Debug\libnxp_lpcxpresso_11u14_usblib_device.a(USBTask.o)
                0x100000bc                USB_IsInitialized
                0x100000c0                USB_DeviceState
 *fill*         0x100000c1        0x3 00
 COMMON         0x100000c4       0x45 C:\Users\Bertus\Documents\LPCXpresso_5.2.6_2137\workspace5\nxp_lpcxpresso_11u14_usblib_device\Debug\libnxp_lpcxpresso_11u14_usblib_device.a(Endpoint_LPC11Uxx.o)
                0x100000c4                stream_total_packets
                0x100000c8                Remain_length
                0x100000dc                epout_primed
                0x100000e0                EndpointMaxPacketSize
                0x10000108                shortpacket
 COMMON         0x10000109        0x3 C:\Users\Bertus\Documents\LPCXpresso_5.2.6_2137\workspace5\nxp_lpcxpresso_11u14_usblib_device\Debug\libnxp_lpcxpresso_11u14_usblib_device.a(DeviceStandardReq.o)
                0x10000109                USB_Device_ConfigurationNumber
                0x1000010a                USB_Device_CurrentlySelfPowered
                0x1000010b                USB_Device_RemoteWakeupEnabled
 COMMON         0x1000010c       0x25 C:\Users\Bertus\Documents\LPCXpresso_5.2.6_2137\workspace5\nxp_lpcxpresso_11u14_usblib_device\Debug\libnxp_lpcxpresso_11u14_usblib_device.a(Endpoint.o)
                0x1000010c                usb_data_buffer_OUT_size
                0x10000110                endpointselected
                0x10000114                usb_data_buffer_index
                0x10000118                usb_data_buffer_IN_index
                0x1000011c                usb_data_buffer_size
                0x10000120                usb_data_buffer_OUT_index
                0x10000124                endpointhandle0
                0x1000012c                endpointhandle1
 *fill*         0x10000131        0x3 00
 COMMON         0x10000134        0x4 c:/nxp/lpcxpresso_5.2.6_2137/lpcxpresso/tools/bin/../lib/gcc/arm-none-eabi/4.6.2/../../../../arm-none-eabi/lib/armv6-m\libcr_c.a(initio.o)
                0x10000134                _extra
 COMMON         0x10000138      0x140 c:/nxp/lpcxpresso_5.2.6_2137/lpcxpresso/tools/bin/../lib/gcc/arm-none-eabi/4.6.2/../../../../arm-none-eabi/lib/armv6-m\libcr_c.a(stdio.o)
                0x10000138                __Ciob
 COMMON         0x10000278        0x8 c:/nxp/lpcxpresso_5.2.6_2137/lpcxpresso/tools/bin/../lib/gcc/arm-none-eabi/4.6.2/../../../../arm-none-eabi/lib/armv6-m\libcr_c.a(__init_alloc.o)
                0x10000278                __heaps
                0x1000027c                __end_of_heap
                0x10000280                . = ALIGN (0x4)
                0x10000280                _ebss = .
                0x10000280                PROVIDE (end, .)

.noinit_RAM2    0x20004800        0x0
 *(.noinit.$RAM2*)
 *(.noinit.$RamUsb2*)
                0x20004800                . = ALIGN (0x4)

.noinit         0x10000280        0x0
                0x10000280                _noinit = .
 *(.noinit*)
                0x10000280                . = ALIGN (0x4)
                0x10000280                _end_noinit = .
                0x10000280                PROVIDE (_pvHeapStart, .)
                0x10001000                PROVIDE (_vStackTop, (__top_RamLoc4 - 0x0))
OUTPUT(nxp_lpcxpresso_11u14_lpcusblib_VirtualSerialDevice.axf elf32-littlearm)

.debug_info     0x00000000     0xae5d
 .debug_info    0x00000000      0x345 ./example/src/Lib/UsbRom.o
 .debug_info    0x00000345      0xa57 ./example/src/Descriptors.o
 .debug_info    0x00000d9c      0x5a3 ./example/src/VirtualSerial.o
 .debug_info    0x0000133f      0x271 ./example/src/cr_startup_lpc11xx.o
 .debug_info    0x000015b0       0xc8 ./example/src/sysinit.o
 .debug_info    0x00001678      0x83f C:\Users\Bertus\Documents\LPCXpresso_5.2.6_2137\workspace5\nxp_lpcxpresso_11u14_board_lib\Debug\libnxp_lpcxpresso_11u14_board_lib.a(board.o)
 .debug_info    0x00001eb7      0xa43 C:\Users\Bertus\Documents\LPCXpresso_5.2.6_2137\workspace5\nxp_lpcxpresso_11u14_board_lib\Debug\libnxp_lpcxpresso_11u14_board_lib.a(board_sysinit.o)
 .debug_info    0x000028fa       0xe1 C:\Users\Bertus\Documents\LPCXpresso_5.2.6_2137\workspace5\lpc_chip_11uxx_lib\Debug\liblpc_chip_11uxx_lib.a(chip_11xx.o)
 .debug_info    0x000029db      0x9a6 C:\Users\Bertus\Documents\LPCXpresso_5.2.6_2137\workspace5\lpc_chip_11uxx_lib\Debug\liblpc_chip_11uxx_lib.a(clock_11xx.o)
 .debug_info    0x00003381      0xa47 C:\Users\Bertus\Documents\LPCXpresso_5.2.6_2137\workspace5\lpc_chip_11uxx_lib\Debug\liblpc_chip_11uxx_lib.a(gpio_11xx_1.o)
 .debug_info    0x00003dc8      0x169 C:\Users\Bertus\Documents\LPCXpresso_5.2.6_2137\workspace5\lpc_chip_11uxx_lib\Debug\liblpc_chip_11uxx_lib.a(iocon_11xx.o)
 .debug_info    0x00003f31      0x62f C:\Users\Bertus\Documents\LPCXpresso_5.2.6_2137\workspace5\lpc_chip_11uxx_lib\Debug\liblpc_chip_11uxx_lib.a(sysctl_11xx.o)
 .debug_info    0x00004560      0xfd4 C:\Users\Bertus\Documents\LPCXpresso_5.2.6_2137\workspace5\lpc_chip_11uxx_lib\Debug\liblpc_chip_11uxx_lib.a(uart_11xx.o)
 .debug_info    0x00005534      0x372 C:\Users\Bertus\Documents\LPCXpresso_5.2.6_2137\workspace5\lpc_chip_11uxx_lib\Debug\liblpc_chip_11uxx_lib.a(ring_buffer.o)
 .debug_info    0x000058a6      0x521 C:\Users\Bertus\Documents\LPCXpresso_5.2.6_2137\workspace5\nxp_lpcxpresso_11u14_usblib_device\Debug\libnxp_lpcxpresso_11u14_usblib_device.a(USBController.o)
 .debug_info    0x00005dc7      0x661 C:\Users\Bertus\Documents\LPCXpresso_5.2.6_2137\workspace5\nxp_lpcxpresso_11u14_usblib_device\Debug\libnxp_lpcxpresso_11u14_usblib_device.a(USBTask.o)
 .debug_info    0x00006428     0x1460 C:\Users\Bertus\Documents\LPCXpresso_5.2.6_2137\workspace5\nxp_lpcxpresso_11u14_usblib_device\Debug\libnxp_lpcxpresso_11u14_usblib_device.a(CDCClassDevice.o)
 .debug_info    0x00007888      0xd00 C:\Users\Bertus\Documents\LPCXpresso_5.2.6_2137\workspace5\nxp_lpcxpresso_11u14_usblib_device\Debug\libnxp_lpcxpresso_11u14_usblib_device.a(HAL_LPC11Uxx.o)
 .debug_info    0x00008588      0xb35 C:\Users\Bertus\Documents\LPCXpresso_5.2.6_2137\workspace5\nxp_lpcxpresso_11u14_usblib_device\Debug\libnxp_lpcxpresso_11u14_usblib_device.a(Endpoint_LPC11Uxx.o)
 .debug_info    0x000090bd      0xd01 C:\Users\Bertus\Documents\LPCXpresso_5.2.6_2137\workspace5\nxp_lpcxpresso_11u14_usblib_device\Debug\libnxp_lpcxpresso_11u14_usblib_device.a(DeviceStandardReq.o)
 .debug_info    0x00009dbe      0x655 C:\Users\Bertus\Documents\LPCXpresso_5.2.6_2137\workspace5\nxp_lpcxpresso_11u14_usblib_device\Debug\libnxp_lpcxpresso_11u14_usblib_device.a(Endpoint.o)
 .debug_info    0x0000a413      0xa4a C:\Users\Bertus\Documents\LPCXpresso_5.2.6_2137\workspace5\nxp_lpcxpresso_11u14_usblib_device\Debug\libnxp_lpcxpresso_11u14_usblib_device.a(EndpointStream.o)

.debug_abbrev   0x00000000     0x1f8c
 .debug_abbrev  0x00000000       0xa9 ./example/src/Lib/UsbRom.o
 .debug_abbrev  0x000000a9      0x158 ./example/src/Descriptors.o
 .debug_abbrev  0x00000201      0x177 ./example/src/VirtualSerial.o
 .debug_abbrev  0x00000378       0xd8 ./example/src/cr_startup_lpc11xx.o
 .debug_abbrev  0x00000450       0x68 ./example/src/sysinit.o
 .debug_abbrev  0x000004b8      0x1f8 C:\Users\Bertus\Documents\LPCXpresso_5.2.6_2137\workspace5\nxp_lpcxpresso_11u14_board_lib\Debug\libnxp_lpcxpresso_11u14_board_lib.a(board.o)
 .debug_abbrev  0x000006b0      0x199 C:\Users\Bertus\Documents\LPCXpresso_5.2.6_2137\workspace5\nxp_lpcxpresso_11u14_board_lib\Debug\libnxp_lpcxpresso_11u14_board_lib.a(board_sysinit.o)
 .debug_abbrev  0x00000849       0x8a C:\Users\Bertus\Documents\LPCXpresso_5.2.6_2137\workspace5\lpc_chip_11uxx_lib\Debug\liblpc_chip_11uxx_lib.a(chip_11xx.o)
 .debug_abbrev  0x000008d3      0x182 C:\Users\Bertus\Documents\LPCXpresso_5.2.6_2137\workspace5\lpc_chip_11uxx_lib\Debug\liblpc_chip_11uxx_lib.a(clock_11xx.o)
 .debug_abbrev  0x00000a55      0x133 C:\Users\Bertus\Documents\LPCXpresso_5.2.6_2137\workspace5\lpc_chip_11uxx_lib\Debug\liblpc_chip_11uxx_lib.a(gpio_11xx_1.o)
 .debug_abbrev  0x00000b88       0xc6 C:\Users\Bertus\Documents\LPCXpresso_5.2.6_2137\workspace5\lpc_chip_11uxx_lib\Debug\liblpc_chip_11uxx_lib.a(iocon_11xx.o)
 .debug_abbrev  0x00000c4e       0xbd C:\Users\Bertus\Documents\LPCXpresso_5.2.6_2137\workspace5\lpc_chip_11uxx_lib\Debug\liblpc_chip_11uxx_lib.a(sysctl_11xx.o)
 .debug_abbrev  0x00000d0b      0x1e4 C:\Users\Bertus\Documents\LPCXpresso_5.2.6_2137\workspace5\lpc_chip_11uxx_lib\Debug\liblpc_chip_11uxx_lib.a(uart_11xx.o)
 .debug_abbrev  0x00000eef       0xef C:\Users\Bertus\Documents\LPCXpresso_5.2.6_2137\workspace5\lpc_chip_11uxx_lib\Debug\liblpc_chip_11uxx_lib.a(ring_buffer.o)
 .debug_abbrev  0x00000fde      0x11e C:\Users\Bertus\Documents\LPCXpresso_5.2.6_2137\workspace5\nxp_lpcxpresso_11u14_usblib_device\Debug\libnxp_lpcxpresso_11u14_usblib_device.a(USBController.o)
 .debug_abbrev  0x000010fc      0x1b7 C:\Users\Bertus\Documents\LPCXpresso_5.2.6_2137\workspace5\nxp_lpcxpresso_11u14_usblib_device\Debug\libnxp_lpcxpresso_11u14_usblib_device.a(USBTask.o)
 .debug_abbrev  0x000012b3      0x296 C:\Users\Bertus\Documents\LPCXpresso_5.2.6_2137\workspace5\nxp_lpcxpresso_11u14_usblib_device\Debug\libnxp_lpcxpresso_11u14_usblib_device.a(CDCClassDevice.o)
 .debug_abbrev  0x00001549      0x1a9 C:\Users\Bertus\Documents\LPCXpresso_5.2.6_2137\workspace5\nxp_lpcxpresso_11u14_usblib_device\Debug\libnxp_lpcxpresso_11u14_usblib_device.a(HAL_LPC11Uxx.o)
 .debug_abbrev  0x000016f2      0x231 C:\Users\Bertus\Documents\LPCXpresso_5.2.6_2137\workspace5\nxp_lpcxpresso_11u14_usblib_device\Debug\libnxp_lpcxpresso_11u14_usblib_device.a(Endpoint_LPC11Uxx.o)
 .debug_abbrev  0x00001923      0x28f C:\Users\Bertus\Documents\LPCXpresso_5.2.6_2137\workspace5\nxp_lpcxpresso_11u14_usblib_device\Debug\libnxp_lpcxpresso_11u14_usblib_device.a(DeviceStandardReq.o)
 .debug_abbrev  0x00001bb2      0x1f2 C:\Users\Bertus\Documents\LPCXpresso_5.2.6_2137\workspace5\nxp_lpcxpresso_11u14_usblib_device\Debug\libnxp_lpcxpresso_11u14_usblib_device.a(Endpoint.o)
 .debug_abbrev  0x00001da4      0x1e8 C:\Users\Bertus\Documents\LPCXpresso_5.2.6_2137\workspace5\nxp_lpcxpresso_11u14_usblib_device\Debug\libnxp_lpcxpresso_11u14_usblib_device.a(EndpointStream.o)

.debug_line     0x00000000     0xdb61
 .debug_line    0x00000000     0x144b ./example/src/Lib/UsbRom.o
 .debug_line    0x0000144b     0x1429 ./example/src/Descriptors.o
 .debug_line    0x00002874     0x1480 ./example/src/VirtualSerial.o
 .debug_line    0x00003cf4      0x12e ./example/src/cr_startup_lpc11xx.o
 .debug_line    0x00003e22      0x5a9 ./example/src/sysinit.o
 .debug_line    0x000043cb      0x78c C:\Users\Bertus\Documents\LPCXpresso_5.2.6_2137\workspace5\nxp_lpcxpresso_11u14_board_lib\Debug\libnxp_lpcxpresso_11u14_board_lib.a(board.o)
 .debug_line    0x00004b57      0x6b7 C:\Users\Bertus\Documents\LPCXpresso_5.2.6_2137\workspace5\nxp_lpcxpresso_11u14_board_lib\Debug\libnxp_lpcxpresso_11u14_board_lib.a(board_sysinit.o)
 .debug_line    0x0000520e      0x515 C:\Users\Bertus\Documents\LPCXpresso_5.2.6_2137\workspace5\lpc_chip_11uxx_lib\Debug\liblpc_chip_11uxx_lib.a(chip_11xx.o)
 .debug_line    0x00005723      0x684 C:\Users\Bertus\Documents\LPCXpresso_5.2.6_2137\workspace5\lpc_chip_11uxx_lib\Debug\liblpc_chip_11uxx_lib.a(clock_11xx.o)
 .debug_line    0x00005da7      0x600 C:\Users\Bertus\Documents\LPCXpresso_5.2.6_2137\workspace5\lpc_chip_11uxx_lib\Debug\liblpc_chip_11uxx_lib.a(gpio_11xx_1.o)
 .debug_line    0x000063a7      0x518 C:\Users\Bertus\Documents\LPCXpresso_5.2.6_2137\workspace5\lpc_chip_11uxx_lib\Debug\liblpc_chip_11uxx_lib.a(iocon_11xx.o)
 .debug_line    0x000068bf      0x552 C:\Users\Bertus\Documents\LPCXpresso_5.2.6_2137\workspace5\lpc_chip_11uxx_lib\Debug\liblpc_chip_11uxx_lib.a(sysctl_11xx.o)
 .debug_line    0x00006e11      0x79d C:\Users\Bertus\Documents\LPCXpresso_5.2.6_2137\workspace5\lpc_chip_11uxx_lib\Debug\liblpc_chip_11uxx_lib.a(uart_11xx.o)
 .debug_line    0x000075ae      0x490 C:\Users\Bertus\Documents\LPCXpresso_5.2.6_2137\workspace5\lpc_chip_11uxx_lib\Debug\liblpc_chip_11uxx_lib.a(ring_buffer.o)
 .debug_line    0x00007a3e      0x9ce C:\Users\Bertus\Documents\LPCXpresso_5.2.6_2137\workspace5\nxp_lpcxpresso_11u14_usblib_device\Debug\libnxp_lpcxpresso_11u14_usblib_device.a(USBController.o)
 .debug_line    0x0000840c      0x9c0 C:\Users\Bertus\Documents\LPCXpresso_5.2.6_2137\workspace5\nxp_lpcxpresso_11u14_usblib_device\Debug\libnxp_lpcxpresso_11u14_usblib_device.a(USBTask.o)
 .debug_line    0x00008dcc     0x1388 C:\Users\Bertus\Documents\LPCXpresso_5.2.6_2137\workspace5\nxp_lpcxpresso_11u14_usblib_device\Debug\libnxp_lpcxpresso_11u14_usblib_device.a(CDCClassDevice.o)
 .debug_line    0x0000a154      0xb46 C:\Users\Bertus\Documents\LPCXpresso_5.2.6_2137\workspace5\nxp_lpcxpresso_11u14_usblib_device\Debug\libnxp_lpcxpresso_11u14_usblib_device.a(HAL_LPC11Uxx.o)
 .debug_line    0x0000ac9a      0xd39 C:\Users\Bertus\Documents\LPCXpresso_5.2.6_2137\workspace5\nxp_lpcxpresso_11u14_usblib_device\Debug\libnxp_lpcxpresso_11u14_usblib_device.a(Endpoint_LPC11Uxx.o)
 .debug_line    0x0000b9d3      0xbe2 C:\Users\Bertus\Documents\LPCXpresso_5.2.6_2137\workspace5\nxp_lpcxpresso_11u14_usblib_device\Debug\libnxp_lpcxpresso_11u14_usblib_device.a(DeviceStandardReq.o)
 .debug_line    0x0000c5b5      0xa23 C:\Users\Bertus\Documents\LPCXpresso_5.2.6_2137\workspace5\nxp_lpcxpresso_11u14_usblib_device\Debug\libnxp_lpcxpresso_11u14_usblib_device.a(Endpoint.o)
 .debug_line    0x0000cfd8      0xb89 C:\Users\Bertus\Documents\LPCXpresso_5.2.6_2137\workspace5\nxp_lpcxpresso_11u14_usblib_device\Debug\libnxp_lpcxpresso_11u14_usblib_device.a(EndpointStream.o)

.debug_macinfo  0x00000000    0xdc4d3
 .debug_macinfo
                0x00000000    0x1071b ./example/src/Lib/UsbRom.o
 .debug_macinfo
                0x0001071b    0x105e6 ./example/src/Descriptors.o
 .debug_macinfo
                0x00020d01    0x10766 ./example/src/VirtualSerial.o
 .debug_macinfo
                0x00031467     0x22bd ./example/src/cr_startup_lpc11xx.o
 .debug_macinfo
                0x00033724     0x8868 ./example/src/sysinit.o
 .debug_macinfo
                0x0003bf8c     0x89d2 C:\Users\Bertus\Documents\LPCXpresso_5.2.6_2137\workspace5\nxp_lpcxpresso_11u14_board_lib\Debug\libnxp_lpcxpresso_11u14_board_lib.a(board.o)
 .debug_macinfo
                0x0004495e     0x8848 C:\Users\Bertus\Documents\LPCXpresso_5.2.6_2137\workspace5\nxp_lpcxpresso_11u14_board_lib\Debug\libnxp_lpcxpresso_11u14_board_lib.a(board_sysinit.o)
 .debug_macinfo
                0x0004d1a6     0x841a C:\Users\Bertus\Documents\LPCXpresso_5.2.6_2137\workspace5\lpc_chip_11uxx_lib\Debug\liblpc_chip_11uxx_lib.a(chip_11xx.o)
 .debug_macinfo
                0x000555c0     0x841a C:\Users\Bertus\Documents\LPCXpresso_5.2.6_2137\workspace5\lpc_chip_11uxx_lib\Debug\liblpc_chip_11uxx_lib.a(clock_11xx.o)
 .debug_macinfo
                0x0005d9da     0x841a C:\Users\Bertus\Documents\LPCXpresso_5.2.6_2137\workspace5\lpc_chip_11uxx_lib\Debug\liblpc_chip_11uxx_lib.a(gpio_11xx_1.o)
 .debug_macinfo
                0x00065df4     0x841a C:\Users\Bertus\Documents\LPCXpresso_5.2.6_2137\workspace5\lpc_chip_11uxx_lib\Debug\liblpc_chip_11uxx_lib.a(iocon_11xx.o)
 .debug_macinfo
                0x0006e20e     0x8522 C:\Users\Bertus\Documents\LPCXpresso_5.2.6_2137\workspace5\lpc_chip_11uxx_lib\Debug\liblpc_chip_11uxx_lib.a(sysctl_11xx.o)
 .debug_macinfo
                0x00076730     0x841a C:\Users\Bertus\Documents\LPCXpresso_5.2.6_2137\workspace5\lpc_chip_11uxx_lib\Debug\liblpc_chip_11uxx_lib.a(uart_11xx.o)
 .debug_macinfo
                0x0007eb4a     0x3fbb C:\Users\Bertus\Documents\LPCXpresso_5.2.6_2137\workspace5\lpc_chip_11uxx_lib\Debug\liblpc_chip_11uxx_lib.a(ring_buffer.o)
 .debug_macinfo
                0x00082b05     0xa781 C:\Users\Bertus\Documents\LPCXpresso_5.2.6_2137\workspace5\nxp_lpcxpresso_11u14_usblib_device\Debug\libnxp_lpcxpresso_11u14_usblib_device.a(USBController.o)
 .debug_macinfo
                0x0008d286     0xa77a C:\Users\Bertus\Documents\LPCXpresso_5.2.6_2137\workspace5\nxp_lpcxpresso_11u14_usblib_device\Debug\libnxp_lpcxpresso_11u14_usblib_device.a(USBTask.o)
 .debug_macinfo
                0x00097a00    0x105af C:\Users\Bertus\Documents\LPCXpresso_5.2.6_2137\workspace5\nxp_lpcxpresso_11u14_usblib_device\Debug\libnxp_lpcxpresso_11u14_usblib_device.a(CDCClassDevice.o)
 .debug_macinfo
                0x000a7faf     0xa748 C:\Users\Bertus\Documents\LPCXpresso_5.2.6_2137\workspace5\nxp_lpcxpresso_11u14_usblib_device\Debug\libnxp_lpcxpresso_11u14_usblib_device.a(HAL_LPC11Uxx.o)
 .debug_macinfo
                0x000b26f7     0xa799 C:\Users\Bertus\Documents\LPCXpresso_5.2.6_2137\workspace5\nxp_lpcxpresso_11u14_usblib_device\Debug\libnxp_lpcxpresso_11u14_usblib_device.a(Endpoint_LPC11Uxx.o)
 .debug_macinfo
                0x000bce90     0xa77f C:\Users\Bertus\Documents\LPCXpresso_5.2.6_2137\workspace5\nxp_lpcxpresso_11u14_usblib_device\Debug\libnxp_lpcxpresso_11u14_usblib_device.a(DeviceStandardReq.o)
 .debug_macinfo
                0x000c760f     0xa762 C:\Users\Bertus\Documents\LPCXpresso_5.2.6_2137\workspace5\nxp_lpcxpresso_11u14_usblib_device\Debug\libnxp_lpcxpresso_11u14_usblib_device.a(Endpoint.o)
 .debug_macinfo
                0x000d1d71     0xa762 C:\Users\Bertus\Documents\LPCXpresso_5.2.6_2137\workspace5\nxp_lpcxpresso_11u14_usblib_device\Debug\libnxp_lpcxpresso_11u14_usblib_device.a(EndpointStream.o)

.debug_str      0x00000000     0x382b
 .debug_str     0x00000000      0x2b1 ./example/src/Lib/UsbRom.o
                                0x2fd (size before relaxing)
 .debug_str     0x000002b1      0x908 ./example/src/Descriptors.o
                                0xc48 (size before relaxing)
 .debug_str     0x00000bb9      0x27e ./example/src/VirtualSerial.o
                                0x579 (size before relaxing)
 .debug_str     0x00000e37      0x138 ./example/src/cr_startup_lpc11xx.o
                                0x213 (size before relaxing)
 .debug_str     0x00000f6f       0x19 ./example/src/sysinit.o
                                0x18a (size before relaxing)
 .debug_str     0x00000f88      0x2f4 C:\Users\Bertus\Documents\LPCXpresso_5.2.6_2137\workspace5\nxp_lpcxpresso_11u14_board_lib\Debug\libnxp_lpcxpresso_11u14_board_lib.a(board.o)
                                0x3f8 (size before relaxing)
 .debug_str     0x0000127c      0x7e9 C:\Users\Bertus\Documents\LPCXpresso_5.2.6_2137\workspace5\nxp_lpcxpresso_11u14_board_lib\Debug\libnxp_lpcxpresso_11u14_board_lib.a(board_sysinit.o)
                                0x972 (size before relaxing)
 .debug_str     0x00001a65       0x8d C:\Users\Bertus\Documents\LPCXpresso_5.2.6_2137\workspace5\lpc_chip_11uxx_lib\Debug\liblpc_chip_11uxx_lib.a(chip_11xx.o)
                                0x16d (size before relaxing)
 .debug_str     0x00001af2      0x48e C:\Users\Bertus\Documents\LPCXpresso_5.2.6_2137\workspace5\lpc_chip_11uxx_lib\Debug\liblpc_chip_11uxx_lib.a(clock_11xx.o)
                                0x978 (size before relaxing)
 .debug_str     0x00001f80       0xff C:\Users\Bertus\Documents\LPCXpresso_5.2.6_2137\workspace5\lpc_chip_11uxx_lib\Debug\liblpc_chip_11uxx_lib.a(gpio_11xx_1.o)
                                0x7d6 (size before relaxing)
 .debug_str     0x0000207f       0x30 C:\Users\Bertus\Documents\LPCXpresso_5.2.6_2137\workspace5\lpc_chip_11uxx_lib\Debug\liblpc_chip_11uxx_lib.a(iocon_11xx.o)
                                0x190 (size before relaxing)
 .debug_str     0x000020af       0xa5 C:\Users\Bertus\Documents\LPCXpresso_5.2.6_2137\workspace5\lpc_chip_11uxx_lib\Debug\liblpc_chip_11uxx_lib.a(sysctl_11xx.o)
                                0x481 (size before relaxing)
 .debug_str     0x00002154      0x297 C:\Users\Bertus\Documents\LPCXpresso_5.2.6_2137\workspace5\lpc_chip_11uxx_lib\Debug\liblpc_chip_11uxx_lib.a(uart_11xx.o)
                                0x9d1 (size before relaxing)
 .debug_str     0x000023eb       0xbb C:\Users\Bertus\Documents\LPCXpresso_5.2.6_2137\workspace5\lpc_chip_11uxx_lib\Debug\liblpc_chip_11uxx_lib.a(ring_buffer.o)
                                0x231 (size before relaxing)
 .debug_str     0x000024a6      0x1f3 C:\Users\Bertus\Documents\LPCXpresso_5.2.6_2137\workspace5\nxp_lpcxpresso_11u14_usblib_device\Debug\libnxp_lpcxpresso_11u14_usblib_device.a(USBController.o)
                                0x4ad (size before relaxing)
 .debug_str     0x00002699      0x152 C:\Users\Bertus\Documents\LPCXpresso_5.2.6_2137\workspace5\nxp_lpcxpresso_11u14_usblib_device\Debug\libnxp_lpcxpresso_11u14_usblib_device.a(USBTask.o)
                                0x505 (size before relaxing)
 .debug_str     0x000027eb      0x54d C:\Users\Bertus\Documents\LPCXpresso_5.2.6_2137\workspace5\nxp_lpcxpresso_11u14_usblib_device\Debug\libnxp_lpcxpresso_11u14_usblib_device.a(CDCClassDevice.o)
                                0xba3 (size before relaxing)
 .debug_str     0x00002d38      0x2f7 C:\Users\Bertus\Documents\LPCXpresso_5.2.6_2137\workspace5\nxp_lpcxpresso_11u14_usblib_device\Debug\libnxp_lpcxpresso_11u14_usblib_device.a(HAL_LPC11Uxx.o)
                                0xa1b (size before relaxing)
 .debug_str     0x0000302f      0x169 C:\Users\Bertus\Documents\LPCXpresso_5.2.6_2137\workspace5\nxp_lpcxpresso_11u14_usblib_device\Debug\libnxp_lpcxpresso_11u14_usblib_device.a(Endpoint_LPC11Uxx.o)
                                0x637 (size before relaxing)
 .debug_str     0x00003198      0x391 C:\Users\Bertus\Documents\LPCXpresso_5.2.6_2137\workspace5\nxp_lpcxpresso_11u14_usblib_device\Debug\libnxp_lpcxpresso_11u14_usblib_device.a(DeviceStandardReq.o)
                                0x8f7 (size before relaxing)
 .debug_str     0x00003529       0xe7 C:\Users\Bertus\Documents\LPCXpresso_5.2.6_2137\workspace5\nxp_lpcxpresso_11u14_usblib_device\Debug\libnxp_lpcxpresso_11u14_usblib_device.a(Endpoint.o)
                                0x526 (size before relaxing)
 .debug_str     0x00003610      0x21b C:\Users\Bertus\Documents\LPCXpresso_5.2.6_2137\workspace5\nxp_lpcxpresso_11u14_usblib_device\Debug\libnxp_lpcxpresso_11u14_usblib_device.a(EndpointStream.o)
                                0x69f (size before relaxing)

.comment        0x00000000       0xe0
 .comment       0x00000000       0x70 ./example/src/Lib/UsbRom.o
                                 0x71 (size before relaxing)
 .comment       0x00000000       0x71 ./example/src/Descriptors.o
 .comment       0x00000000       0x71 ./example/src/VirtualSerial.o
 .comment       0x00000000       0x71 ./example/src/cr_startup_lpc11xx.o
 .comment       0x00000000       0x71 ./example/src/sysinit.o
 .comment       0x00000000       0x71 C:\Users\Bertus\Documents\LPCXpresso_5.2.6_2137\workspace5\nxp_lpcxpresso_11u14_board_lib\Debug\libnxp_lpcxpresso_11u14_board_lib.a(board.o)
 .comment       0x00000000       0x71 C:\Users\Bertus\Documents\LPCXpresso_5.2.6_2137\workspace5\nxp_lpcxpresso_11u14_board_lib\Debug\libnxp_lpcxpresso_11u14_board_lib.a(board_sysinit.o)
 .comment       0x00000000       0x71 C:\Users\Bertus\Documents\LPCXpresso_5.2.6_2137\workspace5\lpc_chip_11uxx_lib\Debug\liblpc_chip_11uxx_lib.a(chip_11xx.o)
 .comment       0x00000000       0x71 C:\Users\Bertus\Documents\LPCXpresso_5.2.6_2137\workspace5\lpc_chip_11uxx_lib\Debug\liblpc_chip_11uxx_lib.a(clock_11xx.o)
 .comment       0x00000000       0x71 C:\Users\Bertus\Documents\LPCXpresso_5.2.6_2137\workspace5\lpc_chip_11uxx_lib\Debug\liblpc_chip_11uxx_lib.a(gpio_11xx_1.o)
 .comment       0x00000000       0x71 C:\Users\Bertus\Documents\LPCXpresso_5.2.6_2137\workspace5\lpc_chip_11uxx_lib\Debug\liblpc_chip_11uxx_lib.a(iocon_11xx.o)
 .comment       0x00000000       0x71 C:\Users\Bertus\Documents\LPCXpresso_5.2.6_2137\workspace5\lpc_chip_11uxx_lib\Debug\liblpc_chip_11uxx_lib.a(sysctl_11xx.o)
 .comment       0x00000000       0x71 C:\Users\Bertus\Documents\LPCXpresso_5.2.6_2137\workspace5\lpc_chip_11uxx_lib\Debug\liblpc_chip_11uxx_lib.a(uart_11xx.o)
 .comment       0x00000000       0x71 C:\Users\Bertus\Documents\LPCXpresso_5.2.6_2137\workspace5\lpc_chip_11uxx_lib\Debug\liblpc_chip_11uxx_lib.a(ring_buffer.o)
 .comment       0x00000000       0x71 C:\Users\Bertus\Documents\LPCXpresso_5.2.6_2137\workspace5\nxp_lpcxpresso_11u14_usblib_device\Debug\libnxp_lpcxpresso_11u14_usblib_device.a(USBController.o)
 .comment       0x00000000       0x71 C:\Users\Bertus\Documents\LPCXpresso_5.2.6_2137\workspace5\nxp_lpcxpresso_11u14_usblib_device\Debug\libnxp_lpcxpresso_11u14_usblib_device.a(USBTask.o)
 .comment       0x00000000       0x71 C:\Users\Bertus\Documents\LPCXpresso_5.2.6_2137\workspace5\nxp_lpcxpresso_11u14_usblib_device\Debug\libnxp_lpcxpresso_11u14_usblib_device.a(CDCClassDevice.o)
 .comment       0x00000000       0x71 C:\Users\Bertus\Documents\LPCXpresso_5.2.6_2137\workspace5\nxp_lpcxpresso_11u14_usblib_device\Debug\libnxp_lpcxpresso_11u14_usblib_device.a(HAL_LPC11Uxx.o)
 .comment       0x00000000       0x71 C:\Users\Bertus\Documents\LPCXpresso_5.2.6_2137\workspace5\nxp_lpcxpresso_11u14_usblib_device\Debug\libnxp_lpcxpresso_11u14_usblib_device.a(Endpoint_LPC11Uxx.o)
 .comment       0x00000000       0x71 C:\Users\Bertus\Documents\LPCXpresso_5.2.6_2137\workspace5\nxp_lpcxpresso_11u14_usblib_device\Debug\libnxp_lpcxpresso_11u14_usblib_device.a(DeviceStandardReq.o)
 .comment       0x00000000       0x71 C:\Users\Bertus\Documents\LPCXpresso_5.2.6_2137\workspace5\nxp_lpcxpresso_11u14_usblib_device\Debug\libnxp_lpcxpresso_11u14_usblib_device.a(Endpoint.o)
 .comment       0x00000000       0x71 C:\Users\Bertus\Documents\LPCXpresso_5.2.6_2137\workspace5\nxp_lpcxpresso_11u14_usblib_device\Debug\libnxp_lpcxpresso_11u14_usblib_device.a(EndpointStream.o)
 .comment       0x00000070       0x70 c:/nxp/lpcxpresso_5.2.6_2137/lpcxpresso/tools/bin/../lib/gcc/arm-none-eabi/4.6.2/../../../../arm-none-eabi/lib/armv6-m\libcr_nohost.a(_cr__main.o)
                                 0x71 (size before relaxing)
 .comment       0x00000000       0x71 c:/nxp/lpcxpresso_5.2.6_2137/lpcxpresso/tools/bin/../lib/gcc/arm-none-eabi/4.6.2/../../../../arm-none-eabi/lib/armv6-m\libcr_c.a(memcpy.o)
 .comment       0x00000000       0x71 c:/nxp/lpcxpresso_5.2.6_2137/lpcxpresso/tools/bin/../lib/gcc/arm-none-eabi/4.6.2/../../../../arm-none-eabi/lib/armv6-m\libcr_c.a(memset.o)
 .comment       0x00000000       0x71 c:/nxp/lpcxpresso_5.2.6_2137/lpcxpresso/tools/bin/../lib/gcc/arm-none-eabi/4.6.2/../../../../arm-none-eabi/lib/armv6-m\libcr_c.a(initio.o)
 .comment       0x00000000       0x71 c:/nxp/lpcxpresso_5.2.6_2137/lpcxpresso/tools/bin/../lib/gcc/arm-none-eabi/4.6.2/../../../../arm-none-eabi/lib/armv6-m\libcr_c.a(setvbuf.o)
 .comment       0x00000000       0x71 c:/nxp/lpcxpresso_5.2.6_2137/lpcxpresso/tools/bin/../lib/gcc/arm-none-eabi/4.6.2/../../../../arm-none-eabi/lib/armv6-m\libcr_c.a(stdio.o)
 .comment       0x00000000       0x71 c:/nxp/lpcxpresso_5.2.6_2137/lpcxpresso/tools/bin/../lib/gcc/arm-none-eabi/4.6.2/../../../../arm-none-eabi/lib/armv6-m\libcr_c.a(strlen.o)
 .comment       0x00000000       0x71 c:/nxp/lpcxpresso_5.2.6_2137/lpcxpresso/tools/bin/../lib/gcc/arm-none-eabi/4.6.2/../../../../arm-none-eabi/lib/armv6-m\libcr_c.a(__fillbuf.o)
 .comment       0x00000000       0x71 c:/nxp/lpcxpresso_5.2.6_2137/lpcxpresso/tools/bin/../lib/gcc/arm-none-eabi/4.6.2/../../../../arm-none-eabi/lib/armv6-m\libcr_c.a(_deferredlazyseek.o)
 .comment       0x00000000       0x71 c:/nxp/lpcxpresso_5.2.6_2137/lpcxpresso/tools/bin/../lib/gcc/arm-none-eabi/4.6.2/../../../../arm-none-eabi/lib/armv6-m\libcr_c.a(_fdopen.o)
 .comment       0x00000000       0x71 c:/nxp/lpcxpresso_5.2.6_2137/lpcxpresso/tools/bin/../lib/gcc/arm-none-eabi/4.6.2/../../../../arm-none-eabi/lib/armv6-m\libcr_c.a(_fflush.o)
 .comment       0x00000000       0x71 c:/nxp/lpcxpresso_5.2.6_2137/lpcxpresso/tools/bin/../lib/gcc/arm-none-eabi/4.6.2/../../../../arm-none-eabi/lib/armv6-m\libcr_c.a(_writebuf.o)
 .comment       0x00000000       0x71 c:/nxp/lpcxpresso_5.2.6_2137/lpcxpresso/tools/bin/../lib/gcc/arm-none-eabi/4.6.2/../../../../arm-none-eabi/lib/armv6-m\libcr_c.a(alloc.o)
 .comment       0x00000000       0x71 c:/nxp/lpcxpresso_5.2.6_2137/lpcxpresso/tools/bin/../lib/gcc/arm-none-eabi/4.6.2/../../../../arm-none-eabi/lib/armv6-m\libcr_c.a(fclose.o)
 .comment       0x00000000       0x71 c:/nxp/lpcxpresso_5.2.6_2137/lpcxpresso/tools/bin/../lib/gcc/arm-none-eabi/4.6.2/../../../../arm-none-eabi/lib/armv6-m\libcr_c.a(fflush.o)
 .comment       0x00000000       0x71 c:/nxp/lpcxpresso_5.2.6_2137/lpcxpresso/tools/bin/../lib/gcc/arm-none-eabi/4.6.2/../../../../arm-none-eabi/lib/armv6-m\libcr_c.a(fseek.o)
 .comment       0x00000000       0x71 c:/nxp/lpcxpresso_5.2.6_2137/lpcxpresso/tools/bin/../lib/gcc/arm-none-eabi/4.6.2/../../../../arm-none-eabi/lib/armv6-m\libcr_c.a(ftell.o)
 .comment       0x00000000       0x71 c:/nxp/lpcxpresso_5.2.6_2137/lpcxpresso/tools/bin/../lib/gcc/arm-none-eabi/4.6.2/../../../../arm-none-eabi/lib/armv6-m\libcr_c.a(remove.o)
 .comment       0x00000000       0x71 c:/nxp/lpcxpresso_5.2.6_2137/lpcxpresso/tools/bin/../lib/gcc/arm-none-eabi/4.6.2/../../../../arm-none-eabi/lib/armv6-m\libcr_c.a(__init_alloc.o)
 .comment       0x00000000       0x71 c:/nxp/lpcxpresso_5.2.6_2137/lpcxpresso/tools/bin/../lib/gcc/arm-none-eabi/4.6.2/../../../../arm-none-eabi/lib/armv6-m\libcr_c.a(_do_fflush.o)
 .comment       0x00000000       0x71 c:/nxp/lpcxpresso_5.2.6_2137/lpcxpresso/tools/bin/../lib/gcc/arm-none-eabi/4.6.2/../../../../arm-none-eabi/lib/armv6-m\libcr_c.a(errno.o)
 .comment       0x00000000       0x71 c:/nxp/lpcxpresso_5.2.6_2137/lpcxpresso/tools/bin/../lib/gcc/arm-none-eabi/4.6.2/../../../../arm-none-eabi/lib/armv6-m\libcr_nohost.a(__sys_appexit.o)
 .comment       0x00000000       0x71 c:/nxp/lpcxpresso_5.2.6_2137/lpcxpresso/tools/bin/../lib/gcc/arm-none-eabi/4.6.2/../../../../arm-none-eabi/lib/armv6-m\libcr_nohost.a(__sys_close.o)
 .comment       0x00000000       0x71 c:/nxp/lpcxpresso_5.2.6_2137/lpcxpresso/tools/bin/../lib/gcc/arm-none-eabi/4.6.2/../../../../arm-none-eabi/lib/armv6-m\libcr_nohost.a(__sys_flen.o)
 .comment       0x00000000       0x71 c:/nxp/lpcxpresso_5.2.6_2137/lpcxpresso/tools/bin/../lib/gcc/arm-none-eabi/4.6.2/../../../../arm-none-eabi/lib/armv6-m\libcr_nohost.a(__sys_istty.o)
 .comment       0x00000000       0x71 c:/nxp/lpcxpresso_5.2.6_2137/lpcxpresso/tools/bin/../lib/gcc/arm-none-eabi/4.6.2/../../../../arm-none-eabi/lib/armv6-m\libcr_nohost.a(__sys_read.o)
 .comment       0x00000000       0x71 c:/nxp/lpcxpresso_5.2.6_2137/lpcxpresso/tools/bin/../lib/gcc/arm-none-eabi/4.6.2/../../../../arm-none-eabi/lib/armv6-m\libcr_nohost.a(__sys_remove.o)
 .comment       0x00000000       0x71 c:/nxp/lpcxpresso_5.2.6_2137/lpcxpresso/tools/bin/../lib/gcc/arm-none-eabi/4.6.2/../../../../arm-none-eabi/lib/armv6-m\libcr_nohost.a(__sys_rename.o)
 .comment       0x00000000       0x71 c:/nxp/lpcxpresso_5.2.6_2137/lpcxpresso/tools/bin/../lib/gcc/arm-none-eabi/4.6.2/../../../../arm-none-eabi/lib/armv6-m\libcr_nohost.a(__sys_seek.o)
 .comment       0x00000000       0x71 c:/nxp/lpcxpresso_5.2.6_2137/lpcxpresso/tools/bin/../lib/gcc/arm-none-eabi/4.6.2/../../../../arm-none-eabi/lib/armv6-m\libcr_nohost.a(__sys_tmpnam.o)
 .comment       0x00000000       0x71 c:/nxp/lpcxpresso_5.2.6_2137/lpcxpresso/tools/bin/../lib/gcc/arm-none-eabi/4.6.2/../../../../arm-none-eabi/lib/armv6-m\libcr_nohost.a(_cr_sbrk.o)
 .comment       0x00000000       0x71 c:/nxp/lpcxpresso_5.2.6_2137/lpcxpresso/tools/bin/../lib/gcc/arm-none-eabi/4.6.2/../../../../arm-none-eabi/lib/armv6-m\libcr_nohost.a(_cr_check_heap.o)

.ARM.attributes
                0x00000000       0x2f
 .ARM.attributes
                0x00000000       0x31 ./example/src/Lib/UsbRom.o
 .ARM.attributes
                0x00000031       0x31 ./example/src/Descriptors.o
 .ARM.attributes
                0x00000062       0x31 ./example/src/VirtualSerial.o
 .ARM.attributes
                0x00000093       0x31 ./example/src/cr_startup_lpc11xx.o
 .ARM.attributes
                0x000000c4       0x31 ./example/src/sysinit.o
 .ARM.attributes
                0x000000f5       0x31 C:\Users\Bertus\Documents\LPCXpresso_5.2.6_2137\workspace5\nxp_lpcxpresso_11u14_board_lib\Debug\libnxp_lpcxpresso_11u14_board_lib.a(board.o)
 .ARM.attributes
                0x00000126       0x31 C:\Users\Bertus\Documents\LPCXpresso_5.2.6_2137\workspace5\nxp_lpcxpresso_11u14_board_lib\Debug\libnxp_lpcxpresso_11u14_board_lib.a(board_sysinit.o)
 .ARM.attributes
                0x00000157       0x31 C:\Users\Bertus\Documents\LPCXpresso_5.2.6_2137\workspace5\lpc_chip_11uxx_lib\Debug\liblpc_chip_11uxx_lib.a(chip_11xx.o)
 .ARM.attributes
                0x00000188       0x31 C:\Users\Bertus\Documents\LPCXpresso_5.2.6_2137\workspace5\lpc_chip_11uxx_lib\Debug\liblpc_chip_11uxx_lib.a(clock_11xx.o)
 .ARM.attributes
                0x000001b9       0x31 C:\Users\Bertus\Documents\LPCXpresso_5.2.6_2137\workspace5\lpc_chip_11uxx_lib\Debug\liblpc_chip_11uxx_lib.a(gpio_11xx_1.o)
 .ARM.attributes
                0x000001ea       0x31 C:\Users\Bertus\Documents\LPCXpresso_5.2.6_2137\workspace5\lpc_chip_11uxx_lib\Debug\liblpc_chip_11uxx_lib.a(iocon_11xx.o)
 .ARM.attributes
                0x0000021b       0x31 C:\Users\Bertus\Documents\LPCXpresso_5.2.6_2137\workspace5\lpc_chip_11uxx_lib\Debug\liblpc_chip_11uxx_lib.a(sysctl_11xx.o)
 .ARM.attributes
                0x0000024c       0x31 C:\Users\Bertus\Documents\LPCXpresso_5.2.6_2137\workspace5\lpc_chip_11uxx_lib\Debug\liblpc_chip_11uxx_lib.a(uart_11xx.o)
 .ARM.attributes
                0x0000027d       0x31 C:\Users\Bertus\Documents\LPCXpresso_5.2.6_2137\workspace5\lpc_chip_11uxx_lib\Debug\liblpc_chip_11uxx_lib.a(ring_buffer.o)
 .ARM.attributes
                0x000002ae       0x31 C:\Users\Bertus\Documents\LPCXpresso_5.2.6_2137\workspace5\nxp_lpcxpresso_11u14_usblib_device\Debug\libnxp_lpcxpresso_11u14_usblib_device.a(USBController.o)
 .ARM.attributes
                0x000002df       0x31 C:\Users\Bertus\Documents\LPCXpresso_5.2.6_2137\workspace5\nxp_lpcxpresso_11u14_usblib_device\Debug\libnxp_lpcxpresso_11u14_usblib_device.a(USBTask.o)
 .ARM.attributes
                0x00000310       0x31 C:\Users\Bertus\Documents\LPCXpresso_5.2.6_2137\workspace5\nxp_lpcxpresso_11u14_usblib_device\Debug\libnxp_lpcxpresso_11u14_usblib_device.a(CDCClassDevice.o)
 .ARM.attributes
                0x00000341       0x31 C:\Users\Bertus\Documents\LPCXpresso_5.2.6_2137\workspace5\nxp_lpcxpresso_11u14_usblib_device\Debug\libnxp_lpcxpresso_11u14_usblib_device.a(HAL_LPC11Uxx.o)
 .ARM.attributes
                0x00000372       0x31 C:\Users\Bertus\Documents\LPCXpresso_5.2.6_2137\workspace5\nxp_lpcxpresso_11u14_usblib_device\Debug\libnxp_lpcxpresso_11u14_usblib_device.a(Endpoint_LPC11Uxx.o)
 .ARM.attributes
                0x000003a3       0x31 C:\Users\Bertus\Documents\LPCXpresso_5.2.6_2137\workspace5\nxp_lpcxpresso_11u14_usblib_device\Debug\libnxp_lpcxpresso_11u14_usblib_device.a(DeviceStandardReq.o)
 .ARM.attributes
                0x000003d4       0x31 C:\Users\Bertus\Documents\LPCXpresso_5.2.6_2137\workspace5\nxp_lpcxpresso_11u14_usblib_device\Debug\libnxp_lpcxpresso_11u14_usblib_device.a(Endpoint.o)
 .ARM.attributes
                0x00000405       0x31 C:\Users\Bertus\Documents\LPCXpresso_5.2.6_2137\workspace5\nxp_lpcxpresso_11u14_usblib_device\Debug\libnxp_lpcxpresso_11u14_usblib_device.a(EndpointStream.o)
 .ARM.attributes
                0x00000436       0x31 c:/nxp/lpcxpresso_5.2.6_2137/lpcxpresso/tools/bin/../lib/gcc/arm-none-eabi/4.6.2/../../../../arm-none-eabi/lib/armv6-m\libcr_nohost.a(_cr__main.o)
 .ARM.attributes
                0x00000467       0x31 c:/nxp/lpcxpresso_5.2.6_2137/lpcxpresso/tools/bin/../lib/gcc/arm-none-eabi/4.6.2/../../../../arm-none-eabi/lib/armv6-m\libcr_c.a(memcpy.o)
 .ARM.attributes
                0x00000498       0x31 c:/nxp/lpcxpresso_5.2.6_2137/lpcxpresso/tools/bin/../lib/gcc/arm-none-eabi/4.6.2/../../../../arm-none-eabi/lib/armv6-m\libcr_c.a(memset.o)
 .ARM.attributes
                0x000004c9       0x31 c:/nxp/lpcxpresso_5.2.6_2137/lpcxpresso/tools/bin/../lib/gcc/arm-none-eabi/4.6.2/../../../../arm-none-eabi/lib/armv6-m\libcr_c.a(initio.o)
 .ARM.attributes
                0x000004fa       0x31 c:/nxp/lpcxpresso_5.2.6_2137/lpcxpresso/tools/bin/../lib/gcc/arm-none-eabi/4.6.2/../../../../arm-none-eabi/lib/armv6-m\libcr_c.a(setvbuf.o)
 .ARM.attributes
                0x0000052b       0x31 c:/nxp/lpcxpresso_5.2.6_2137/lpcxpresso/tools/bin/../lib/gcc/arm-none-eabi/4.6.2/../../../../arm-none-eabi/lib/armv6-m\libcr_c.a(stdio.o)
 .ARM.attributes
                0x0000055c       0x31 c:/nxp/lpcxpresso_5.2.6_2137/lpcxpresso/tools/bin/../lib/gcc/arm-none-eabi/4.6.2/../../../../arm-none-eabi/lib/armv6-m\libcr_c.a(strlen.o)
 .ARM.attributes
                0x0000058d       0x31 c:/nxp/lpcxpresso_5.2.6_2137/lpcxpresso/tools/bin/../lib/gcc/arm-none-eabi/4.6.2/../../../../arm-none-eabi/lib/armv6-m\libcr_c.a(__fillbuf.o)
 .ARM.attributes
                0x000005be       0x31 c:/nxp/lpcxpresso_5.2.6_2137/lpcxpresso/tools/bin/../lib/gcc/arm-none-eabi/4.6.2/../../../../arm-none-eabi/lib/armv6-m\libcr_c.a(_deferredlazyseek.o)
 .ARM.attributes
                0x000005ef       0x31 c:/nxp/lpcxpresso_5.2.6_2137/lpcxpresso/tools/bin/../lib/gcc/arm-none-eabi/4.6.2/../../../../arm-none-eabi/lib/armv6-m\libcr_c.a(_fdopen.o)
 .ARM.attributes
                0x00000620       0x31 c:/nxp/lpcxpresso_5.2.6_2137/lpcxpresso/tools/bin/../lib/gcc/arm-none-eabi/4.6.2/../../../../arm-none-eabi/lib/armv6-m\libcr_c.a(_fflush.o)
 .ARM.attributes
                0x00000651       0x31 c:/nxp/lpcxpresso_5.2.6_2137/lpcxpresso/tools/bin/../lib/gcc/arm-none-eabi/4.6.2/../../../../arm-none-eabi/lib/armv6-m\libcr_c.a(_writebuf.o)
 .ARM.attributes
                0x00000682       0x31 c:/nxp/lpcxpresso_5.2.6_2137/lpcxpresso/tools/bin/../lib/gcc/arm-none-eabi/4.6.2/../../../../arm-none-eabi/lib/armv6-m\libcr_c.a(alloc.o)
 .ARM.attributes
                0x000006b3       0x31 c:/nxp/lpcxpresso_5.2.6_2137/lpcxpresso/tools/bin/../lib/gcc/arm-none-eabi/4.6.2/../../../../arm-none-eabi/lib/armv6-m\libcr_c.a(fclose.o)
 .ARM.attributes
                0x000006e4       0x31 c:/nxp/lpcxpresso_5.2.6_2137/lpcxpresso/tools/bin/../lib/gcc/arm-none-eabi/4.6.2/../../../../arm-none-eabi/lib/armv6-m\libcr_c.a(fflush.o)
 .ARM.attributes
                0x00000715       0x31 c:/nxp/lpcxpresso_5.2.6_2137/lpcxpresso/tools/bin/../lib/gcc/arm-none-eabi/4.6.2/../../../../arm-none-eabi/lib/armv6-m\libcr_c.a(fseek.o)
 .ARM.attributes
                0x00000746       0x31 c:/nxp/lpcxpresso_5.2.6_2137/lpcxpresso/tools/bin/../lib/gcc/arm-none-eabi/4.6.2/../../../../arm-none-eabi/lib/armv6-m\libcr_c.a(ftell.o)
 .ARM.attributes
                0x00000777       0x31 c:/nxp/lpcxpresso_5.2.6_2137/lpcxpresso/tools/bin/../lib/gcc/arm-none-eabi/4.6.2/../../../../arm-none-eabi/lib/armv6-m\libcr_c.a(remove.o)
 .ARM.attributes
                0x000007a8       0x31 c:/nxp/lpcxpresso_5.2.6_2137/lpcxpresso/tools/bin/../lib/gcc/arm-none-eabi/4.6.2/../../../../arm-none-eabi/lib/armv6-m\libcr_c.a(__init_alloc.o)
 .ARM.attributes
                0x000007d9       0x31 c:/nxp/lpcxpresso_5.2.6_2137/lpcxpresso/tools/bin/../lib/gcc/arm-none-eabi/4.6.2/../../../../arm-none-eabi/lib/armv6-m\libcr_c.a(_do_fflush.o)
 .ARM.attributes
                0x0000080a       0x31 c:/nxp/lpcxpresso_5.2.6_2137/lpcxpresso/tools/bin/../lib/gcc/arm-none-eabi/4.6.2/../../../../arm-none-eabi/lib/armv6-m\libcr_c.a(errno.o)
 .ARM.attributes
                0x0000083b       0x21 c:/nxp/lpcxpresso_5.2.6_2137/lpcxpresso/tools/bin/../lib/gcc/arm-none-eabi/4.6.2/armv6-m\libcr_eabihelpers.a(division.o)
 .ARM.attributes
                0x0000085c       0x21 c:/nxp/lpcxpresso_5.2.6_2137/lpcxpresso/tools/bin/../lib/gcc/arm-none-eabi/4.6.2/armv6-m\libcr_eabihelpers.a(memcpy.o)
 .ARM.attributes
                0x0000087d       0x31 c:/nxp/lpcxpresso_5.2.6_2137/lpcxpresso/tools/bin/../lib/gcc/arm-none-eabi/4.6.2/../../../../arm-none-eabi/lib/armv6-m\libcr_nohost.a(__sys_appexit.o)
 .ARM.attributes
                0x000008ae       0x31 c:/nxp/lpcxpresso_5.2.6_2137/lpcxpresso/tools/bin/../lib/gcc/arm-none-eabi/4.6.2/../../../../arm-none-eabi/lib/armv6-m\libcr_nohost.a(__sys_close.o)
 .ARM.attributes
                0x000008df       0x31 c:/nxp/lpcxpresso_5.2.6_2137/lpcxpresso/tools/bin/../lib/gcc/arm-none-eabi/4.6.2/../../../../arm-none-eabi/lib/armv6-m\libcr_nohost.a(__sys_flen.o)
 .ARM.attributes
                0x00000910       0x31 c:/nxp/lpcxpresso_5.2.6_2137/lpcxpresso/tools/bin/../lib/gcc/arm-none-eabi/4.6.2/../../../../arm-none-eabi/lib/armv6-m\libcr_nohost.a(__sys_istty.o)
 .ARM.attributes
                0x00000941       0x31 c:/nxp/lpcxpresso_5.2.6_2137/lpcxpresso/tools/bin/../lib/gcc/arm-none-eabi/4.6.2/../../../../arm-none-eabi/lib/armv6-m\libcr_nohost.a(__sys_read.o)
 .ARM.attributes
                0x00000972       0x31 c:/nxp/lpcxpresso_5.2.6_2137/lpcxpresso/tools/bin/../lib/gcc/arm-none-eabi/4.6.2/../../../../arm-none-eabi/lib/armv6-m\libcr_nohost.a(__sys_remove.o)
 .ARM.attributes
                0x000009a3       0x31 c:/nxp/lpcxpresso_5.2.6_2137/lpcxpresso/tools/bin/../lib/gcc/arm-none-eabi/4.6.2/../../../../arm-none-eabi/lib/armv6-m\libcr_nohost.a(__sys_rename.o)
 .ARM.attributes
                0x000009d4       0x31 c:/nxp/lpcxpresso_5.2.6_2137/lpcxpresso/tools/bin/../lib/gcc/arm-none-eabi/4.6.2/../../../../arm-none-eabi/lib/armv6-m\libcr_nohost.a(__sys_seek.o)
 .ARM.attributes
                0x00000a05       0x31 c:/nxp/lpcxpresso_5.2.6_2137/lpcxpresso/tools/bin/../lib/gcc/arm-none-eabi/4.6.2/../../../../arm-none-eabi/lib/armv6-m\libcr_nohost.a(__sys_tmpnam.o)
 .ARM.attributes
                0x00000a36       0x31 c:/nxp/lpcxpresso_5.2.6_2137/lpcxpresso/tools/bin/../lib/gcc/arm-none-eabi/4.6.2/../../../../arm-none-eabi/lib/armv6-m\libcr_nohost.a(_cr_sbrk.o)
 .ARM.attributes
                0x00000a67       0x31 c:/nxp/lpcxpresso_5.2.6_2137/lpcxpresso/tools/bin/../lib/gcc/arm-none-eabi/4.6.2/../../../../arm-none-eabi/lib/armv6-m\libcr_nohost.a(_cr_check_heap.o)

.debug_loc      0x00000000     0x2528
 .debug_loc     0x00000000       0x38 ./example/src/Descriptors.o
 .debug_loc     0x00000038       0xf4 ./example/src/VirtualSerial.o
 .debug_loc     0x0000012c      0x1b0 ./example/src/cr_startup_lpc11xx.o
 .debug_loc     0x000002dc       0x2c ./example/src/sysinit.o
 .debug_loc     0x00000308      0x4c0 C:\Users\Bertus\Documents\LPCXpresso_5.2.6_2137\workspace5\nxp_lpcxpresso_11u14_board_lib\Debug\libnxp_lpcxpresso_11u14_board_lib.a(board.o)
 .debug_loc     0x000007c8      0x20c C:\Users\Bertus\Documents\LPCXpresso_5.2.6_2137\workspace5\nxp_lpcxpresso_11u14_board_lib\Debug\libnxp_lpcxpresso_11u14_board_lib.a(board_sysinit.o)
 .debug_loc     0x000009d4       0x2c C:\Users\Bertus\Documents\LPCXpresso_5.2.6_2137\workspace5\lpc_chip_11uxx_lib\Debug\liblpc_chip_11uxx_lib.a(chip_11xx.o)
 .debug_loc     0x00000a00      0x370 C:\Users\Bertus\Documents\LPCXpresso_5.2.6_2137\workspace5\lpc_chip_11uxx_lib\Debug\liblpc_chip_11uxx_lib.a(clock_11xx.o)
 .debug_loc     0x00000d70      0x2a0 C:\Users\Bertus\Documents\LPCXpresso_5.2.6_2137\workspace5\lpc_chip_11uxx_lib\Debug\liblpc_chip_11uxx_lib.a(gpio_11xx_1.o)
 .debug_loc     0x00001010       0x38 C:\Users\Bertus\Documents\LPCXpresso_5.2.6_2137\workspace5\lpc_chip_11uxx_lib\Debug\liblpc_chip_11uxx_lib.a(iocon_11xx.o)
 .debug_loc     0x00001048       0xe0 C:\Users\Bertus\Documents\LPCXpresso_5.2.6_2137\workspace5\lpc_chip_11uxx_lib\Debug\liblpc_chip_11uxx_lib.a(sysctl_11xx.o)
 .debug_loc     0x00001128      0x5e8 C:\Users\Bertus\Documents\LPCXpresso_5.2.6_2137\workspace5\lpc_chip_11uxx_lib\Debug\liblpc_chip_11uxx_lib.a(uart_11xx.o)
 .debug_loc     0x00001710      0x1f8 C:\Users\Bertus\Documents\LPCXpresso_5.2.6_2137\workspace5\lpc_chip_11uxx_lib\Debug\liblpc_chip_11uxx_lib.a(ring_buffer.o)
 .debug_loc     0x00001908       0xe0 C:\Users\Bertus\Documents\LPCXpresso_5.2.6_2137\workspace5\nxp_lpcxpresso_11u14_usblib_device\Debug\libnxp_lpcxpresso_11u14_usblib_device.a(USBController.o)
 .debug_loc     0x000019e8       0x70 C:\Users\Bertus\Documents\LPCXpresso_5.2.6_2137\workspace5\nxp_lpcxpresso_11u14_usblib_device\Debug\libnxp_lpcxpresso_11u14_usblib_device.a(USBTask.o)
 .debug_loc     0x00001a58      0x2a2 C:\Users\Bertus\Documents\LPCXpresso_5.2.6_2137\workspace5\nxp_lpcxpresso_11u14_usblib_device\Debug\libnxp_lpcxpresso_11u14_usblib_device.a(CDCClassDevice.o)
 .debug_loc     0x00001cfa      0x224 C:\Users\Bertus\Documents\LPCXpresso_5.2.6_2137\workspace5\nxp_lpcxpresso_11u14_usblib_device\Debug\libnxp_lpcxpresso_11u14_usblib_device.a(HAL_LPC11Uxx.o)
 .debug_loc     0x00001f1e      0x17e C:\Users\Bertus\Documents\LPCXpresso_5.2.6_2137\workspace5\nxp_lpcxpresso_11u14_usblib_device\Debug\libnxp_lpcxpresso_11u14_usblib_device.a(Endpoint_LPC11Uxx.o)
 .debug_loc     0x0000209c      0x188 C:\Users\Bertus\Documents\LPCXpresso_5.2.6_2137\workspace5\nxp_lpcxpresso_11u14_usblib_device\Debug\libnxp_lpcxpresso_11u14_usblib_device.a(DeviceStandardReq.o)
 .debug_loc     0x00002224       0xd4 C:\Users\Bertus\Documents\LPCXpresso_5.2.6_2137\workspace5\nxp_lpcxpresso_11u14_usblib_device\Debug\libnxp_lpcxpresso_11u14_usblib_device.a(Endpoint.o)
 .debug_loc     0x000022f8      0x230 C:\Users\Bertus\Documents\LPCXpresso_5.2.6_2137\workspace5\nxp_lpcxpresso_11u14_usblib_device\Debug\libnxp_lpcxpresso_11u14_usblib_device.a(EndpointStream.o)

.debug_aranges  0x00000000      0x778
 .debug_aranges
                0x00000000       0x20 ./example/src/Descriptors.o
 .debug_aranges
                0x00000020       0x40 ./example/src/VirtualSerial.o
 .debug_aranges
                0x00000060       0x60 ./example/src/cr_startup_lpc11xx.o
 .debug_aranges
                0x000000c0       0x20 ./example/src/sysinit.o
 .debug_aranges
                0x000000e0       0xd0 C:\Users\Bertus\Documents\LPCXpresso_5.2.6_2137\workspace5\nxp_lpcxpresso_11u14_board_lib\Debug\libnxp_lpcxpresso_11u14_board_lib.a(board.o)
 .debug_aranges
                0x000001b0       0x68 C:\Users\Bertus\Documents\LPCXpresso_5.2.6_2137\workspace5\nxp_lpcxpresso_11u14_board_lib\Debug\libnxp_lpcxpresso_11u14_board_lib.a(board_sysinit.o)
 .debug_aranges
                0x00000218       0x20 C:\Users\Bertus\Documents\LPCXpresso_5.2.6_2137\workspace5\lpc_chip_11uxx_lib\Debug\liblpc_chip_11uxx_lib.a(chip_11xx.o)
 .debug_aranges
                0x00000238       0xa0 C:\Users\Bertus\Documents\LPCXpresso_5.2.6_2137\workspace5\lpc_chip_11uxx_lib\Debug\liblpc_chip_11uxx_lib.a(clock_11xx.o)
 .debug_aranges
                0x000002d8       0x78 C:\Users\Bertus\Documents\LPCXpresso_5.2.6_2137\workspace5\lpc_chip_11uxx_lib\Debug\liblpc_chip_11uxx_lib.a(gpio_11xx_1.o)
 .debug_aranges
                0x00000350       0x20 C:\Users\Bertus\Documents\LPCXpresso_5.2.6_2137\workspace5\lpc_chip_11uxx_lib\Debug\liblpc_chip_11uxx_lib.a(iocon_11xx.o)
 .debug_aranges
                0x00000370       0x38 C:\Users\Bertus\Documents\LPCXpresso_5.2.6_2137\workspace5\lpc_chip_11uxx_lib\Debug\liblpc_chip_11uxx_lib.a(sysctl_11xx.o)
 .debug_aranges
                0x000003a8       0xf0 C:\Users\Bertus\Documents\LPCXpresso_5.2.6_2137\workspace5\lpc_chip_11uxx_lib\Debug\liblpc_chip_11uxx_lib.a(uart_11xx.o)
 .debug_aranges
                0x00000498       0x60 C:\Users\Bertus\Documents\LPCXpresso_5.2.6_2137\workspace5\lpc_chip_11uxx_lib\Debug\liblpc_chip_11uxx_lib.a(ring_buffer.o)
 .debug_aranges
                0x000004f8       0x38 C:\Users\Bertus\Documents\LPCXpresso_5.2.6_2137\workspace5\nxp_lpcxpresso_11u14_usblib_device\Debug\libnxp_lpcxpresso_11u14_usblib_device.a(USBController.o)
 .debug_aranges
                0x00000530       0x28 C:\Users\Bertus\Documents\LPCXpresso_5.2.6_2137\workspace5\nxp_lpcxpresso_11u14_usblib_device\Debug\libnxp_lpcxpresso_11u14_usblib_device.a(USBTask.o)
 .debug_aranges
                0x00000558       0x78 C:\Users\Bertus\Documents\LPCXpresso_5.2.6_2137\workspace5\nxp_lpcxpresso_11u14_usblib_device\Debug\libnxp_lpcxpresso_11u14_usblib_device.a(CDCClassDevice.o)
 .debug_aranges
                0x000005d0       0x68 C:\Users\Bertus\Documents\LPCXpresso_5.2.6_2137\workspace5\nxp_lpcxpresso_11u14_usblib_device\Debug\libnxp_lpcxpresso_11u14_usblib_device.a(HAL_LPC11Uxx.o)
 .debug_aranges
                0x00000638       0x50 C:\Users\Bertus\Documents\LPCXpresso_5.2.6_2137\workspace5\nxp_lpcxpresso_11u14_usblib_device\Debug\libnxp_lpcxpresso_11u14_usblib_device.a(Endpoint_LPC11Uxx.o)
 .debug_aranges
                0x00000688       0x50 C:\Users\Bertus\Documents\LPCXpresso_5.2.6_2137\workspace5\nxp_lpcxpresso_11u14_usblib_device\Debug\libnxp_lpcxpresso_11u14_usblib_device.a(DeviceStandardReq.o)
 .debug_aranges
                0x000006d8       0x38 C:\Users\Bertus\Documents\LPCXpresso_5.2.6_2137\workspace5\nxp_lpcxpresso_11u14_usblib_device\Debug\libnxp_lpcxpresso_11u14_usblib_device.a(Endpoint.o)
 .debug_aranges
                0x00000710       0x68 C:\Users\Bertus\Documents\LPCXpresso_5.2.6_2137\workspace5\nxp_lpcxpresso_11u14_usblib_device\Debug\libnxp_lpcxpresso_11u14_usblib_device.a(EndpointStream.o)

.debug_ranges   0x00000000      0x6a8
 .debug_ranges  0x00000000       0x10 ./example/src/Descriptors.o
 .debug_ranges  0x00000010       0x30 ./example/src/VirtualSerial.o
 .debug_ranges  0x00000040       0x50 ./example/src/cr_startup_lpc11xx.o
 .debug_ranges  0x00000090       0x10 ./example/src/sysinit.o
 .debug_ranges  0x000000a0       0xc0 C:\Users\Bertus\Documents\LPCXpresso_5.2.6_2137\workspace5\nxp_lpcxpresso_11u14_board_lib\Debug\libnxp_lpcxpresso_11u14_board_lib.a(board.o)
 .debug_ranges  0x00000160       0x58 C:\Users\Bertus\Documents\LPCXpresso_5.2.6_2137\workspace5\nxp_lpcxpresso_11u14_board_lib\Debug\libnxp_lpcxpresso_11u14_board_lib.a(board_sysinit.o)
 .debug_ranges  0x000001b8       0x10 C:\Users\Bertus\Documents\LPCXpresso_5.2.6_2137\workspace5\lpc_chip_11uxx_lib\Debug\liblpc_chip_11uxx_lib.a(chip_11xx.o)
 .debug_ranges  0x000001c8       0x90 C:\Users\Bertus\Documents\LPCXpresso_5.2.6_2137\workspace5\lpc_chip_11uxx_lib\Debug\liblpc_chip_11uxx_lib.a(clock_11xx.o)
 .debug_ranges  0x00000258       0x68 C:\Users\Bertus\Documents\LPCXpresso_5.2.6_2137\workspace5\lpc_chip_11uxx_lib\Debug\liblpc_chip_11uxx_lib.a(gpio_11xx_1.o)
 .debug_ranges  0x000002c0       0x10 C:\Users\Bertus\Documents\LPCXpresso_5.2.6_2137\workspace5\lpc_chip_11uxx_lib\Debug\liblpc_chip_11uxx_lib.a(iocon_11xx.o)
 .debug_ranges  0x000002d0       0x28 C:\Users\Bertus\Documents\LPCXpresso_5.2.6_2137\workspace5\lpc_chip_11uxx_lib\Debug\liblpc_chip_11uxx_lib.a(sysctl_11xx.o)
 .debug_ranges  0x000002f8       0xe0 C:\Users\Bertus\Documents\LPCXpresso_5.2.6_2137\workspace5\lpc_chip_11uxx_lib\Debug\liblpc_chip_11uxx_lib.a(uart_11xx.o)
 .debug_ranges  0x000003d8       0x50 C:\Users\Bertus\Documents\LPCXpresso_5.2.6_2137\workspace5\lpc_chip_11uxx_lib\Debug\liblpc_chip_11uxx_lib.a(ring_buffer.o)
 .debug_ranges  0x00000428       0x28 C:\Users\Bertus\Documents\LPCXpresso_5.2.6_2137\workspace5\nxp_lpcxpresso_11u14_usblib_device\Debug\libnxp_lpcxpresso_11u14_usblib_device.a(USBController.o)
 .debug_ranges  0x00000450       0x18 C:\Users\Bertus\Documents\LPCXpresso_5.2.6_2137\workspace5\nxp_lpcxpresso_11u14_usblib_device\Debug\libnxp_lpcxpresso_11u14_usblib_device.a(USBTask.o)
 .debug_ranges  0x00000468       0x98 C:\Users\Bertus\Documents\LPCXpresso_5.2.6_2137\workspace5\nxp_lpcxpresso_11u14_usblib_device\Debug\libnxp_lpcxpresso_11u14_usblib_device.a(CDCClassDevice.o)
 .debug_ranges  0x00000500       0x58 C:\Users\Bertus\Documents\LPCXpresso_5.2.6_2137\workspace5\nxp_lpcxpresso_11u14_usblib_device\Debug\libnxp_lpcxpresso_11u14_usblib_device.a(HAL_LPC11Uxx.o)
 .debug_ranges  0x00000558       0x40 C:\Users\Bertus\Documents\LPCXpresso_5.2.6_2137\workspace5\nxp_lpcxpresso_11u14_usblib_device\Debug\libnxp_lpcxpresso_11u14_usblib_device.a(Endpoint_LPC11Uxx.o)
 .debug_ranges  0x00000598       0x78 C:\Users\Bertus\Documents\LPCXpresso_5.2.6_2137\workspace5\nxp_lpcxpresso_11u14_usblib_device\Debug\libnxp_lpcxpresso_11u14_usblib_device.a(DeviceStandardReq.o)
 .debug_ranges  0x00000610       0x28 C:\Users\Bertus\Documents\LPCXpresso_5.2.6_2137\workspace5\nxp_lpcxpresso_11u14_usblib_device\Debug\libnxp_lpcxpresso_11u14_usblib_device.a(Endpoint.o)
 .debug_ranges  0x00000638       0x70 C:\Users\Bertus\Documents\LPCXpresso_5.2.6_2137\workspace5\nxp_lpcxpresso_11u14_usblib_device\Debug\libnxp_lpcxpresso_11u14_usblib_device.a(EndpointStream.o)

.debug_frame    0x00000000     0x16e8
 .debug_frame   0x00000000       0x30 ./example/src/Descriptors.o
 .debug_frame   0x00000030       0xa4 ./example/src/VirtualSerial.o
 .debug_frame   0x000000d4      0x118 ./example/src/cr_startup_lpc11xx.o
 .debug_frame   0x000001ec       0x2c ./example/src/sysinit.o
 .debug_frame   0x00000218      0x2d8 C:\Users\Bertus\Documents\LPCXpresso_5.2.6_2137\workspace5\nxp_lpcxpresso_11u14_board_lib\Debug\libnxp_lpcxpresso_11u14_board_lib.a(board.o)
 .debug_frame   0x000004f0      0x144 C:\Users\Bertus\Documents\LPCXpresso_5.2.6_2137\workspace5\nxp_lpcxpresso_11u14_board_lib\Debug\libnxp_lpcxpresso_11u14_board_lib.a(board_sysinit.o)
 .debug_frame   0x00000634       0x2c C:\Users\Bertus\Documents\LPCXpresso_5.2.6_2137\workspace5\lpc_chip_11uxx_lib\Debug\liblpc_chip_11uxx_lib.a(chip_11xx.o)
 .debug_frame   0x00000660      0x220 C:\Users\Bertus\Documents\LPCXpresso_5.2.6_2137\workspace5\lpc_chip_11uxx_lib\Debug\liblpc_chip_11uxx_lib.a(clock_11xx.o)
 .debug_frame   0x00000880      0x190 C:\Users\Bertus\Documents\LPCXpresso_5.2.6_2137\workspace5\lpc_chip_11uxx_lib\Debug\liblpc_chip_11uxx_lib.a(gpio_11xx_1.o)
 .debug_frame   0x00000a10       0x30 C:\Users\Bertus\Documents\LPCXpresso_5.2.6_2137\workspace5\lpc_chip_11uxx_lib\Debug\liblpc_chip_11uxx_lib.a(iocon_11xx.o)
 .debug_frame   0x00000a40       0x90 C:\Users\Bertus\Documents\LPCXpresso_5.2.6_2137\workspace5\lpc_chip_11uxx_lib\Debug\liblpc_chip_11uxx_lib.a(sysctl_11xx.o)
 .debug_frame   0x00000ad0      0x370 C:\Users\Bertus\Documents\LPCXpresso_5.2.6_2137\workspace5\lpc_chip_11uxx_lib\Debug\liblpc_chip_11uxx_lib.a(uart_11xx.o)
 .debug_frame   0x00000e40      0x130 C:\Users\Bertus\Documents\LPCXpresso_5.2.6_2137\workspace5\lpc_chip_11uxx_lib\Debug\liblpc_chip_11uxx_lib.a(ring_buffer.o)
 .debug_frame   0x00000f70       0x90 C:\Users\Bertus\Documents\LPCXpresso_5.2.6_2137\workspace5\nxp_lpcxpresso_11u14_usblib_device\Debug\libnxp_lpcxpresso_11u14_usblib_device.a(USBController.o)
 .debug_frame   0x00001000       0x50 C:\Users\Bertus\Documents\LPCXpresso_5.2.6_2137\workspace5\nxp_lpcxpresso_11u14_usblib_device\Debug\libnxp_lpcxpresso_11u14_usblib_device.a(USBTask.o)
 .debug_frame   0x00001050      0x194 C:\Users\Bertus\Documents\LPCXpresso_5.2.6_2137\workspace5\nxp_lpcxpresso_11u14_usblib_device\Debug\libnxp_lpcxpresso_11u14_usblib_device.a(CDCClassDevice.o)
 .debug_frame   0x000011e4      0x14c C:\Users\Bertus\Documents\LPCXpresso_5.2.6_2137\workspace5\nxp_lpcxpresso_11u14_usblib_device\Debug\libnxp_lpcxpresso_11u14_usblib_device.a(HAL_LPC11Uxx.o)
 .debug_frame   0x00001330       0xec C:\Users\Bertus\Documents\LPCXpresso_5.2.6_2137\workspace5\nxp_lpcxpresso_11u14_usblib_device\Debug\libnxp_lpcxpresso_11u14_usblib_device.a(Endpoint_LPC11Uxx.o)
 .debug_frame   0x0000141c       0xf0 C:\Users\Bertus\Documents\LPCXpresso_5.2.6_2137\workspace5\nxp_lpcxpresso_11u14_usblib_device\Debug\libnxp_lpcxpresso_11u14_usblib_device.a(DeviceStandardReq.o)
 .debug_frame   0x0000150c       0x8c C:\Users\Bertus\Documents\LPCXpresso_5.2.6_2137\workspace5\nxp_lpcxpresso_11u14_usblib_device\Debug\libnxp_lpcxpresso_11u14_usblib_device.a(Endpoint.o)
 .debug_frame   0x00001598      0x150 C:\Users\Bertus\Documents\LPCXpresso_5.2.6_2137\workspace5\nxp_lpcxpresso_11u14_usblib_device\Debug\libnxp_lpcxpresso_11u14_usblib_device.a(EndpointStream.o)