Archive member included because of file (symbol)

C:\Users\Bertus\Documents\LPCXpresso_5.2.6_2137\workspace5\nxp_lpcxpresso_11u14_board_lib\Debug\libnxp_lpcxpresso_11u14_board_lib.a(board.o)
                              ./example/src/VirtualSerial.o (Board_LED_Set)
C:\Users\Bertus\Documents\LPCXpresso_5.2.6_2137\workspace5\nxp_lpcxpresso_11u14_board_lib\Debug\libnxp_lpcxpresso_11u14_board_lib.a(board_sysinit.o)
                              ./example/src/sysinit.o (Board_SystemInit)
C:\Users\Bertus\Documents\LPCXpresso_5.2.6_2137\workspace5\lpc_chip_11uxx_lib\Debug\liblpc_chip_11uxx_lib.a(chip_11xx.o)
                              ./example/src/freertos/src/port.o (SystemCoreClock)
C:\Users\Bertus\Documents\LPCXpresso_5.2.6_2137\workspace5\lpc_chip_11uxx_lib\Debug\liblpc_chip_11uxx_lib.a(clock_11xx.o)
                              C:\Users\Bertus\Documents\LPCXpresso_5.2.6_2137\workspace5\nxp_lpcxpresso_11u14_board_lib\Debug\libnxp_lpcxpresso_11u14_board_lib.a(board_sysinit.o) (Chip_Clock_SetSystemPLLSource)
C:\Users\Bertus\Documents\LPCXpresso_5.2.6_2137\workspace5\lpc_chip_11uxx_lib\Debug\liblpc_chip_11uxx_lib.a(gpio_11xx_1.o)
                              C:\Users\Bertus\Documents\LPCXpresso_5.2.6_2137\workspace5\nxp_lpcxpresso_11u14_board_lib\Debug\libnxp_lpcxpresso_11u14_board_lib.a(board.o) (Chip_GPIO_Init)
C:\Users\Bertus\Documents\LPCXpresso_5.2.6_2137\workspace5\lpc_chip_11uxx_lib\Debug\liblpc_chip_11uxx_lib.a(iocon_11xx.o)
                              C:\Users\Bertus\Documents\LPCXpresso_5.2.6_2137\workspace5\nxp_lpcxpresso_11u14_board_lib\Debug\libnxp_lpcxpresso_11u14_board_lib.a(board.o) (Chip_IOCON_PinMuxSet)
C:\Users\Bertus\Documents\LPCXpresso_5.2.6_2137\workspace5\lpc_chip_11uxx_lib\Debug\liblpc_chip_11uxx_lib.a(sysctl_11xx.o)
                              C:\Users\Bertus\Documents\LPCXpresso_5.2.6_2137\workspace5\nxp_lpcxpresso_11u14_board_lib\Debug\libnxp_lpcxpresso_11u14_board_lib.a(board_sysinit.o) (Chip_SYSCTL_PowerDown)
C:\Users\Bertus\Documents\LPCXpresso_5.2.6_2137\workspace5\lpc_chip_11uxx_lib\Debug\liblpc_chip_11uxx_lib.a(uart_11xx.o)
                              C:\Users\Bertus\Documents\LPCXpresso_5.2.6_2137\workspace5\nxp_lpcxpresso_11u14_board_lib\Debug\libnxp_lpcxpresso_11u14_board_lib.a(board.o) (Chip_UART_Init)
C:\Users\Bertus\Documents\LPCXpresso_5.2.6_2137\workspace5\lpc_chip_11uxx_lib\Debug\liblpc_chip_11uxx_lib.a(ring_buffer.o)
                              C:\Users\Bertus\Documents\LPCXpresso_5.2.6_2137\workspace5\lpc_chip_11uxx_lib\Debug\liblpc_chip_11uxx_lib.a(uart_11xx.o) (RingBuffer_Insert)
C:\Users\Bertus\Documents\LPCXpresso_5.2.6_2137\workspace5\nxp_lpcxpresso_11u14_usblib_device\Debug\libnxp_lpcxpresso_11u14_usblib_device.a(USBController.o)
                              ./example/src/VirtualSerial.o (USB_Init)
C:\Users\Bertus\Documents\LPCXpresso_5.2.6_2137\workspace5\nxp_lpcxpresso_11u14_usblib_device\Debug\libnxp_lpcxpresso_11u14_usblib_device.a(USBTask.o)
                              C:\Users\Bertus\Documents\LPCXpresso_5.2.6_2137\workspace5\nxp_lpcxpresso_11u14_usblib_device\Debug\libnxp_lpcxpresso_11u14_usblib_device.a(USBController.o) (USB_IsInitialized)
C:\Users\Bertus\Documents\LPCXpresso_5.2.6_2137\workspace5\nxp_lpcxpresso_11u14_usblib_device\Debug\libnxp_lpcxpresso_11u14_usblib_device.a(CDCClassDevice.o)
                              ./example/src/VirtualSerial.o (CDC_Device_ProcessControlRequest)
C:\Users\Bertus\Documents\LPCXpresso_5.2.6_2137\workspace5\nxp_lpcxpresso_11u14_usblib_device\Debug\libnxp_lpcxpresso_11u14_usblib_device.a(HAL_LPC11Uxx.o)
                              C:\Users\Bertus\Documents\LPCXpresso_5.2.6_2137\workspace5\nxp_lpcxpresso_11u14_usblib_device\Debug\libnxp_lpcxpresso_11u14_usblib_device.a(USBController.o) (HAL_USBInit)
C:\Users\Bertus\Documents\LPCXpresso_5.2.6_2137\workspace5\nxp_lpcxpresso_11u14_usblib_device\Debug\libnxp_lpcxpresso_11u14_usblib_device.a(Endpoint_LPC11Uxx.o)
                              C:\Users\Bertus\Documents\LPCXpresso_5.2.6_2137\workspace5\nxp_lpcxpresso_11u14_usblib_device\Debug\libnxp_lpcxpresso_11u14_usblib_device.a(CDCClassDevice.o) (EndPointCmdStsList)
C:\Users\Bertus\Documents\LPCXpresso_5.2.6_2137\workspace5\nxp_lpcxpresso_11u14_usblib_device\Debug\libnxp_lpcxpresso_11u14_usblib_device.a(DeviceStandardReq.o)
                              C:\Users\Bertus\Documents\LPCXpresso_5.2.6_2137\workspace5\nxp_lpcxpresso_11u14_usblib_device\Debug\libnxp_lpcxpresso_11u14_usblib_device.a(USBController.o) (USB_Device_ConfigurationNumber)
C:\Users\Bertus\Documents\LPCXpresso_5.2.6_2137\workspace5\nxp_lpcxpresso_11u14_usblib_device\Debug\libnxp_lpcxpresso_11u14_usblib_device.a(Endpoint.o)
                              C:\Users\Bertus\Documents\LPCXpresso_5.2.6_2137\workspace5\nxp_lpcxpresso_11u14_usblib_device\Debug\libnxp_lpcxpresso_11u14_usblib_device.a(CDCClassDevice.o) (usb_data_buffer)
[...]
Memory Configuration

Name             Origin             Length             Attributes
MFlash32         0x00000000         0x00008000         xr
RamLoc4          0x10000000         0x00001000         xrw
RamUsb2          0x20004000         0x00000800         xrw
*default*        0x00000000         0xffffffff

Linker script and memory map

LOAD ./example/src/freertos/src/FreeRTOSCommonHooks.o
LOAD ./example/src/freertos/src/croutine.o
LOAD ./example/src/freertos/src/heap_1.o
LOAD ./example/src/freertos/src/list.o
LOAD ./example/src/freertos/src/port.o
LOAD ./example/src/freertos/src/queue.o
LOAD ./example/src/freertos/src/tasks.o
LOAD ./example/src/freertos/src/timers.o
LOAD ./example/src/Lib/UsbRom.o
LOAD ./example/src/Descriptors.o
LOAD ./example/src/VirtualSerial.o
LOAD ./example/src/cr_startup_lpc11xx.o
LOAD ./example/src/sysinit.o
LOAD C:\Users\Bertus\Documents\LPCXpresso_5.2.6_2137\workspace5\nxp_lpcxpresso_11u14_board_lib\Debug\libnxp_lpcxpresso_11u14_board_lib.a
LOAD C:\Users\Bertus\Documents\LPCXpresso_5.2.6_2137\workspace5\lpc_chip_11uxx_lib\Debug\liblpc_chip_11uxx_lib.a
LOAD C:\Users\Bertus\Documents\LPCXpresso_5.2.6_2137\workspace5\nxp_lpcxpresso_11u14_usblib_device\Debug\libnxp_lpcxpresso_11u14_usblib_device.a
START GROUP
LOAD c:/nxp/lpcxpresso_5.2.6_2137/lpcxpresso/tools/bin/../lib/gcc/arm-none-eabi/4.6.2/../../../../arm-none-eabi/lib/armv6-m\libcr_nohost.a
LOAD c:/nxp/lpcxpresso_5.2.6_2137/lpcxpresso/tools/bin/../lib/gcc/arm-none-eabi/4.6.2/../../../../arm-none-eabi/lib/armv6-m\libcr_c.a
LOAD c:/nxp/lpcxpresso_5.2.6_2137/lpcxpresso/tools/bin/../lib/gcc/arm-none-eabi/4.6.2/armv6-m\libcr_eabihelpers.a
END GROUP
                0x00008000                __top_MFlash32 = 0x8000
                0x10001000                __top_RamLoc4 = 0x10001000
                0x20004800                __top_RamUsb2 = 0x20004800

.text           0x00000000     0x4d78
 FILL mask 0xff
                0x00000000                __vectors_start__ = ABSOLUTE (.)
 *(.isr_vector)
 .isr_vector    0x00000000       0xc0 ./example/src/cr_startup_lpc11xx.o
                0x00000000                g_pfnVectors
                0x000000c0                . = ALIGN (0x4)
                0x000000c0                __section_table_start = .
                0x000000c0                __data_section_table = .
                0x000000c0        0x4 LONG 0x4d78 LOADADDR (.data)
                0x000000c4        0x4 LONG 0x10000000 ADDR (.data)
                0x000000c8        0x4 LONG 0xb8 SIZEOF (.data)
                0x000000cc        0x4 LONG 0x4d78 LOADADDR (.data_RAM2)
                0x000000d0        0x4 LONG 0x20004000 ADDR (.data_RAM2)
                0x000000d4        0x4 LONG 0x0 SIZEOF (.data_RAM2)
                0x000000d8                __data_section_table_end = .
                0x000000d8                __bss_section_table = .
                0x000000d8        0x4 LONG 0x100000b8 ADDR (.bss)
                0x000000dc        0x4 LONG 0x914 SIZEOF (.bss)
                0x000000e0        0x4 LONG 0x20004000 ADDR (.bss_RAM2)
                0x000000e4        0x4 LONG 0x800 SIZEOF (.bss_RAM2)
                0x000000e8                __bss_section_table_end = .
                0x000000e8                __section_table_end = .
 *(.after_vectors*)
 .after_vectors
                0x000000e8      0x134 ./example/src/cr_startup_lpc11xx.o
                0x000000e8                data_init
                0x0000012c                bss_init
                0x00000160                ResetISR
                0x000001ec                NMI_Handler
                0x000001f4                HardFault_Handler
                0x00000214                FLEX_INT7_IRQHandler
                0x00000214                TIMER32_0_IRQHandler
                0x00000214                UART_IRQHandler
                0x00000214                FLEX_INT1_IRQHandler
                0x00000214                IntDefaultHandler
                0x00000214                SSP0_IRQHandler
                0x00000214                USBWakeup_IRQHandler
                0x00000214                TIMER32_1_IRQHandler
                0x00000214                FLEX_INT0_IRQHandler
                0x00000214                FLEX_INT2_IRQHandler
                0x00000214                TIMER16_1_IRQHandler
                0x00000214                USB_FIQHandler
                0x00000214                FLEX_INT5_IRQHandler
                0x00000214                ADC_IRQHandler
                0x00000214                SSP1_IRQHandler
                0x00000214                FLEX_INT3_IRQHandler
                0x00000214                BOD_IRQHandler
                0x00000214                I2C_IRQHandler
                0x00000214                WDT_IRQHandler
                0x00000214                GINT0_IRQHandler
                0x00000214                FLEX_INT4_IRQHandler
                0x00000214                TIMER16_0_IRQHandler
                0x00000214                FLEX_INT6_IRQHandler
                0x00000214                FMC_IRQHandler
                0x00000214                GINT1_IRQHandler
 *(.text*)
 .text.vApplicationMallocFailedHook
                0x0000021c        0x8 ./example/src/freertos/src/FreeRTOSCommonHooks.o
                0x0000021c                vApplicationMallocFailedHook
 .text.vApplicationIdleHook
                0x00000224        0xc ./example/src/freertos/src/FreeRTOSCommonHooks.o
                0x00000224                vApplicationIdleHook
 .text.vApplicationStackOverflowHook
                0x00000230       0x10 ./example/src/freertos/src/FreeRTOSCommonHooks.o
                0x00000230                vApplicationStackOverflowHook
 .text.pvPortMalloc
                0x00000240       0x94 ./example/src/freertos/src/heap_1.o
                0x00000240                pvPortMalloc
 .text.vPortFree
                0x000002d4       0x18 ./example/src/freertos/src/heap_1.o
                0x000002d4                vPortFree
 .text.vListInitialise
                0x000002ec       0x3c ./example/src/freertos/src/list.o
                0x000002ec                vListInitialise
 .text.vListInitialiseItem
                0x00000328       0x14 ./example/src/freertos/src/list.o
                0x00000328                vListInitialiseItem
 .text.vListInsertEnd
                0x0000033c       0x4c ./example/src/freertos/src/list.o
                0x0000033c                vListInsertEnd
 .text.vListInsert
                0x00000388       0x70 ./example/src/freertos/src/list.o
                0x00000388                vListInsert
 .text.uxListRemove
                0x000003f8       0x50 ./example/src/freertos/src/list.o
                0x000003f8                uxListRemove
 .text.pxPortInitialiseStack
                0x00000448       0x44 ./example/src/freertos/src/port.o
                0x00000448                pxPortInitialiseStack
 .text.SVC_Handler
                0x0000048c       0x28 ./example/src/freertos/src/port.o
                0x0000048c                SVC_Handler
 .text.vPortStartFirstTask
                0x000004b4       0x10 ./example/src/freertos/src/port.o
 .text.xPortStartScheduler
                0x000004c4       0x40 ./example/src/freertos/src/port.o
                0x000004c4                xPortStartScheduler
 .text.vPortYield
                0x00000504       0x1c ./example/src/freertos/src/port.o
                0x00000504                vPortYield
 .text.vPortEnterCritical
                0x00000520       0x20 ./example/src/freertos/src/port.o
                0x00000520                vPortEnterCritical
 .text.vPortExitCritical
                0x00000540       0x20 ./example/src/freertos/src/port.o
                0x00000540                vPortExitCritical
 .text.PendSV_Handler
                0x00000560       0x44 ./example/src/freertos/src/port.o
                0x00000560                PendSV_Handler
 .text.SysTick_Handler
                0x000005a4       0x24 ./example/src/freertos/src/port.o
                0x000005a4                SysTick_Handler
 .text.prvSetupTimerInterrupt
                0x000005c8       0x30 ./example/src/freertos/src/port.o
 .text.xTaskGenericCreate
                0x000005f8      0x198 ./example/src/freertos/src/tasks.o
                0x000005f8                xTaskGenericCreate
 .text.vTaskDelay
                0x00000790       0x54 ./example/src/freertos/src/tasks.o
                0x00000790                vTaskDelay
 .text.vTaskStartScheduler
                0x000007e4       0x64 ./example/src/freertos/src/tasks.o
                0x000007e4                vTaskStartScheduler
 .text.vTaskSuspendAll
                0x00000848       0x18 ./example/src/freertos/src/tasks.o
                0x00000848                vTaskSuspendAll
 .text.xTaskResumeAll
                0x00000860      0x104 ./example/src/freertos/src/tasks.o
                0x00000860                xTaskResumeAll
 .text.vTaskIncrementTick
                0x00000964      0x13c ./example/src/freertos/src/tasks.o
                0x00000964                vTaskIncrementTick
 .text.vTaskSwitchContext
                0x00000aa0       0xf4 ./example/src/freertos/src/tasks.o
                0x00000aa0                vTaskSwitchContext
 .text.prvIdleTask
                0x00000b94       0x24 ./example/src/freertos/src/tasks.o
 .text.prvInitialiseTCBVariables
                0x00000bb8       0x70 ./example/src/freertos/src/tasks.o
 .text.prvInitialiseTaskLists
                0x00000c28       0x88 ./example/src/freertos/src/tasks.o
 .text.prvCheckTasksWaitingTermination
                0x00000cb0       0x70 ./example/src/freertos/src/tasks.o
 .text.prvAddCurrentTaskToDelayedList
                0x00000d20       0x6c ./example/src/freertos/src/tasks.o
 .text.prvAllocateTCBAndStack
                0x00000d8c       0x70 ./example/src/freertos/src/tasks.o
 .text.prvDeleteTCB
                0x00000dfc       0x20 ./example/src/freertos/src/tasks.o
 .text.CALLBACK_USB_GetDescriptor
                0x00000e1c       0xe0 ./example/src/Descriptors.o
                0x00000e1c                CALLBACK_USB_GetDescriptor
 .text.SetupHardware
                0x00000efc       0x20 ./example/src/VirtualSerial.o
 .text.EchoCharacter
                0x00000f1c       0x40 ./example/src/VirtualSerial.o
 .text.VirtualSerialTask
                0x00000f5c       0x2c ./example/src/VirtualSerial.o
 .text.vLEDTask0
                0x00000f88       0x38 ./example/src/VirtualSerial.o
 .text.main     0x00000fc0       0x68 ./example/src/VirtualSerial.o
                0x00000fc0                main
 .text.EVENT_USB_Device_ConfigurationChanged
                0x00001028       0x30 ./example/src/VirtualSerial.o
                0x00001028                EVENT_USB_Device_ConfigurationChanged
 .text.EVENT_USB_Device_ControlRequest
                0x00001058       0x14 ./example/src/VirtualSerial.o
                0x00001058                EVENT_USB_Device_ControlRequest
 .text.SystemInit
                0x0000106c        0xc ./example/src/sysinit.o
                0x0000106c                SystemInit
 .text.Chip_GPIO_SetPinState
                0x00001078       0x34 C:\Users\Bertus\Documents\LPCXpresso_5.2.6_2137\workspace5\nxp_lpcxpresso_11u14_board_lib\Debug\libnxp_lpcxpresso_11u14_board_lib.a(board.o)
 .text.Chip_GPIO_SetPinDIROutput
                0x000010ac       0x48 C:\Users\Bertus\Documents\LPCXpresso_5.2.6_2137\workspace5\nxp_lpcxpresso_11u14_board_lib\Debug\libnxp_lpcxpresso_11u14_board_lib.a(board.o)
 .text.__sys_write
                0x000010f4       0x18 C:\Users\Bertus\Documents\LPCXpresso_5.2.6_2137\workspace5\nxp_lpcxpresso_11u14_board_lib\Debug\libnxp_lpcxpresso_11u14_board_lib.a(board.o)
                0x000010f4                __sys_write
 .text.Board_LED_Init
                0x0000110c       0x18 C:\Users\Bertus\Documents\LPCXpresso_5.2.6_2137\workspace5\nxp_lpcxpresso_11u14_board_lib\Debug\libnxp_lpcxpresso_11u14_board_lib.a(board.o)
 .text.Board_LED_Set
                0x00001124       0x34 C:\Users\Bertus\Documents\LPCXpresso_5.2.6_2137\workspace5\nxp_lpcxpresso_11u14_board_lib\Debug\libnxp_lpcxpresso_11u14_board_lib.a(board.o)
                0x00001124                Board_LED_Set
 .text.Board_Init
                0x00001158       0x18 C:\Users\Bertus\Documents\LPCXpresso_5.2.6_2137\workspace5\nxp_lpcxpresso_11u14_board_lib\Debug\libnxp_lpcxpresso_11u14_board_lib.a(board.o)
                0x00001158                Board_Init
 .text.Chip_FMC_SetFLASHAccess
                0x00001170       0x2c C:\Users\Bertus\Documents\LPCXpresso_5.2.6_2137\workspace5\nxp_lpcxpresso_11u14_board_lib\Debug\libnxp_lpcxpresso_11u14_board_lib.a(board_sysinit.o)
 .text.Chip_Clock_SetupSystemPLL
                0x0000119c       0x34 C:\Users\Bertus\Documents\LPCXpresso_5.2.6_2137\workspace5\nxp_lpcxpresso_11u14_board_lib\Debug\libnxp_lpcxpresso_11u14_board_lib.a(board_sysinit.o)
 .text.Chip_Clock_IsSystemPLLLocked
                0x000011d0       0x1c C:\Users\Bertus\Documents\LPCXpresso_5.2.6_2137\workspace5\nxp_lpcxpresso_11u14_board_lib\Debug\libnxp_lpcxpresso_11u14_board_lib.a(board_sysinit.o)
 .text.Chip_Clock_SetupUSBPLL
                0x000011ec       0x34 C:\Users\Bertus\Documents\LPCXpresso_5.2.6_2137\workspace5\nxp_lpcxpresso_11u14_board_lib\Debug\libnxp_lpcxpresso_11u14_board_lib.a(board_sysinit.o)
 .text.Chip_Clock_IsUSBPLLLocked
                0x00001220       0x1c C:\Users\Bertus\Documents\LPCXpresso_5.2.6_2137\workspace5\nxp_lpcxpresso_11u14_board_lib\Debug\libnxp_lpcxpresso_11u14_board_lib.a(board_sysinit.o)
 .text.Chip_Clock_SetSysClockDiv
                0x0000123c       0x18 C:\Users\Bertus\Documents\LPCXpresso_5.2.6_2137\workspace5\nxp_lpcxpresso_11u14_board_lib\Debug\libnxp_lpcxpresso_11u14_board_lib.a(board_sysinit.o)
 .text.Chip_Clock_EnablePeriphClock
                0x00001254       0x34 C:\Users\Bertus\Documents\LPCXpresso_5.2.6_2137\workspace5\nxp_lpcxpresso_11u14_board_lib\Debug\libnxp_lpcxpresso_11u14_board_lib.a(board_sysinit.o)
 .text.SystemSetupClocking
                0x00001288       0x8c C:\Users\Bertus\Documents\LPCXpresso_5.2.6_2137\workspace5\nxp_lpcxpresso_11u14_board_lib\Debug\libnxp_lpcxpresso_11u14_board_lib.a(board_sysinit.o)
 .text.SystemSetupMuxing
                0x00001314       0x50 C:\Users\Bertus\Documents\LPCXpresso_5.2.6_2137\workspace5\nxp_lpcxpresso_11u14_board_lib\Debug\libnxp_lpcxpresso_11u14_board_lib.a(board_sysinit.o)
 .text.Board_SystemInit
                0x00001364       0x10 C:\Users\Bertus\Documents\LPCXpresso_5.2.6_2137\workspace5\nxp_lpcxpresso_11u14_board_lib\Debug\libnxp_lpcxpresso_11u14_board_lib.a(board_sysinit.o)
                0x00001364                Board_SystemInit
 .text.SystemCoreClockUpdate
                0x00001374       0x18 C:\Users\Bertus\Documents\LPCXpresso_5.2.6_2137\workspace5\lpc_chip_11uxx_lib\Debug\liblpc_chip_11uxx_lib.a(chip_11xx.o)
                0x00001374                SystemCoreClockUpdate
 .text.Chip_Clock_GetMainOscRate
                0x0000138c       0x14 C:\Users\Bertus\Documents\LPCXpresso_5.2.6_2137\workspace5\lpc_chip_11uxx_lib\Debug\liblpc_chip_11uxx_lib.a(clock_11xx.o)
 .text.Chip_Clock_GetIntOscRate
                0x000013a0       0x10 C:\Users\Bertus\Documents\LPCXpresso_5.2.6_2137\workspace5\lpc_chip_11uxx_lib\Debug\liblpc_chip_11uxx_lib.a(clock_11xx.o)
 .text.Chip_Clock_GetWDTLFORate
                0x000013b0       0x48 C:\Users\Bertus\Documents\LPCXpresso_5.2.6_2137\workspace5\lpc_chip_11uxx_lib\Debug\liblpc_chip_11uxx_lib.a(clock_11xx.o)
 .text.Chip_Clock_GetPLLFreq
                0x000013f8       0x24 C:\Users\Bertus\Documents\LPCXpresso_5.2.6_2137\workspace5\lpc_chip_11uxx_lib\Debug\liblpc_chip_11uxx_lib.a(clock_11xx.o)
 .text.Chip_Clock_SetSystemPLLSource
                0x0000141c       0x2c C:\Users\Bertus\Documents\LPCXpresso_5.2.6_2137\workspace5\lpc_chip_11uxx_lib\Debug\liblpc_chip_11uxx_lib.a(clock_11xx.o)
                0x0000141c                Chip_Clock_SetSystemPLLSource
 .text.Chip_Clock_SetUSBPLLSource
                0x00001448       0x2c C:\Users\Bertus\Documents\LPCXpresso_5.2.6_2137\workspace5\lpc_chip_11uxx_lib\Debug\liblpc_chip_11uxx_lib.a(clock_11xx.o)
                0x00001448                Chip_Clock_SetUSBPLLSource
 .text.Chip_Clock_SetMainClockSource
                0x00001474       0x2c C:\Users\Bertus\Documents\LPCXpresso_5.2.6_2137\workspace5\lpc_chip_11uxx_lib\Debug\liblpc_chip_11uxx_lib.a(clock_11xx.o)
                0x00001474                Chip_Clock_SetMainClockSource
 .text.Chip_Clock_SetUSBClockSource
                0x000014a0       0x3c C:\Users\Bertus\Documents\LPCXpresso_5.2.6_2137\workspace5\lpc_chip_11uxx_lib\Debug\liblpc_chip_11uxx_lib.a(clock_11xx.o)
                0x000014a0                Chip_Clock_SetUSBClockSource
 .text.Chip_Clock_GetWDTOSCRate
                0x000014dc       0x1c C:\Users\Bertus\Documents\LPCXpresso_5.2.6_2137\workspace5\lpc_chip_11uxx_lib\Debug\liblpc_chip_11uxx_lib.a(clock_11xx.o)
                0x000014dc                Chip_Clock_GetWDTOSCRate
 .text.Chip_Clock_GetSystemPLLInClockRate
                0x000014f8       0x40 C:\Users\Bertus\Documents\LPCXpresso_5.2.6_2137\workspace5\lpc_chip_11uxx_lib\Debug\liblpc_chip_11uxx_lib.a(clock_11xx.o)
                0x000014f8                Chip_Clock_GetSystemPLLInClockRate
 .text.Chip_Clock_GetSystemPLLOutClockRate
                0x00001538       0x24 C:\Users\Bertus\Documents\LPCXpresso_5.2.6_2137\workspace5\lpc_chip_11uxx_lib\Debug\liblpc_chip_11uxx_lib.a(clock_11xx.o)
                0x00001538                Chip_Clock_GetSystemPLLOutClockRate
 .text.Chip_Clock_GetMainClockRate
                0x0000155c       0x64 C:\Users\Bertus\Documents\LPCXpresso_5.2.6_2137\workspace5\lpc_chip_11uxx_lib\Debug\liblpc_chip_11uxx_lib.a(clock_11xx.o)
                0x0000155c                Chip_Clock_GetMainClockRate
 .text.Chip_Clock_GetSystemClockRate
                0x000015c0       0x24 C:\Users\Bertus\Documents\LPCXpresso_5.2.6_2137\workspace5\lpc_chip_11uxx_lib\Debug\liblpc_chip_11uxx_lib.a(clock_11xx.o)
                0x000015c0                Chip_Clock_GetSystemClockRate
 .text.Chip_Clock_EnablePeriphClock
                0x000015e4       0x34 C:\Users\Bertus\Documents\LPCXpresso_5.2.6_2137\workspace5\lpc_chip_11uxx_lib\Debug\liblpc_chip_11uxx_lib.a(gpio_11xx_1.o)
 .text.Chip_GPIO_Init
                0x00001618       0x14 C:\Users\Bertus\Documents\LPCXpresso_5.2.6_2137\workspace5\lpc_chip_11uxx_lib\Debug\liblpc_chip_11uxx_lib.a(gpio_11xx_1.o)
                0x00001618                Chip_GPIO_Init
 .text.Chip_IOCON_PinMuxSet
                0x0000162c       0x48 C:\Users\Bertus\Documents\LPCXpresso_5.2.6_2137\workspace5\lpc_chip_11uxx_lib\Debug\liblpc_chip_11uxx_lib.a(iocon_11xx.o)
                0x0000162c                Chip_IOCON_PinMuxSet
 .text.Chip_SYSCTL_PowerDown
                0x00001674       0x44 C:\Users\Bertus\Documents\LPCXpresso_5.2.6_2137\workspace5\lpc_chip_11uxx_lib\Debug\liblpc_chip_11uxx_lib.a(sysctl_11xx.o)
                0x00001674                Chip_SYSCTL_PowerDown
 .text.Chip_SYSCTL_PowerUp
                0x000016b8       0x44 C:\Users\Bertus\Documents\LPCXpresso_5.2.6_2137\workspace5\lpc_chip_11uxx_lib\Debug\liblpc_chip_11uxx_lib.a(sysctl_11xx.o)
                0x000016b8                Chip_SYSCTL_PowerUp
 .text.USB_Init
                0x000016fc       0x4c C:\Users\Bertus\Documents\LPCXpresso_5.2.6_2137\workspace5\nxp_lpcxpresso_11u14_usblib_device\Debug\libnxp_lpcxpresso_11u14_usblib_device.a(USBController.o)
                0x000016fc                USB_Init
 .text.USB_ResetInterface
                0x00001748       0x2c C:\Users\Bertus\Documents\LPCXpresso_5.2.6_2137\workspace5\nxp_lpcxpresso_11u14_usblib_device\Debug\libnxp_lpcxpresso_11u14_usblib_device.a(USBController.o)
                0x00001748                USB_ResetInterface
 .text.USB_Init_Device
                0x00001774       0x6c C:\Users\Bertus\Documents\LPCXpresso_5.2.6_2137\workspace5\nxp_lpcxpresso_11u14_usblib_device\Debug\libnxp_lpcxpresso_11u14_usblib_device.a(USBController.o)
 .text.USB_USBTask
                0x000017e0       0x24 C:\Users\Bertus\Documents\LPCXpresso_5.2.6_2137\workspace5\nxp_lpcxpresso_11u14_usblib_device\Debug\libnxp_lpcxpresso_11u14_usblib_device.a(USBTask.o)
                0x000017e0                USB_USBTask
 .text.USB_DeviceTask
                0x00001804       0xb0 C:\Users\Bertus\Documents\LPCXpresso_5.2.6_2137\workspace5\nxp_lpcxpresso_11u14_usblib_device\Debug\libnxp_lpcxpresso_11u14_usblib_device.a(USBTask.o)
 .text.CDC_Device_ProcessControlRequest
                0x000018b4      0xdb4 C:\Users\Bertus\Documents\LPCXpresso_5.2.6_2137\workspace5\nxp_lpcxpresso_11u14_usblib_device\Debug\libnxp_lpcxpresso_11u14_usblib_device.a(CDCClassDevice.o)
                0x000018b4                CDC_Device_ProcessControlRequest
 .text.CDC_Device_ConfigureEndpoints
                0x00002668      0x128 C:\Users\Bertus\Documents\LPCXpresso_5.2.6_2137\workspace5\nxp_lpcxpresso_11u14_usblib_device\Debug\libnxp_lpcxpresso_11u14_usblib_device.a(CDCClassDevice.o)
                0x00002668                CDC_Device_ConfigureEndpoints
 .text.CDC_Device_SendData
                0x00002790      0x148 C:\Users\Bertus\Documents\LPCXpresso_5.2.6_2137\workspace5\nxp_lpcxpresso_11u14_usblib_device\Debug\libnxp_lpcxpresso_11u14_usblib_device.a(CDCClassDevice.o)
                0x00002790                CDC_Device_SendData
 .text.CDC_Device_BytesReceived
                0x000028d8      0x1a0 C:\Users\Bertus\Documents\LPCXpresso_5.2.6_2137\workspace5\nxp_lpcxpresso_11u14_usblib_device\Debug\libnxp_lpcxpresso_11u14_usblib_device.a(CDCClassDevice.o)
                0x000028d8                CDC_Device_BytesReceived
 .text.CDC_Device_ReceiveByte
                0x00002a78      0x278 C:\Users\Bertus\Documents\LPCXpresso_5.2.6_2137\workspace5\nxp_lpcxpresso_11u14_usblib_device\Debug\libnxp_lpcxpresso_11u14_usblib_device.a(CDCClassDevice.o)
                0x00002a78                CDC_Device_ReceiveByte
 .text.CDC_Device_Event_Stub
                0x00002cf0       0x10 C:\Users\Bertus\Documents\LPCXpresso_5.2.6_2137\workspace5\nxp_lpcxpresso_11u14_usblib_device\Debug\libnxp_lpcxpresso_11u14_usblib_device.a(CDCClassDevice.o)
                0x00002cf0                EVENT_CDC_Device_ControLineStateChanged
                0x00002cf0                CDC_Device_Event_Stub
                0x00002cf0                EVENT_CDC_Device_LineEncodingChanged
 .text.CDC_Device_Event_Stub2
                0x00002d00       0x14 C:\Users\Bertus\Documents\LPCXpresso_5.2.6_2137\workspace5\nxp_lpcxpresso_11u14_usblib_device\Debug\libnxp_lpcxpresso_11u14_usblib_device.a(CDCClassDevice.o)
                0x00002d00                CDC_Device_Event_Stub2
                0x00002d00                EVENT_CDC_Device_BreakSent
 .text.NVIC_EnableIRQ
                0x00002d14       0x2c C:\Users\Bertus\Documents\LPCXpresso_5.2.6_2137\workspace5\nxp_lpcxpresso_11u14_usblib_device\Debug\libnxp_lpcxpresso_11u14_usblib_device.a(HAL_LPC11Uxx.o)
 .text.Chip_Clock_SetupUSBPLL
                0x00002d40       0x34 C:\Users\Bertus\Documents\LPCXpresso_5.2.6_2137\workspace5\nxp_lpcxpresso_11u14_usblib_device\Debug\libnxp_lpcxpresso_11u14_usblib_device.a(HAL_LPC11Uxx.o)
 .text.Chip_Clock_IsUSBPLLLocked
                0x00002d74       0x1c C:\Users\Bertus\Documents\LPCXpresso_5.2.6_2137\workspace5\nxp_lpcxpresso_11u14_usblib_device\Debug\libnxp_lpcxpresso_11u14_usblib_device.a(HAL_LPC11Uxx.o)
 .text.HAL_USBInit
                0x00002d90       0x80 C:\Users\Bertus\Documents\LPCXpresso_5.2.6_2137\workspace5\nxp_lpcxpresso_11u14_usblib_device\Debug\libnxp_lpcxpresso_11u14_usblib_device.a(HAL_LPC11Uxx.o)
                0x00002d90                HAL_USBInit
 .text.HAL_EnableUSBInterrupt
                0x00002e10       0x18 C:\Users\Bertus\Documents\LPCXpresso_5.2.6_2137\workspace5\nxp_lpcxpresso_11u14_usblib_device\Debug\libnxp_lpcxpresso_11u14_usblib_device.a(HAL_LPC11Uxx.o)
                0x00002e10                HAL_EnableUSBInterrupt
 .text.HAL_SetDeviceAddress
                0x00002e28       0x3c C:\Users\Bertus\Documents\LPCXpresso_5.2.6_2137\workspace5\nxp_lpcxpresso_11u14_usblib_device\Debug\libnxp_lpcxpresso_11u14_usblib_device.a(HAL_LPC11Uxx.o)
                0x00002e28                HAL_SetDeviceAddress
 .text.HAL_USBConnect
                0x00002e64       0x40 C:\Users\Bertus\Documents\LPCXpresso_5.2.6_2137\workspace5\nxp_lpcxpresso_11u14_usblib_device\Debug\libnxp_lpcxpresso_11u14_usblib_device.a(HAL_LPC11Uxx.o)
                0x00002e64                HAL_USBConnect
 .text.HAL_Reset
                0x00002ea4       0x80 C:\Users\Bertus\Documents\LPCXpresso_5.2.6_2137\workspace5\nxp_lpcxpresso_11u14_usblib_device\Debug\libnxp_lpcxpresso_11u14_usblib_device.a(Endpoint_LPC11Uxx.o)
                0x00002ea4                HAL_Reset
 .text.Endpoint_ConfigureEndpointControl
                0x00002f24       0x94 C:\Users\Bertus\Documents\LPCXpresso_5.2.6_2137\workspace5\nxp_lpcxpresso_11u14_usblib_device\Debug\libnxp_lpcxpresso_11u14_usblib_device.a(Endpoint_LPC11Uxx.o)
                0x00002f24                Endpoint_ConfigureEndpointControl
 .text.Endpoint_ConfigureEndpoint
                0x00002fb8       0xe8 C:\Users\Bertus\Documents\LPCXpresso_5.2.6_2137\workspace5\nxp_lpcxpresso_11u14_usblib_device\Debug\libnxp_lpcxpresso_11u14_usblib_device.a(Endpoint_LPC11Uxx.o)
                0x00002fb8                Endpoint_ConfigureEndpoint
 .text.DcdDataTransfer
                0x000030a0      0x100 C:\Users\Bertus\Documents\LPCXpresso_5.2.6_2137\workspace5\nxp_lpcxpresso_11u14_usblib_device\Debug\libnxp_lpcxpresso_11u14_usblib_device.a(Endpoint_LPC11Uxx.o)
                0x000030a0                DcdDataTransfer
 .text.Endpoint_GetSetupPackage
                0x000031a0       0x44 C:\Users\Bertus\Documents\LPCXpresso_5.2.6_2137\workspace5\nxp_lpcxpresso_11u14_usblib_device\Debug\libnxp_lpcxpresso_11u14_usblib_device.a(Endpoint_LPC11Uxx.o)
                0x000031a0                Endpoint_GetSetupPackage
 .text.USB_IRQHandler
                0x000031e4      0x2b8 C:\Users\Bertus\Documents\LPCXpresso_5.2.6_2137\workspace5\nxp_lpcxpresso_11u14_usblib_device\Debug\libnxp_lpcxpresso_11u14_usblib_device.a(Endpoint_LPC11Uxx.o)
                0x000031e4                USB_IRQHandler
 .text.USB_Device_ProcessControlRequest
                0x0000349c      0x1d0 C:\Users\Bertus\Documents\LPCXpresso_5.2.6_2137\workspace5\nxp_lpcxpresso_11u14_usblib_device\Debug\libnxp_lpcxpresso_11u14_usblib_device.a(DeviceStandardReq.o)
                0x0000349c                USB_Device_ProcessControlRequest
 .text.USB_Device_SetAddress
                0x0000366c      0x118 C:\Users\Bertus\Documents\LPCXpresso_5.2.6_2137\workspace5\nxp_lpcxpresso_11u14_usblib_device\Debug\libnxp_lpcxpresso_11u14_usblib_device.a(DeviceStandardReq.o)
 .text.USB_Device_SetConfiguration
                0x00003784       0xac C:\Users\Bertus\Documents\LPCXpresso_5.2.6_2137\workspace5\nxp_lpcxpresso_11u14_usblib_device\Debug\libnxp_lpcxpresso_11u14_usblib_device.a(DeviceStandardReq.o)
 .text.USB_Device_GetConfiguration
                0x00003830      0x1b0 C:\Users\Bertus\Documents\LPCXpresso_5.2.6_2137\workspace5\nxp_lpcxpresso_11u14_usblib_device\Debug\libnxp_lpcxpresso_11u14_usblib_device.a(DeviceStandardReq.o)
 .text.USB_Device_GetDescriptor
                0x000039e0      0x114 C:\Users\Bertus\Documents\LPCXpresso_5.2.6_2137\workspace5\nxp_lpcxpresso_11u14_usblib_device\Debug\libnxp_lpcxpresso_11u14_usblib_device.a(DeviceStandardReq.o)
 .text.USB_Device_GetStatus
                0x00003af4      0x350 C:\Users\Bertus\Documents\LPCXpresso_5.2.6_2137\workspace5\nxp_lpcxpresso_11u14_usblib_device\Debug\libnxp_lpcxpresso_11u14_usblib_device.a(DeviceStandardReq.o)
 .text.USB_Device_ClearSetFeature
                0x00003e44      0x1fc C:\Users\Bertus\Documents\LPCXpresso_5.2.6_2137\workspace5\nxp_lpcxpresso_11u14_usblib_device\Debug\libnxp_lpcxpresso_11u14_usblib_device.a(DeviceStandardReq.o)
 .text.Endpoint_ClearStatusStage
                0x00004040      0x168 C:\Users\Bertus\Documents\LPCXpresso_5.2.6_2137\workspace5\nxp_lpcxpresso_11u14_usblib_device\Debug\libnxp_lpcxpresso_11u14_usblib_device.a(Endpoint.o)
                0x00004040                Endpoint_ClearStatusStage
 .text.Endpoint_Write_Stream_LE
                0x000041a8      0x1a4 C:\Users\Bertus\Documents\LPCXpresso_5.2.6_2137\workspace5\nxp_lpcxpresso_11u14_usblib_device\Debug\libnxp_lpcxpresso_11u14_usblib_device.a(EndpointStream.o)
                0x000041a8                Endpoint_Write_Stream_LE
 .text.Endpoint_Write_Control_Stream_LE
                0x0000434c      0x124 C:\Users\Bertus\Documents\LPCXpresso_5.2.6_2137\workspace5\nxp_lpcxpresso_11u14_usblib_device\Debug\libnxp_lpcxpresso_11u14_usblib_device.a(EndpointStream.o)
                0x0000434c                Endpoint_Write_Control_Stream_LE
 .text.__main   0x00004470       0x12 c:/nxp/lpcxpresso_5.2.6_2137/lpcxpresso/tools/bin/../lib/gcc/arm-none-eabi/4.6.2/../../../../arm-none-eabi/lib/armv6-m\libcr_nohost.a(_cr__main.o)
                0x00004470                __main
 .text.memcpy   0x00004482        0x8 c:/nxp/lpcxpresso_5.2.6_2137/lpcxpresso/tools/bin/../lib/gcc/arm-none-eabi/4.6.2/../../../../arm-none-eabi/lib/armv6-m\libcr_c.a(memcpy.o)
                0x00004482                memcpy
 .text.memset   0x0000448a        0x8 c:/nxp/lpcxpresso_5.2.6_2137/lpcxpresso/tools/bin/../lib/gcc/arm-none-eabi/4.6.2/../../../../arm-none-eabi/lib/armv6-m\libcr_c.a(memset.o)
                0x0000448a                memset
 *fill*         0x00004492        0x2 00
 .text._initio  0x00004494       0xa0 c:/nxp/lpcxpresso_5.2.6_2137/lpcxpresso/tools/bin/../lib/gcc/arm-none-eabi/4.6.2/../../../../arm-none-eabi/lib/armv6-m\libcr_c.a(initio.o)
                0x00004494                _initio
 .text.memcmp   0x00004534       0x38 c:/nxp/lpcxpresso_5.2.6_2137/lpcxpresso/tools/bin/../lib/gcc/arm-none-eabi/4.6.2/../../../../arm-none-eabi/lib/armv6-m\libcr_c.a(memcmp.o)
                0x00004534                memcmp
 .text.setvbuf  0x0000456c       0x48 c:/nxp/lpcxpresso_5.2.6_2137/lpcxpresso/tools/bin/../lib/gcc/arm-none-eabi/4.6.2/../../../../arm-none-eabi/lib/armv6-m\libcr_c.a(setvbuf.o)
                0x0000456c                setvbuf
 .text.strlen   0x000045b4       0x58 c:/nxp/lpcxpresso_5.2.6_2137/lpcxpresso/tools/bin/../lib/gcc/arm-none-eabi/4.6.2/../../../../arm-none-eabi/lib/armv6-m\libcr_c.a(strlen.o)
                0x000045b4                strlen
 .text.strncpy  0x0000460c       0x54 c:/nxp/lpcxpresso_5.2.6_2137/lpcxpresso/tools/bin/../lib/gcc/arm-none-eabi/4.6.2/../../../../arm-none-eabi/lib/armv6-m\libcr_c.a(strncpy.o)
                0x0000460c                strncpy
 .text._deferredlazyseek
                0x00004660       0x44 c:/nxp/lpcxpresso_5.2.6_2137/lpcxpresso/tools/bin/../lib/gcc/arm-none-eabi/4.6.2/../../../../arm-none-eabi/lib/armv6-m\libcr_c.a(_deferredlazyseek.o)
                0x00004660                _deferredlazyseek
 .text._fdopen  0x000046a4       0x78 c:/nxp/lpcxpresso_5.2.6_2137/lpcxpresso/tools/bin/../lib/gcc/arm-none-eabi/4.6.2/../../../../arm-none-eabi/lib/armv6-m\libcr_c.a(_fdopen.o)
                0x000046a4                _fdopen
 .text._fflush  0x0000471c       0x60 c:/nxp/lpcxpresso_5.2.6_2137/lpcxpresso/tools/bin/../lib/gcc/arm-none-eabi/4.6.2/../../../../arm-none-eabi/lib/armv6-m\libcr_c.a(_fflush.o)
                0x0000471c                _fflush
 .text._Cwritebuf
                0x0000477c       0x6c c:/nxp/lpcxpresso_5.2.6_2137/lpcxpresso/tools/bin/../lib/gcc/arm-none-eabi/4.6.2/../../../../arm-none-eabi/lib/armv6-m\libcr_c.a(_writebuf.o)
                0x0000477c                _Cwritebuf
 .text.malloc   0x000047e8       0xbc c:/nxp/lpcxpresso_5.2.6_2137/lpcxpresso/tools/bin/../lib/gcc/arm-none-eabi/4.6.2/../../../../arm-none-eabi/lib/armv6-m\libcr_c.a(alloc.o)
                0x000047e8                malloc
 .text.free     0x000048a4        0xa c:/nxp/lpcxpresso_5.2.6_2137/lpcxpresso/tools/bin/../lib/gcc/arm-none-eabi/4.6.2/../../../../arm-none-eabi/lib/armv6-m\libcr_c.a(alloc.o)
                0x000048a4                free
 *fill*         0x000048ae        0x2 00
 .text._Csys_alloc
                0x000048b0       0x20 c:/nxp/lpcxpresso_5.2.6_2137/lpcxpresso/tools/bin/../lib/gcc/arm-none-eabi/4.6.2/../../../../arm-none-eabi/lib/armv6-m\libcr_c.a(alloc.o)
                0x000048b0                _Csys_alloc
 .text.fclose   0x000048d0       0x70 c:/nxp/lpcxpresso_5.2.6_2137/lpcxpresso/tools/bin/../lib/gcc/arm-none-eabi/4.6.2/../../../../arm-none-eabi/lib/armv6-m\libcr_c.a(fclose.o)
                0x000048d0                fclose
 .text.fflush   0x00004940       0x38 c:/nxp/lpcxpresso_5.2.6_2137/lpcxpresso/tools/bin/../lib/gcc/arm-none-eabi/4.6.2/../../../../arm-none-eabi/lib/armv6-m\libcr_c.a(fflush.o)
                0x00004940                fflush
 .text.fseek    0x00004978       0xf0 c:/nxp/lpcxpresso_5.2.6_2137/lpcxpresso/tools/bin/../lib/gcc/arm-none-eabi/4.6.2/../../../../arm-none-eabi/lib/armv6-m\libcr_c.a(fseek.o)
                0x00004978                fseek
 .text.ftell    0x00004a68       0x4c c:/nxp/lpcxpresso_5.2.6_2137/lpcxpresso/tools/bin/../lib/gcc/arm-none-eabi/4.6.2/../../../../arm-none-eabi/lib/armv6-m\libcr_c.a(ftell.o)
                0x00004a68                ftell
 .text.remove   0x00004ab4       0x12 c:/nxp/lpcxpresso_5.2.6_2137/lpcxpresso/tools/bin/../lib/gcc/arm-none-eabi/4.6.2/../../../../arm-none-eabi/lib/armv6-m\libcr_c.a(remove.o)
                0x00004ab4                remove
 *fill*         0x00004ac6        0x2 00
 .text._do_fflush
                0x00004ac8       0x48 c:/nxp/lpcxpresso_5.2.6_2137/lpcxpresso/tools/bin/../lib/gcc/arm-none-eabi/4.6.2/../../../../arm-none-eabi/lib/armv6-m\libcr_c.a(_do_fflush.o)
                0x00004ac8                _do_fflush
 .text.__aeabi_division_uidivmod
                0x00004b10       0x72 c:/nxp/lpcxpresso_5.2.6_2137/lpcxpresso/tools/bin/../lib/gcc/arm-none-eabi/4.6.2/armv6-m\libcr_eabihelpers.a(division.o)
                0x00004b10                __aeabi_uidivmod
                0x00004b10                __aeabi_uidiv
 .text.__aeabi_division_idiv0
                0x00004b82        0x2 c:/nxp/lpcxpresso_5.2.6_2137/lpcxpresso/tools/bin/../lib/gcc/arm-none-eabi/4.6.2/armv6-m\libcr_eabihelpers.a(division.o)
                0x00004b82                __aeabi_idiv0
 .text.__aeabi_memcpy
                0x00004b84       0x2c c:/nxp/lpcxpresso_5.2.6_2137/lpcxpresso/tools/bin/../lib/gcc/arm-none-eabi/4.6.2/armv6-m\libcr_eabihelpers.a(memcpy.o)
                0x00004b84                __aeabi_memcpy4
                0x00004b84                __aeabi_memcpy8
                0x00004b84                __aeabi_memcpy
 .text.__aeabi_memset_lowlevel
                0x00004bb0       0x2a c:/nxp/lpcxpresso_5.2.6_2137/lpcxpresso/tools/bin/../lib/gcc/arm-none-eabi/4.6.2/armv6-m\libcr_eabihelpers.a(memcpy.o)
                0x00004bb0                __aeabi_lowlevel_memset
 .text.__sys_appexit
                0x00004bda        0x4 c:/nxp/lpcxpresso_5.2.6_2137/lpcxpresso/tools/bin/../lib/gcc/arm-none-eabi/4.6.2/../../../../arm-none-eabi/lib/armv6-m\libcr_nohost.a(__sys_appexit.o)
                0x00004bda                __sys_appexit
                0x00004bda                __exit
 .text.__sys_close
                0x00004bde        0x6 c:/nxp/lpcxpresso_5.2.6_2137/lpcxpresso/tools/bin/../lib/gcc/arm-none-eabi/4.6.2/../../../../arm-none-eabi/lib/armv6-m\libcr_nohost.a(__sys_close.o)
                0x00004bde                __sys_close
 .text.__sys_flen
                0x00004be4        0x6 c:/nxp/lpcxpresso_5.2.6_2137/lpcxpresso/tools/bin/../lib/gcc/arm-none-eabi/4.6.2/../../../../arm-none-eabi/lib/armv6-m\libcr_nohost.a(__sys_flen.o)
                0x00004be4                __sys_flen
 .text.__sys_istty
                0x00004bea        0x6 c:/nxp/lpcxpresso_5.2.6_2137/lpcxpresso/tools/bin/../lib/gcc/arm-none-eabi/4.6.2/../../../../arm-none-eabi/lib/armv6-m\libcr_nohost.a(__sys_istty.o)
                0x00004bea                __sys_istty
 .text.__sys_remove
                0x00004bf0        0x6 c:/nxp/lpcxpresso_5.2.6_2137/lpcxpresso/tools/bin/../lib/gcc/arm-none-eabi/4.6.2/../../../../arm-none-eabi/lib/armv6-m\libcr_nohost.a(__sys_remove.o)
                0x00004bf0                __sys_remove
 .text.__sys_seek
                0x00004bf6        0x6 c:/nxp/lpcxpresso_5.2.6_2137/lpcxpresso/tools/bin/../lib/gcc/arm-none-eabi/4.6.2/../../../../arm-none-eabi/lib/armv6-m\libcr_nohost.a(__sys_seek.o)
                0x00004bf6                __sys_seek
 .text.__sys_tmpnam
                0x00004bfc        0x6 c:/nxp/lpcxpresso_5.2.6_2137/lpcxpresso/tools/bin/../lib/gcc/arm-none-eabi/4.6.2/../../../../arm-none-eabi/lib/armv6-m\libcr_nohost.a(__sys_tmpnam.o)
                0x00004bfc                __sys_tmpnam
 *fill*         0x00004c02        0x2 00
 .text._sbrk    0x00004c04       0x40 c:/nxp/lpcxpresso_5.2.6_2137/lpcxpresso/tools/bin/../lib/gcc/arm-none-eabi/4.6.2/../../../../arm-none-eabi/lib/armv6-m\libcr_nohost.a(_cr_sbrk.o)
                0x00004c04                _sbrk
 .text.__check_heap_overflow
                0x00004c44       0x2c c:/nxp/lpcxpresso_5.2.6_2137/lpcxpresso/tools/bin/../lib/gcc/arm-none-eabi/4.6.2/../../../../arm-none-eabi/lib/armv6-m\libcr_nohost.a(_cr_check_heap.o)
                0x00004c44                __check_heap_overflow
 *(.rodata .rodata.*)
 .rodata        0x00004c70       0x20 ./example/src/freertos/src/tasks.o
 .rodata.ucExpectedStackBytes.6333
                0x00004c90       0x14 ./example/src/freertos/src/tasks.o
 .rodata        0x00004ca4       0x28 ./example/src/VirtualSerial.o
 .rodata.OscRateIn
                0x00004ccc        0x4 C:\Users\Bertus\Documents\LPCXpresso_5.2.6_2137\workspace5\nxp_lpcxpresso_11u14_board_lib\Debug\libnxp_lpcxpresso_11u14_board_lib.a(board.o)
                0x00004ccc                OscRateIn
 .rodata.pinmuxing
                0x00004cd0       0x24 C:\Users\Bertus\Documents\LPCXpresso_5.2.6_2137\workspace5\nxp_lpcxpresso_11u14_board_lib\Debug\libnxp_lpcxpresso_11u14_board_lib.a(board_sysinit.o)
 .rodata.wdtOSCRate
                0x00004cf4       0x40 C:\Users\Bertus\Documents\LPCXpresso_5.2.6_2137\workspace5\lpc_chip_11uxx_lib\Debug\liblpc_chip_11uxx_lib.a(clock_11xx.o)
 .rodata.USB_Device_ProcessControlRequest
                0x00004d34       0x28 C:\Users\Bertus\Documents\LPCXpresso_5.2.6_2137\workspace5\nxp_lpcxpresso_11u14_usblib_device\Debug\libnxp_lpcxpresso_11u14_usblib_device.a(DeviceStandardReq.o)
 .rodata.str1.1
                0x00004d5c        0x4 c:/nxp/lpcxpresso_5.2.6_2137/lpcxpresso/tools/bin/../lib/gcc/arm-none-eabi/4.6.2/../../../../arm-none-eabi/lib/armv6-m\libcr_c.a(initio.o)
 .rodata.str1.1
                0x00004d60       0x18 c:/nxp/lpcxpresso_5.2.6_2137/lpcxpresso/tools/bin/../lib/gcc/arm-none-eabi/4.6.2/../../../../arm-none-eabi/lib/armv6-m\libcr_c.a(alloc.o)
                0x00004d78                . = ALIGN (0x4)

.glue_7         0x00004d78        0x0
 .glue_7        0x00000000        0x0 linker stubs

.glue_7t        0x00004d78        0x0
 .glue_7t       0x00000000        0x0 linker stubs

.vfp11_veneer   0x00004d78        0x0
 .vfp11_veneer  0x00000000        0x0 linker stubs

.v4_bx          0x00004d78        0x0
 .v4_bx         0x00000000        0x0 linker stubs

.ARM.extab
 *(.ARM.extab* .gnu.linkonce.armextab.*)
                0x00004d78                __exidx_start = .

.ARM.exidx
 *(.ARM.exidx* .gnu.linkonce.armexidx.*)
                0x00004d78                __exidx_end = .
                0x00004d78                _etext = .

.data_RAM2      0x20004000        0x0 load address 0x00004d78
 FILL mask 0xff
 *(.data.$RAM2*)
 *(.data.$RamUsb2*)
                0x20004000                . = ALIGN (0x4)

.uninit_RESERVED
                0x10000000        0x0
 *(.bss.$RESERVED*)
                0x10000000                . = ALIGN (0x4)
                0x10000000                _end_uninit_RESERVED = .

.data           0x10000000       0xb8 load address 0x00004d78
 FILL mask 0xff
                0x10000000                _data = .
 *(vtable)
 *(.data*)
 .data.uxCriticalNesting
                0x10000000        0x4 ./example/src/freertos/src/port.o
 .data.xNextTaskUnblockTime
                0x10000004        0x4 ./example/src/freertos/src/tasks.o
 .data.DeviceDescriptor
                0x10000008       0x14 ./example/src/Descriptors.o
                0x10000008                DeviceDescriptor
 .data.ConfigurationDescriptor
                0x1000001c       0x40 ./example/src/Descriptors.o
                0x1000001c                ConfigurationDescriptor
 .data.LanguageString
                0x1000005c        0x4 ./example/src/Descriptors.o
                0x1000005c                LanguageString
 .data.LanguageStringPtr
                0x10000060        0x4 ./example/src/Descriptors.o
                0x10000060                LanguageStringPtr
 .data.ManufacturerString
                0x10000064        0x8 ./example/src/Descriptors.o
                0x10000064                ManufacturerString
 .data.ManufacturerStringPtr
                0x1000006c        0x4 ./example/src/Descriptors.o
                0x1000006c                ManufacturerStringPtr
 .data.ProductString
                0x10000070       0x28 ./example/src/Descriptors.o
                0x10000070                ProductString
 .data.ProductStringPtr
                0x10000098        0x4 ./example/src/Descriptors.o
                0x10000098                ProductStringPtr
 .data.VirtualSerial_CDC_Interface
                0x1000009c       0x1c ./example/src/VirtualSerial.o
                0x1000009c                VirtualSerial_CDC_Interface
                0x100000b8                . = ALIGN (0x4)
                0x100000b8                _edata = .

.bss_RAM2       0x20004000      0x800
 *(.bss.$RAM2*)
 .bss.$RAM2     0x20004000        0x8 C:\Users\Bertus\Documents\LPCXpresso_5.2.6_2137\workspace5\nxp_lpcxpresso_11u14_usblib_device\Debug\libnxp_lpcxpresso_11u14_usblib_device.a(USBTask.o)
                0x20004000                USB_ControlRequest
 *fill*         0x20004008       0xf8 00
 .bss.$RAM2     0x20004100      0x100 C:\Users\Bertus\Documents\LPCXpresso_5.2.6_2137\workspace5\nxp_lpcxpresso_11u14_usblib_device\Debug\libnxp_lpcxpresso_11u14_usblib_device.a(Endpoint_LPC11Uxx.o)
                0x20004100                EndPointCmdStsList
 .bss.$RAM2     0x20004200      0x600 C:\Users\Bertus\Documents\LPCXpresso_5.2.6_2137\workspace5\nxp_lpcxpresso_11u14_usblib_device\Debug\libnxp_lpcxpresso_11u14_usblib_device.a(Endpoint.o)
                0x20004200                usb_data_buffer
                0x20004400                usb_data_buffer_OUT
                0x20004600                usb_data_buffer_IN
 *(.bss.$RamUsb2*)
                0x20004800                . = ALIGN (0x4)

.bss            0x100000b8      0x914
                0x100000b8                _bss = .
 *(.bss*)
 .bss.ucHeap    0x100000b8      0x600 ./example/src/freertos/src/heap_1.o
 .bss.xNextFreeByte
                0x100006b8        0x4 ./example/src/freertos/src/heap_1.o
 .bss.pucAlignedHeap.6056
                0x100006bc        0x4 ./example/src/freertos/src/heap_1.o
 .bss.pxCurrentTCB
                0x100006c0        0x4 ./example/src/freertos/src/tasks.o
                0x100006c0                pxCurrentTCB
 .bss.pxReadyTasksLists
                0x100006c4       0xa0 ./example/src/freertos/src/tasks.o
 .bss.xDelayedTaskList1
                0x10000764       0x14 ./example/src/freertos/src/tasks.o
 .bss.xDelayedTaskList2
                0x10000778       0x14 ./example/src/freertos/src/tasks.o
 .bss.pxDelayedTaskList
                0x1000078c        0x4 ./example/src/freertos/src/tasks.o
 .bss.pxOverflowDelayedTaskList
                0x10000790        0x4 ./example/src/freertos/src/tasks.o
 .bss.xPendingReadyList
                0x10000794       0x14 ./example/src/freertos/src/tasks.o
 .bss.xTasksWaitingTermination
                0x100007a8       0x14 ./example/src/freertos/src/tasks.o
 .bss.uxTasksDeleted
                0x100007bc        0x4 ./example/src/freertos/src/tasks.o
 .bss.xSuspendedTaskList
                0x100007c0       0x14 ./example/src/freertos/src/tasks.o
 .bss.uxCurrentNumberOfTasks
                0x100007d4        0x4 ./example/src/freertos/src/tasks.o
 .bss.xTickCount
                0x100007d8        0x4 ./example/src/freertos/src/tasks.o
 .bss.uxTopUsedPriority
                0x100007dc        0x4 ./example/src/freertos/src/tasks.o
 .bss.uxTopReadyPriority
                0x100007e0        0x4 ./example/src/freertos/src/tasks.o
 .bss.xSchedulerRunning
                0x100007e4        0x4 ./example/src/freertos/src/tasks.o
 .bss.uxSchedulerSuspended
                0x100007e8        0x4 ./example/src/freertos/src/tasks.o
 .bss.uxMissedTicks
                0x100007ec        0x4 ./example/src/freertos/src/tasks.o
 .bss.xMissedYield
                0x100007f0        0x4 ./example/src/freertos/src/tasks.o
 .bss.xNumOfOverflows
                0x100007f4        0x4 ./example/src/freertos/src/tasks.o
 .bss.uxTaskNumber
                0x100007f8        0x4 ./example/src/freertos/src/tasks.o
 .bss.errno     0x100007fc        0x4 c:/nxp/lpcxpresso_5.2.6_2137/lpcxpresso/tools/bin/../lib/gcc/arm-none-eabi/4.6.2/../../../../arm-none-eabi/lib/armv6-m\libcr_c.a(errno.o)
                0x100007fc                errno
 *(COMMON)
 COMMON         0x10000800        0x4 C:\Users\Bertus\Documents\LPCXpresso_5.2.6_2137\workspace5\lpc_chip_11uxx_lib\Debug\liblpc_chip_11uxx_lib.a(chip_11xx.o)
                0x10000800                SystemCoreClock
 COMMON         0x10000804        0x1 C:\Users\Bertus\Documents\LPCXpresso_5.2.6_2137\workspace5\nxp_lpcxpresso_11u14_usblib_device\Debug\libnxp_lpcxpresso_11u14_usblib_device.a(USBController.o)
                0x10000804                USB_CurrentMode
 *fill*         0x10000805        0x3 00
 COMMON         0x10000808        0x5 C:\Users\Bertus\Documents\LPCXpresso_5.2.6_2137\workspace5\nxp_lpcxpresso_11u14_usblib_device\Debug\libnxp_lpcxpresso_11u14_usblib_device.a(USBTask.o)
                0x10000808                USB_IsInitialized
                0x1000080c                USB_DeviceState
 *fill*         0x1000080d        0x3 00
 COMMON         0x10000810       0x45 C:\Users\Bertus\Documents\LPCXpresso_5.2.6_2137\workspace5\nxp_lpcxpresso_11u14_usblib_device\Debug\libnxp_lpcxpresso_11u14_usblib_device.a(Endpoint_LPC11Uxx.o)
                0x10000810                stream_total_packets
                0x10000814                Remain_length
                0x10000828                epout_primed
                0x1000082c                EndpointMaxPacketSize
                0x10000854                shortpacket
 COMMON         0x10000855        0x3 C:\Users\Bertus\Documents\LPCXpresso_5.2.6_2137\workspace5\nxp_lpcxpresso_11u14_usblib_device\Debug\libnxp_lpcxpresso_11u14_usblib_device.a(DeviceStandardReq.o)
                0x10000855                USB_Device_ConfigurationNumber
                0x10000856                USB_Device_CurrentlySelfPowered
                0x10000857                USB_Device_RemoteWakeupEnabled
 COMMON         0x10000858       0x25 C:\Users\Bertus\Documents\LPCXpresso_5.2.6_2137\workspace5\nxp_lpcxpresso_11u14_usblib_device\Debug\libnxp_lpcxpresso_11u14_usblib_device.a(Endpoint.o)
                0x10000858                usb_data_buffer_OUT_size
                0x1000085c                endpointselected
                0x10000860                usb_data_buffer_index
                0x10000864                usb_data_buffer_IN_index
                0x10000868                usb_data_buffer_size
                0x1000086c                usb_data_buffer_OUT_index
                0x10000870                endpointhandle0
                0x10000878                endpointhandle1
 *fill*         0x1000087d        0x3 00
 COMMON         0x10000880        0x4 c:/nxp/lpcxpresso_5.2.6_2137/lpcxpresso/tools/bin/../lib/gcc/arm-none-eabi/4.6.2/../../../../arm-none-eabi/lib/armv6-m\libcr_c.a(initio.o)
                0x10000880                _extra
 COMMON         0x10000884      0x140 c:/nxp/lpcxpresso_5.2.6_2137/lpcxpresso/tools/bin/../lib/gcc/arm-none-eabi/4.6.2/../../../../arm-none-eabi/lib/armv6-m\libcr_c.a(stdio.o)
                0x10000884                __Ciob
 COMMON         0x100009c4        0x8 c:/nxp/lpcxpresso_5.2.6_2137/lpcxpresso/tools/bin/../lib/gcc/arm-none-eabi/4.6.2/../../../../arm-none-eabi/lib/armv6-m\libcr_c.a(__init_alloc.o)
                0x100009c4                __heaps
                0x100009c8                __end_of_heap
                0x100009cc                . = ALIGN (0x4)
                0x100009cc                _ebss = .
                0x100009cc                PROVIDE (end, .)

.noinit_RAM2    0x20004800        0x0
 *(.noinit.$RAM2*)
 *(.noinit.$RamUsb2*)
                0x20004800                . = ALIGN (0x4)

.noinit         0x100009cc        0x0
                0x100009cc                _noinit = .
 *(.noinit*)
                0x100009cc                . = ALIGN (0x4)
                0x100009cc                _end_noinit = .
                0x100009cc                PROVIDE (_pvHeapStart, .)
                0x10001000                PROVIDE (_vStackTop, (__top_RamLoc4 - 0x0))
OUTPUT(SerialRTOS.axf elf32-littlearm)

.debug_info     0x00000000     0xd80a
 .debug_info    0x00000000      0x199 ./example/src/freertos/src/FreeRTOSCommonHooks.o
 .debug_info    0x00000199      0x514 ./example/src/freertos/src/croutine.o
 .debug_info    0x000006ad      0x1ad ./example/src/freertos/src/heap_1.o
 .debug_info    0x0000085a      0x2ee ./example/src/freertos/src/list.o
 .debug_info    0x00000b48      0x23f ./example/src/freertos/src/port.o
 .debug_info    0x00000d87      0xaeb ./example/src/freertos/src/queue.o
 .debug_info    0x00001872     0x1018 ./example/src/freertos/src/tasks.o
 .debug_info    0x0000288a       0xaf ./example/src/freertos/src/timers.o
 .debug_info    0x00002939      0x345 ./example/src/Lib/UsbRom.o
 .debug_info    0x00002c7e      0xa57 ./example/src/Descriptors.o
 .debug_info    0x000036d5      0x617 ./example/src/VirtualSerial.o
 .debug_info    0x00003cec      0x271 ./example/src/cr_startup_lpc11xx.o
 .debug_info    0x00003f5d       0xc8 ./example/src/sysinit.o
 .debug_info    0x00004025      0x83f C:\Users\Bertus\Documents\LPCXpresso_5.2.6_2137\workspace5\nxp_lpcxpresso_11u14_board_lib\Debug\libnxp_lpcxpresso_11u14_board_lib.a(board.o)
 .debug_info    0x00004864      0xa43 C:\Users\Bertus\Documents\LPCXpresso_5.2.6_2137\workspace5\nxp_lpcxpresso_11u14_board_lib\Debug\libnxp_lpcxpresso_11u14_board_lib.a(board_sysinit.o)
 .debug_info    0x000052a7       0xe1 C:\Users\Bertus\Documents\LPCXpresso_5.2.6_2137\workspace5\lpc_chip_11uxx_lib\Debug\liblpc_chip_11uxx_lib.a(chip_11xx.o)
 .debug_info    0x00005388      0x9a6 C:\Users\Bertus\Documents\LPCXpresso_5.2.6_2137\workspace5\lpc_chip_11uxx_lib\Debug\liblpc_chip_11uxx_lib.a(clock_11xx.o)
 .debug_info    0x00005d2e      0xa47 C:\Users\Bertus\Documents\LPCXpresso_5.2.6_2137\workspace5\lpc_chip_11uxx_lib\Debug\liblpc_chip_11uxx_lib.a(gpio_11xx_1.o)
 .debug_info    0x00006775      0x169 C:\Users\Bertus\Documents\LPCXpresso_5.2.6_2137\workspace5\lpc_chip_11uxx_lib\Debug\liblpc_chip_11uxx_lib.a(iocon_11xx.o)
 .debug_info    0x000068de      0x62f C:\Users\Bertus\Documents\LPCXpresso_5.2.6_2137\workspace5\lpc_chip_11uxx_lib\Debug\liblpc_chip_11uxx_lib.a(sysctl_11xx.o)
 .debug_info    0x00006f0d      0xfd4 C:\Users\Bertus\Documents\LPCXpresso_5.2.6_2137\workspace5\lpc_chip_11uxx_lib\Debug\liblpc_chip_11uxx_lib.a(uart_11xx.o)
 .debug_info    0x00007ee1      0x372 C:\Users\Bertus\Documents\LPCXpresso_5.2.6_2137\workspace5\lpc_chip_11uxx_lib\Debug\liblpc_chip_11uxx_lib.a(ring_buffer.o)
 .debug_info    0x00008253      0x521 C:\Users\Bertus\Documents\LPCXpresso_5.2.6_2137\workspace5\nxp_lpcxpresso_11u14_usblib_device\Debug\libnxp_lpcxpresso_11u14_usblib_device.a(USBController.o)
 .debug_info    0x00008774      0x661 C:\Users\Bertus\Documents\LPCXpresso_5.2.6_2137\workspace5\nxp_lpcxpresso_11u14_usblib_device\Debug\libnxp_lpcxpresso_11u14_usblib_device.a(USBTask.o)
 .debug_info    0x00008dd5     0x1460 C:\Users\Bertus\Documents\LPCXpresso_5.2.6_2137\workspace5\nxp_lpcxpresso_11u14_usblib_device\Debug\libnxp_lpcxpresso_11u14_usblib_device.a(CDCClassDevice.o)
 .debug_info    0x0000a235      0xd00 C:\Users\Bertus\Documents\LPCXpresso_5.2.6_2137\workspace5\nxp_lpcxpresso_11u14_usblib_device\Debug\libnxp_lpcxpresso_11u14_usblib_device.a(HAL_LPC11Uxx.o)
 .debug_info    0x0000af35      0xb35 C:\Users\Bertus\Documents\LPCXpresso_5.2.6_2137\workspace5\nxp_lpcxpresso_11u14_usblib_device\Debug\libnxp_lpcxpresso_11u14_usblib_device.a(Endpoint_LPC11Uxx.o)
 .debug_info    0x0000ba6a      0xd01 C:\Users\Bertus\Documents\LPCXpresso_5.2.6_2137\workspace5\nxp_lpcxpresso_11u14_usblib_device\Debug\libnxp_lpcxpresso_11u14_usblib_device.a(DeviceStandardReq.o)
 .debug_info    0x0000c76b      0x655 C:\Users\Bertus\Documents\LPCXpresso_5.2.6_2137\workspace5\nxp_lpcxpresso_11u14_usblib_device\Debug\libnxp_lpcxpresso_11u14_usblib_device.a(Endpoint.o)
 .debug_info    0x0000cdc0      0xa4a C:\Users\Bertus\Documents\LPCXpresso_5.2.6_2137\workspace5\nxp_lpcxpresso_11u14_usblib_device\Debug\libnxp_lpcxpresso_11u14_usblib_device.a(EndpointStream.o)

.debug_abbrev   0x00000000     0x2892
 .debug_abbrev  0x00000000       0xda ./example/src/freertos/src/FreeRTOSCommonHooks.o
 .debug_abbrev  0x000000da      0x18a ./example/src/freertos/src/croutine.o
 .debug_abbrev  0x00000264      0x118 ./example/src/freertos/src/heap_1.o
 .debug_abbrev  0x0000037c       0xd6 ./example/src/freertos/src/list.o
 .debug_abbrev  0x00000452      0x148 ./example/src/freertos/src/port.o
 .debug_abbrev  0x0000059a      0x170 ./example/src/freertos/src/queue.o
 .debug_abbrev  0x0000070a      0x195 ./example/src/freertos/src/tasks.o
 .debug_abbrev  0x0000089f       0x51 ./example/src/freertos/src/timers.o
 .debug_abbrev  0x000008f0       0xa9 ./example/src/Lib/UsbRom.o
 .debug_abbrev  0x00000999      0x158 ./example/src/Descriptors.o
 .debug_abbrev  0x00000af1      0x18d ./example/src/VirtualSerial.o
 .debug_abbrev  0x00000c7e       0xd8 ./example/src/cr_startup_lpc11xx.o
 .debug_abbrev  0x00000d56       0x68 ./example/src/sysinit.o
 .debug_abbrev  0x00000dbe      0x1f8 C:\Users\Bertus\Documents\LPCXpresso_5.2.6_2137\workspace5\nxp_lpcxpresso_11u14_board_lib\Debug\libnxp_lpcxpresso_11u14_board_lib.a(board.o)
 .debug_abbrev  0x00000fb6      0x199 C:\Users\Bertus\Documents\LPCXpresso_5.2.6_2137\workspace5\nxp_lpcxpresso_11u14_board_lib\Debug\libnxp_lpcxpresso_11u14_board_lib.a(board_sysinit.o)
 .debug_abbrev  0x0000114f       0x8a C:\Users\Bertus\Documents\LPCXpresso_5.2.6_2137\workspace5\lpc_chip_11uxx_lib\Debug\liblpc_chip_11uxx_lib.a(chip_11xx.o)
 .debug_abbrev  0x000011d9      0x182 C:\Users\Bertus\Documents\LPCXpresso_5.2.6_2137\workspace5\lpc_chip_11uxx_lib\Debug\liblpc_chip_11uxx_lib.a(clock_11xx.o)
 .debug_abbrev  0x0000135b      0x133 C:\Users\Bertus\Documents\LPCXpresso_5.2.6_2137\workspace5\lpc_chip_11uxx_lib\Debug\liblpc_chip_11uxx_lib.a(gpio_11xx_1.o)
 .debug_abbrev  0x0000148e       0xc6 C:\Users\Bertus\Documents\LPCXpresso_5.2.6_2137\workspace5\lpc_chip_11uxx_lib\Debug\liblpc_chip_11uxx_lib.a(iocon_11xx.o)
 .debug_abbrev  0x00001554       0xbd C:\Users\Bertus\Documents\LPCXpresso_5.2.6_2137\workspace5\lpc_chip_11uxx_lib\Debug\liblpc_chip_11uxx_lib.a(sysctl_11xx.o)
 .debug_abbrev  0x00001611      0x1e4 C:\Users\Bertus\Documents\LPCXpresso_5.2.6_2137\workspace5\lpc_chip_11uxx_lib\Debug\liblpc_chip_11uxx_lib.a(uart_11xx.o)
 .debug_abbrev  0x000017f5       0xef C:\Users\Bertus\Documents\LPCXpresso_5.2.6_2137\workspace5\lpc_chip_11uxx_lib\Debug\liblpc_chip_11uxx_lib.a(ring_buffer.o)
 .debug_abbrev  0x000018e4      0x11e C:\Users\Bertus\Documents\LPCXpresso_5.2.6_2137\workspace5\nxp_lpcxpresso_11u14_usblib_device\Debug\libnxp_lpcxpresso_11u14_usblib_device.a(USBController.o)
 .debug_abbrev  0x00001a02      0x1b7 C:\Users\Bertus\Documents\LPCXpresso_5.2.6_2137\workspace5\nxp_lpcxpresso_11u14_usblib_device\Debug\libnxp_lpcxpresso_11u14_usblib_device.a(USBTask.o)
 .debug_abbrev  0x00001bb9      0x296 C:\Users\Bertus\Documents\LPCXpresso_5.2.6_2137\workspace5\nxp_lpcxpresso_11u14_usblib_device\Debug\libnxp_lpcxpresso_11u14_usblib_device.a(CDCClassDevice.o)
 .debug_abbrev  0x00001e4f      0x1a9 C:\Users\Bertus\Documents\LPCXpresso_5.2.6_2137\workspace5\nxp_lpcxpresso_11u14_usblib_device\Debug\libnxp_lpcxpresso_11u14_usblib_device.a(HAL_LPC11Uxx.o)
 .debug_abbrev  0x00001ff8      0x231 C:\Users\Bertus\Documents\LPCXpresso_5.2.6_2137\workspace5\nxp_lpcxpresso_11u14_usblib_device\Debug\libnxp_lpcxpresso_11u14_usblib_device.a(Endpoint_LPC11Uxx.o)
 .debug_abbrev  0x00002229      0x28f C:\Users\Bertus\Documents\LPCXpresso_5.2.6_2137\workspace5\nxp_lpcxpresso_11u14_usblib_device\Debug\libnxp_lpcxpresso_11u14_usblib_device.a(DeviceStandardReq.o)
 .debug_abbrev  0x000024b8      0x1f2 C:\Users\Bertus\Documents\LPCXpresso_5.2.6_2137\workspace5\nxp_lpcxpresso_11u14_usblib_device\Debug\libnxp_lpcxpresso_11u14_usblib_device.a(Endpoint.o)
 .debug_abbrev  0x000026aa      0x1e8 C:\Users\Bertus\Documents\LPCXpresso_5.2.6_2137\workspace5\nxp_lpcxpresso_11u14_usblib_device\Debug\libnxp_lpcxpresso_11u14_usblib_device.a(EndpointStream.o)

.debug_loc      0x00000000     0x394a
 .debug_loc     0x00000000       0xf4 ./example/src/freertos/src/FreeRTOSCommonHooks.o
 .debug_loc     0x000000f4      0x188 ./example/src/freertos/src/croutine.o
 .debug_loc     0x0000027c       0xc8 ./example/src/freertos/src/heap_1.o
 .debug_loc     0x00000344      0x118 ./example/src/freertos/src/list.o
 .debug_loc     0x0000045c      0x178 ./example/src/freertos/src/port.o
 .debug_loc     0x000005d4      0x578 ./example/src/freertos/src/queue.o
 .debug_loc     0x00000b4c      0x85a ./example/src/freertos/src/tasks.o
 .debug_loc     0x000013a6       0x38 ./example/src/Descriptors.o
 .debug_loc     0x000013de      0x170 ./example/src/VirtualSerial.o
 .debug_loc     0x0000154e      0x1b0 ./example/src/cr_startup_lpc11xx.o
 .debug_loc     0x000016fe       0x2c ./example/src/sysinit.o
 .debug_loc     0x0000172a      0x4c0 C:\Users\Bertus\Documents\LPCXpresso_5.2.6_2137\workspace5\nxp_lpcxpresso_11u14_board_lib\Debug\libnxp_lpcxpresso_11u14_board_lib.a(board.o)
 .debug_loc     0x00001bea      0x20c C:\Users\Bertus\Documents\LPCXpresso_5.2.6_2137\workspace5\nxp_lpcxpresso_11u14_board_lib\Debug\libnxp_lpcxpresso_11u14_board_lib.a(board_sysinit.o)
 .debug_loc     0x00001df6       0x2c C:\Users\Bertus\Documents\LPCXpresso_5.2.6_2137\workspace5\lpc_chip_11uxx_lib\Debug\liblpc_chip_11uxx_lib.a(chip_11xx.o)
 .debug_loc     0x00001e22      0x370 C:\Users\Bertus\Documents\LPCXpresso_5.2.6_2137\workspace5\lpc_chip_11uxx_lib\Debug\liblpc_chip_11uxx_lib.a(clock_11xx.o)
 .debug_loc     0x00002192      0x2a0 C:\Users\Bertus\Documents\LPCXpresso_5.2.6_2137\workspace5\lpc_chip_11uxx_lib\Debug\liblpc_chip_11uxx_lib.a(gpio_11xx_1.o)
 .debug_loc     0x00002432       0x38 C:\Users\Bertus\Documents\LPCXpresso_5.2.6_2137\workspace5\lpc_chip_11uxx_lib\Debug\liblpc_chip_11uxx_lib.a(iocon_11xx.o)
 .debug_loc     0x0000246a       0xe0 C:\Users\Bertus\Documents\LPCXpresso_5.2.6_2137\workspace5\lpc_chip_11uxx_lib\Debug\liblpc_chip_11uxx_lib.a(sysctl_11xx.o)
 .debug_loc     0x0000254a      0x5e8 C:\Users\Bertus\Documents\LPCXpresso_5.2.6_2137\workspace5\lpc_chip_11uxx_lib\Debug\liblpc_chip_11uxx_lib.a(uart_11xx.o)
 .debug_loc     0x00002b32      0x1f8 C:\Users\Bertus\Documents\LPCXpresso_5.2.6_2137\workspace5\lpc_chip_11uxx_lib\Debug\liblpc_chip_11uxx_lib.a(ring_buffer.o)
 .debug_loc     0x00002d2a       0xe0 C:\Users\Bertus\Documents\LPCXpresso_5.2.6_2137\workspace5\nxp_lpcxpresso_11u14_usblib_device\Debug\libnxp_lpcxpresso_11u14_usblib_device.a(USBController.o)
 .debug_loc     0x00002e0a       0x70 C:\Users\Bertus\Documents\LPCXpresso_5.2.6_2137\workspace5\nxp_lpcxpresso_11u14_usblib_device\Debug\libnxp_lpcxpresso_11u14_usblib_device.a(USBTask.o)
 .debug_loc     0x00002e7a      0x2a2 C:\Users\Bertus\Documents\LPCXpresso_5.2.6_2137\workspace5\nxp_lpcxpresso_11u14_usblib_device\Debug\libnxp_lpcxpresso_11u14_usblib_device.a(CDCClassDevice.o)
 .debug_loc     0x0000311c      0x224 C:\Users\Bertus\Documents\LPCXpresso_5.2.6_2137\workspace5\nxp_lpcxpresso_11u14_usblib_device\Debug\libnxp_lpcxpresso_11u14_usblib_device.a(HAL_LPC11Uxx.o)
 .debug_loc     0x00003340      0x17e C:\Users\Bertus\Documents\LPCXpresso_5.2.6_2137\workspace5\nxp_lpcxpresso_11u14_usblib_device\Debug\libnxp_lpcxpresso_11u14_usblib_device.a(Endpoint_LPC11Uxx.o)
 .debug_loc     0x000034be      0x188 C:\Users\Bertus\Documents\LPCXpresso_5.2.6_2137\workspace5\nxp_lpcxpresso_11u14_usblib_device\Debug\libnxp_lpcxpresso_11u14_usblib_device.a(DeviceStandardReq.o)
 .debug_loc     0x00003646       0xd4 C:\Users\Bertus\Documents\LPCXpresso_5.2.6_2137\workspace5\nxp_lpcxpresso_11u14_usblib_device\Debug\libnxp_lpcxpresso_11u14_usblib_device.a(Endpoint.o)
 .debug_loc     0x0000371a      0x230 C:\Users\Bertus\Documents\LPCXpresso_5.2.6_2137\workspace5\nxp_lpcxpresso_11u14_usblib_device\Debug\libnxp_lpcxpresso_11u14_usblib_device.a(EndpointStream.o)

.debug_aranges  0x00000000      0xb30
 .debug_aranges
                0x00000000       0x40 ./example/src/freertos/src/FreeRTOSCommonHooks.o
 .debug_aranges
                0x00000040       0x50 ./example/src/freertos/src/croutine.o
 .debug_aranges
                0x00000090       0x38 ./example/src/freertos/src/heap_1.o
 .debug_aranges
                0x000000c8       0x40 ./example/src/freertos/src/list.o
 .debug_aranges
                0x00000108       0x70 ./example/src/freertos/src/port.o
 .debug_aranges
                0x00000178       0xe0 ./example/src/freertos/src/queue.o
 .debug_aranges
                0x00000258      0x150 ./example/src/freertos/src/tasks.o
 .debug_aranges
                0x000003a8       0x20 ./example/src/Descriptors.o
 .debug_aranges
                0x000003c8       0x50 ./example/src/VirtualSerial.o
 .debug_aranges
                0x00000418       0x60 ./example/src/cr_startup_lpc11xx.o
 .debug_aranges
                0x00000478       0x20 ./example/src/sysinit.o
 .debug_aranges
                0x00000498       0xd0 C:\Users\Bertus\Documents\LPCXpresso_5.2.6_2137\workspace5\nxp_lpcxpresso_11u14_board_lib\Debug\libnxp_lpcxpresso_11u14_board_lib.a(board.o)
 .debug_aranges
                0x00000568       0x68 C:\Users\Bertus\Documents\LPCXpresso_5.2.6_2137\workspace5\nxp_lpcxpresso_11u14_board_lib\Debug\libnxp_lpcxpresso_11u14_board_lib.a(board_sysinit.o)
 .debug_aranges
                0x000005d0       0x20 C:\Users\Bertus\Documents\LPCXpresso_5.2.6_2137\workspace5\lpc_chip_11uxx_lib\Debug\liblpc_chip_11uxx_lib.a(chip_11xx.o)
 .debug_aranges
                0x000005f0       0xa0 C:\Users\Bertus\Documents\LPCXpresso_5.2.6_2137\workspace5\lpc_chip_11uxx_lib\Debug\liblpc_chip_11uxx_lib.a(clock_11xx.o)
 .debug_aranges
                0x00000690       0x78 C:\Users\Bertus\Documents\LPCXpresso_5.2.6_2137\workspace5\lpc_chip_11uxx_lib\Debug\liblpc_chip_11uxx_lib.a(gpio_11xx_1.o)
 .debug_aranges
                0x00000708       0x20 C:\Users\Bertus\Documents\LPCXpresso_5.2.6_2137\workspace5\lpc_chip_11uxx_lib\Debug\liblpc_chip_11uxx_lib.a(iocon_11xx.o)
 .debug_aranges
                0x00000728       0x38 C:\Users\Bertus\Documents\LPCXpresso_5.2.6_2137\workspace5\lpc_chip_11uxx_lib\Debug\liblpc_chip_11uxx_lib.a(sysctl_11xx.o)
 .debug_aranges
                0x00000760       0xf0 C:\Users\Bertus\Documents\LPCXpresso_5.2.6_2137\workspace5\lpc_chip_11uxx_lib\Debug\liblpc_chip_11uxx_lib.a(uart_11xx.o)
 .debug_aranges
                0x00000850       0x60 C:\Users\Bertus\Documents\LPCXpresso_5.2.6_2137\workspace5\lpc_chip_11uxx_lib\Debug\liblpc_chip_11uxx_lib.a(ring_buffer.o)
 .debug_aranges
                0x000008b0       0x38 C:\Users\Bertus\Documents\LPCXpresso_5.2.6_2137\workspace5\nxp_lpcxpresso_11u14_usblib_device\Debug\libnxp_lpcxpresso_11u14_usblib_device.a(USBController.o)
 .debug_aranges
                0x000008e8       0x28 C:\Users\Bertus\Documents\LPCXpresso_5.2.6_2137\workspace5\nxp_lpcxpresso_11u14_usblib_device\Debug\libnxp_lpcxpresso_11u14_usblib_device.a(USBTask.o)
 .debug_aranges
                0x00000910       0x78 C:\Users\Bertus\Documents\LPCXpresso_5.2.6_2137\workspace5\nxp_lpcxpresso_11u14_usblib_device\Debug\libnxp_lpcxpresso_11u14_usblib_device.a(CDCClassDevice.o)
 .debug_aranges
                0x00000988       0x68 C:\Users\Bertus\Documents\LPCXpresso_5.2.6_2137\workspace5\nxp_lpcxpresso_11u14_usblib_device\Debug\libnxp_lpcxpresso_11u14_usblib_device.a(HAL_LPC11Uxx.o)
 .debug_aranges
                0x000009f0       0x50 C:\Users\Bertus\Documents\LPCXpresso_5.2.6_2137\workspace5\nxp_lpcxpresso_11u14_usblib_device\Debug\libnxp_lpcxpresso_11u14_usblib_device.a(Endpoint_LPC11Uxx.o)
 .debug_aranges
                0x00000a40       0x50 C:\Users\Bertus\Documents\LPCXpresso_5.2.6_2137\workspace5\nxp_lpcxpresso_11u14_usblib_device\Debug\libnxp_lpcxpresso_11u14_usblib_device.a(DeviceStandardReq.o)
 .debug_aranges
                0x00000a90       0x38 C:\Users\Bertus\Documents\LPCXpresso_5.2.6_2137\workspace5\nxp_lpcxpresso_11u14_usblib_device\Debug\libnxp_lpcxpresso_11u14_usblib_device.a(Endpoint.o)
 .debug_aranges
                0x00000ac8       0x68 C:\Users\Bertus\Documents\LPCXpresso_5.2.6_2137\workspace5\nxp_lpcxpresso_11u14_usblib_device\Debug\libnxp_lpcxpresso_11u14_usblib_device.a(EndpointStream.o)

.debug_ranges   0x00000000      0x9f0
 .debug_ranges  0x00000000       0x30 ./example/src/freertos/src/FreeRTOSCommonHooks.o
 .debug_ranges  0x00000030       0x40 ./example/src/freertos/src/croutine.o
 .debug_ranges  0x00000070       0x28 ./example/src/freertos/src/heap_1.o
 .debug_ranges  0x00000098       0x30 ./example/src/freertos/src/list.o
 .debug_ranges  0x000000c8       0x60 ./example/src/freertos/src/port.o
 .debug_ranges  0x00000128       0xd0 ./example/src/freertos/src/queue.o
 .debug_ranges  0x000001f8      0x140 ./example/src/freertos/src/tasks.o
 .debug_ranges  0x00000338       0x10 ./example/src/Descriptors.o
 .debug_ranges  0x00000348       0x40 ./example/src/VirtualSerial.o
 .debug_ranges  0x00000388       0x50 ./example/src/cr_startup_lpc11xx.o
 .debug_ranges  0x000003d8       0x10 ./example/src/sysinit.o
 .debug_ranges  0x000003e8       0xc0 C:\Users\Bertus\Documents\LPCXpresso_5.2.6_2137\workspace5\nxp_lpcxpresso_11u14_board_lib\Debug\libnxp_lpcxpresso_11u14_board_lib.a(board.o)
 .debug_ranges  0x000004a8       0x58 C:\Users\Bertus\Documents\LPCXpresso_5.2.6_2137\workspace5\nxp_lpcxpresso_11u14_board_lib\Debug\libnxp_lpcxpresso_11u14_board_lib.a(board_sysinit.o)
 .debug_ranges  0x00000500       0x10 C:\Users\Bertus\Documents\LPCXpresso_5.2.6_2137\workspace5\lpc_chip_11uxx_lib\Debug\liblpc_chip_11uxx_lib.a(chip_11xx.o)
 .debug_ranges  0x00000510       0x90 C:\Users\Bertus\Documents\LPCXpresso_5.2.6_2137\workspace5\lpc_chip_11uxx_lib\Debug\liblpc_chip_11uxx_lib.a(clock_11xx.o)
 .debug_ranges  0x000005a0       0x68 C:\Users\Bertus\Documents\LPCXpresso_5.2.6_2137\workspace5\lpc_chip_11uxx_lib\Debug\liblpc_chip_11uxx_lib.a(gpio_11xx_1.o)
 .debug_ranges  0x00000608       0x10 C:\Users\Bertus\Documents\LPCXpresso_5.2.6_2137\workspace5\lpc_chip_11uxx_lib\Debug\liblpc_chip_11uxx_lib.a(iocon_11xx.o)
 .debug_ranges  0x00000618       0x28 C:\Users\Bertus\Documents\LPCXpresso_5.2.6_2137\workspace5\lpc_chip_11uxx_lib\Debug\liblpc_chip_11uxx_lib.a(sysctl_11xx.o)
 .debug_ranges  0x00000640       0xe0 C:\Users\Bertus\Documents\LPCXpresso_5.2.6_2137\workspace5\lpc_chip_11uxx_lib\Debug\liblpc_chip_11uxx_lib.a(uart_11xx.o)
 .debug_ranges  0x00000720       0x50 C:\Users\Bertus\Documents\LPCXpresso_5.2.6_2137\workspace5\lpc_chip_11uxx_lib\Debug\liblpc_chip_11uxx_lib.a(ring_buffer.o)
 .debug_ranges  0x00000770       0x28 C:\Users\Bertus\Documents\LPCXpresso_5.2.6_2137\workspace5\nxp_lpcxpresso_11u14_usblib_device\Debug\libnxp_lpcxpresso_11u14_usblib_device.a(USBController.o)
 .debug_ranges  0x00000798       0x18 C:\Users\Bertus\Documents\LPCXpresso_5.2.6_2137\workspace5\nxp_lpcxpresso_11u14_usblib_device\Debug\libnxp_lpcxpresso_11u14_usblib_device.a(USBTask.o)
 .debug_ranges  0x000007b0       0x98 C:\Users\Bertus\Documents\LPCXpresso_5.2.6_2137\workspace5\nxp_lpcxpresso_11u14_usblib_device\Debug\libnxp_lpcxpresso_11u14_usblib_device.a(CDCClassDevice.o)
 .debug_ranges  0x00000848       0x58 C:\Users\Bertus\Documents\LPCXpresso_5.2.6_2137\workspace5\nxp_lpcxpresso_11u14_usblib_device\Debug\libnxp_lpcxpresso_11u14_usblib_device.a(HAL_LPC11Uxx.o)
 .debug_ranges  0x000008a0       0x40 C:\Users\Bertus\Documents\LPCXpresso_5.2.6_2137\workspace5\nxp_lpcxpresso_11u14_usblib_device\Debug\libnxp_lpcxpresso_11u14_usblib_device.a(Endpoint_LPC11Uxx.o)
 .debug_ranges  0x000008e0       0x78 C:\Users\Bertus\Documents\LPCXpresso_5.2.6_2137\workspace5\nxp_lpcxpresso_11u14_usblib_device\Debug\libnxp_lpcxpresso_11u14_usblib_device.a(DeviceStandardReq.o)
 .debug_ranges  0x00000958       0x28 C:\Users\Bertus\Documents\LPCXpresso_5.2.6_2137\workspace5\nxp_lpcxpresso_11u14_usblib_device\Debug\libnxp_lpcxpresso_11u14_usblib_device.a(Endpoint.o)
 .debug_ranges  0x00000980       0x70 C:\Users\Bertus\Documents\LPCXpresso_5.2.6_2137\workspace5\nxp_lpcxpresso_11u14_usblib_device\Debug\libnxp_lpcxpresso_11u14_usblib_device.a(EndpointStream.o)

.debug_line     0x00000000    0x123de
 .debug_line    0x00000000      0x77d ./example/src/freertos/src/FreeRTOSCommonHooks.o
 .debug_line    0x0000077d      0x836 ./example/src/freertos/src/croutine.o
 .debug_line    0x00000fb3      0x76e ./example/src/freertos/src/heap_1.o
 .debug_line    0x00001721      0x77d ./example/src/freertos/src/list.o
 .debug_line    0x00001e9e      0x7c6 ./example/src/freertos/src/port.o
 .debug_line    0x00002664      0xba1 ./example/src/freertos/src/queue.o
 .debug_line    0x00003205      0xe08 ./example/src/freertos/src/tasks.o
 .debug_line    0x0000400d      0x703 ./example/src/freertos/src/timers.o
 .debug_line    0x00004710     0x144b ./example/src/Lib/UsbRom.o
 .debug_line    0x00005b5b     0x1429 ./example/src/Descriptors.o
 .debug_line    0x00006f84     0x15ed ./example/src/VirtualSerial.o
 .debug_line    0x00008571      0x12e ./example/src/cr_startup_lpc11xx.o
 .debug_line    0x0000869f      0x5a9 ./example/src/sysinit.o
 .debug_line    0x00008c48      0x78c C:\Users\Bertus\Documents\LPCXpresso_5.2.6_2137\workspace5\nxp_lpcxpresso_11u14_board_lib\Debug\libnxp_lpcxpresso_11u14_board_lib.a(board.o)
 .debug_line    0x000093d4      0x6b7 C:\Users\Bertus\Documents\LPCXpresso_5.2.6_2137\workspace5\nxp_lpcxpresso_11u14_board_lib\Debug\libnxp_lpcxpresso_11u14_board_lib.a(board_sysinit.o)
 .debug_line    0x00009a8b      0x515 C:\Users\Bertus\Documents\LPCXpresso_5.2.6_2137\workspace5\lpc_chip_11uxx_lib\Debug\liblpc_chip_11uxx_lib.a(chip_11xx.o)
 .debug_line    0x00009fa0      0x684 C:\Users\Bertus\Documents\LPCXpresso_5.2.6_2137\workspace5\lpc_chip_11uxx_lib\Debug\liblpc_chip_11uxx_lib.a(clock_11xx.o)
 .debug_line    0x0000a624      0x600 C:\Users\Bertus\Documents\LPCXpresso_5.2.6_2137\workspace5\lpc_chip_11uxx_lib\Debug\liblpc_chip_11uxx_lib.a(gpio_11xx_1.o)
 .debug_line    0x0000ac24      0x518 C:\Users\Bertus\Documents\LPCXpresso_5.2.6_2137\workspace5\lpc_chip_11uxx_lib\Debug\liblpc_chip_11uxx_lib.a(iocon_11xx.o)
 .debug_line    0x0000b13c      0x552 C:\Users\Bertus\Documents\LPCXpresso_5.2.6_2137\workspace5\lpc_chip_11uxx_lib\Debug\liblpc_chip_11uxx_lib.a(sysctl_11xx.o)
 .debug_line    0x0000b68e      0x79d C:\Users\Bertus\Documents\LPCXpresso_5.2.6_2137\workspace5\lpc_chip_11uxx_lib\Debug\liblpc_chip_11uxx_lib.a(uart_11xx.o)
 .debug_line    0x0000be2b      0x490 C:\Users\Bertus\Documents\LPCXpresso_5.2.6_2137\workspace5\lpc_chip_11uxx_lib\Debug\liblpc_chip_11uxx_lib.a(ring_buffer.o)
 .debug_line    0x0000c2bb      0x9ce C:\Users\Bertus\Documents\LPCXpresso_5.2.6_2137\workspace5\nxp_lpcxpresso_11u14_usblib_device\Debug\libnxp_lpcxpresso_11u14_usblib_device.a(USBController.o)
 .debug_line    0x0000cc89      0x9c0 C:\Users\Bertus\Documents\LPCXpresso_5.2.6_2137\workspace5\nxp_lpcxpresso_11u14_usblib_device\Debug\libnxp_lpcxpresso_11u14_usblib_device.a(USBTask.o)
 .debug_line    0x0000d649     0x1388 C:\Users\Bertus\Documents\LPCXpresso_5.2.6_2137\workspace5\nxp_lpcxpresso_11u14_usblib_device\Debug\libnxp_lpcxpresso_11u14_usblib_device.a(CDCClassDevice.o)
 .debug_line    0x0000e9d1      0xb46 C:\Users\Bertus\Documents\LPCXpresso_5.2.6_2137\workspace5\nxp_lpcxpresso_11u14_usblib_device\Debug\libnxp_lpcxpresso_11u14_usblib_device.a(HAL_LPC11Uxx.o)
 .debug_line    0x0000f517      0xd39 C:\Users\Bertus\Documents\LPCXpresso_5.2.6_2137\workspace5\nxp_lpcxpresso_11u14_usblib_device\Debug\libnxp_lpcxpresso_11u14_usblib_device.a(Endpoint_LPC11Uxx.o)
 .debug_line    0x00010250      0xbe2 C:\Users\Bertus\Documents\LPCXpresso_5.2.6_2137\workspace5\nxp_lpcxpresso_11u14_usblib_device\Debug\libnxp_lpcxpresso_11u14_usblib_device.a(DeviceStandardReq.o)
 .debug_line    0x00010e32      0xa23 C:\Users\Bertus\Documents\LPCXpresso_5.2.6_2137\workspace5\nxp_lpcxpresso_11u14_usblib_device\Debug\libnxp_lpcxpresso_11u14_usblib_device.a(Endpoint.o)
 .debug_line    0x00011855      0xb89 C:\Users\Bertus\Documents\LPCXpresso_5.2.6_2137\workspace5\nxp_lpcxpresso_11u14_usblib_device\Debug\libnxp_lpcxpresso_11u14_usblib_device.a(EndpointStream.o)

.debug_macinfo  0x00000000   0x136a2e
 .debug_macinfo
                0x00000000     0xaa2a ./example/src/freertos/src/FreeRTOSCommonHooks.o
 .debug_macinfo
                0x0000aa2a     0xb132 ./example/src/freertos/src/croutine.o
 .debug_macinfo
                0x00015b5c     0xab35 ./example/src/freertos/src/heap_1.o
 .debug_macinfo
                0x00020691     0xa74c ./example/src/freertos/src/list.o
 .debug_macinfo
                0x0002addd     0xac5a ./example/src/freertos/src/port.o
 .debug_macinfo
                0x00035a37     0xb668 ./example/src/freertos/src/queue.o
 .debug_macinfo
                0x0004109f     0xbb1b ./example/src/freertos/src/tasks.o
 .debug_macinfo
                0x0004cbba     0xb8a8 ./example/src/freertos/src/timers.o
 .debug_macinfo
                0x00058462    0x1071b ./example/src/Lib/UsbRom.o
 .debug_macinfo
                0x00068b7d    0x105e6 ./example/src/Descriptors.o
 .debug_macinfo
                0x00079163    0x1285f ./example/src/VirtualSerial.o
 .debug_macinfo
                0x0008b9c2     0x22bd ./example/src/cr_startup_lpc11xx.o
 .debug_macinfo
                0x0008dc7f     0x8868 ./example/src/sysinit.o
 .debug_macinfo
                0x000964e7     0x89d2 C:\Users\Bertus\Documents\LPCXpresso_5.2.6_2137\workspace5\nxp_lpcxpresso_11u14_board_lib\Debug\libnxp_lpcxpresso_11u14_board_lib.a(board.o)
 .debug_macinfo
                0x0009eeb9     0x8848 C:\Users\Bertus\Documents\LPCXpresso_5.2.6_2137\workspace5\nxp_lpcxpresso_11u14_board_lib\Debug\libnxp_lpcxpresso_11u14_board_lib.a(board_sysinit.o)
 .debug_macinfo
                0x000a7701     0x841a C:\Users\Bertus\Documents\LPCXpresso_5.2.6_2137\workspace5\lpc_chip_11uxx_lib\Debug\liblpc_chip_11uxx_lib.a(chip_11xx.o)
 .debug_macinfo
                0x000afb1b     0x841a C:\Users\Bertus\Documents\LPCXpresso_5.2.6_2137\workspace5\lpc_chip_11uxx_lib\Debug\liblpc_chip_11uxx_lib.a(clock_11xx.o)
 .debug_macinfo
                0x000b7f35     0x841a C:\Users\Bertus\Documents\LPCXpresso_5.2.6_2137\workspace5\lpc_chip_11uxx_lib\Debug\liblpc_chip_11uxx_lib.a(gpio_11xx_1.o)
 .debug_macinfo
                0x000c034f     0x841a C:\Users\Bertus\Documents\LPCXpresso_5.2.6_2137\workspace5\lpc_chip_11uxx_lib\Debug\liblpc_chip_11uxx_lib.a(iocon_11xx.o)
 .debug_macinfo
                0x000c8769     0x8522 C:\Users\Bertus\Documents\LPCXpresso_5.2.6_2137\workspace5\lpc_chip_11uxx_lib\Debug\liblpc_chip_11uxx_lib.a(sysctl_11xx.o)
 .debug_macinfo
                0x000d0c8b     0x841a C:\Users\Bertus\Documents\LPCXpresso_5.2.6_2137\workspace5\lpc_chip_11uxx_lib\Debug\liblpc_chip_11uxx_lib.a(uart_11xx.o)
 .debug_macinfo
                0x000d90a5     0x3fbb C:\Users\Bertus\Documents\LPCXpresso_5.2.6_2137\workspace5\lpc_chip_11uxx_lib\Debug\liblpc_chip_11uxx_lib.a(ring_buffer.o)
 .debug_macinfo
                0x000dd060     0xa781 C:\Users\Bertus\Documents\LPCXpresso_5.2.6_2137\workspace5\nxp_lpcxpresso_11u14_usblib_device\Debug\libnxp_lpcxpresso_11u14_usblib_device.a(USBController.o)
 .debug_macinfo
                0x000e77e1     0xa77a C:\Users\Bertus\Documents\LPCXpresso_5.2.6_2137\workspace5\nxp_lpcxpresso_11u14_usblib_device\Debug\libnxp_lpcxpresso_11u14_usblib_device.a(USBTask.o)
 .debug_macinfo
                0x000f1f5b    0x105af C:\Users\Bertus\Documents\LPCXpresso_5.2.6_2137\workspace5\nxp_lpcxpresso_11u14_usblib_device\Debug\libnxp_lpcxpresso_11u14_usblib_device.a(CDCClassDevice.o)
 .debug_macinfo
                0x0010250a     0xa748 C:\Users\Bertus\Documents\LPCXpresso_5.2.6_2137\workspace5\nxp_lpcxpresso_11u14_usblib_device\Debug\libnxp_lpcxpresso_11u14_usblib_device.a(HAL_LPC11Uxx.o)
 .debug_macinfo
                0x0010cc52     0xa799 C:\Users\Bertus\Documents\LPCXpresso_5.2.6_2137\workspace5\nxp_lpcxpresso_11u14_usblib_device\Debug\libnxp_lpcxpresso_11u14_usblib_device.a(Endpoint_LPC11Uxx.o)
 .debug_macinfo
                0x001173eb     0xa77f C:\Users\Bertus\Documents\LPCXpresso_5.2.6_2137\workspace5\nxp_lpcxpresso_11u14_usblib_device\Debug\libnxp_lpcxpresso_11u14_usblib_device.a(DeviceStandardReq.o)
 .debug_macinfo
                0x00121b6a     0xa762 C:\Users\Bertus\Documents\LPCXpresso_5.2.6_2137\workspace5\nxp_lpcxpresso_11u14_usblib_device\Debug\libnxp_lpcxpresso_11u14_usblib_device.a(Endpoint.o)
 .debug_macinfo
                0x0012c2cc     0xa762 C:\Users\Bertus\Documents\LPCXpresso_5.2.6_2137\workspace5\nxp_lpcxpresso_11u14_usblib_device\Debug\libnxp_lpcxpresso_11u14_usblib_device.a(EndpointStream.o)

.debug_str      0x00000000     0x4a3c
 .debug_str     0x00000000      0x1e6 ./example/src/freertos/src/FreeRTOSCommonHooks.o
                                0x21f (size before relaxing)
 .debug_str     0x000001e6      0x34a ./example/src/freertos/src/croutine.o
                                0x4a3 (size before relaxing)
 .debug_str     0x00000530       0xa7 ./example/src/freertos/src/heap_1.o
                                0x202 (size before relaxing)
 .debug_str     0x000005d7       0xb7 ./example/src/freertos/src/list.o
                                0x293 (size before relaxing)
 .debug_str     0x0000068e      0x13c ./example/src/freertos/src/port.o
                                0x287 (size before relaxing)
 .debug_str     0x000007ca      0x46f ./example/src/freertos/src/queue.o
                                0x690 (size before relaxing)
 .debug_str     0x00000c39      0x6f6 ./example/src/freertos/src/tasks.o
                                0xa07 (size before relaxing)
 .debug_str     0x0000132f       0x25 ./example/src/freertos/src/timers.o
                                0x163 (size before relaxing)
 .debug_str     0x00001354      0x184 ./example/src/Lib/UsbRom.o
                                0x2d5 (size before relaxing)
 .debug_str     0x000014d8      0x908 ./example/src/Descriptors.o
                                0xc20 (size before relaxing)
 .debug_str     0x00001de0      0x2a3 ./example/src/VirtualSerial.o
                                0x59c (size before relaxing)
 .debug_str     0x00002083      0x10d ./example/src/cr_startup_lpc11xx.o
                                0x1eb (size before relaxing)
 .debug_str     0x00002190       0x19 ./example/src/sysinit.o
                                0x162 (size before relaxing)
 .debug_str     0x000021a9      0x2f4 C:\Users\Bertus\Documents\LPCXpresso_5.2.6_2137\workspace5\nxp_lpcxpresso_11u14_board_lib\Debug\libnxp_lpcxpresso_11u14_board_lib.a(board.o)
                                0x3f8 (size before relaxing)
 .debug_str     0x0000249d      0x7e9 C:\Users\Bertus\Documents\LPCXpresso_5.2.6_2137\workspace5\nxp_lpcxpresso_11u14_board_lib\Debug\libnxp_lpcxpresso_11u14_board_lib.a(board_sysinit.o)
                                0x972 (size before relaxing)
 .debug_str     0x00002c86       0x7d C:\Users\Bertus\Documents\LPCXpresso_5.2.6_2137\workspace5\lpc_chip_11uxx_lib\Debug\liblpc_chip_11uxx_lib.a(chip_11xx.o)
                                0x16d (size before relaxing)
 .debug_str     0x00002d03      0x48e C:\Users\Bertus\Documents\LPCXpresso_5.2.6_2137\workspace5\lpc_chip_11uxx_lib\Debug\liblpc_chip_11uxx_lib.a(clock_11xx.o)
                                0x978 (size before relaxing)
 .debug_str     0x00003191       0xff C:\Users\Bertus\Documents\LPCXpresso_5.2.6_2137\workspace5\lpc_chip_11uxx_lib\Debug\liblpc_chip_11uxx_lib.a(gpio_11xx_1.o)
                                0x7d6 (size before relaxing)
 .debug_str     0x00003290       0x30 C:\Users\Bertus\Documents\LPCXpresso_5.2.6_2137\workspace5\lpc_chip_11uxx_lib\Debug\liblpc_chip_11uxx_lib.a(iocon_11xx.o)
                                0x190 (size before relaxing)
 .debug_str     0x000032c0       0xa5 C:\Users\Bertus\Documents\LPCXpresso_5.2.6_2137\workspace5\lpc_chip_11uxx_lib\Debug\liblpc_chip_11uxx_lib.a(sysctl_11xx.o)
                                0x481 (size before relaxing)
 .debug_str     0x00003365      0x297 C:\Users\Bertus\Documents\LPCXpresso_5.2.6_2137\workspace5\lpc_chip_11uxx_lib\Debug\liblpc_chip_11uxx_lib.a(uart_11xx.o)
                                0x9d1 (size before relaxing)
 .debug_str     0x000035fc       0xbb C:\Users\Bertus\Documents\LPCXpresso_5.2.6_2137\workspace5\lpc_chip_11uxx_lib\Debug\liblpc_chip_11uxx_lib.a(ring_buffer.o)
                                0x231 (size before relaxing)
 .debug_str     0x000036b7      0x1f3 C:\Users\Bertus\Documents\LPCXpresso_5.2.6_2137\workspace5\nxp_lpcxpresso_11u14_usblib_device\Debug\libnxp_lpcxpresso_11u14_usblib_device.a(USBController.o)
                                0x4ad (size before relaxing)
 .debug_str     0x000038aa      0x152 C:\Users\Bertus\Documents\LPCXpresso_5.2.6_2137\workspace5\nxp_lpcxpresso_11u14_usblib_device\Debug\libnxp_lpcxpresso_11u14_usblib_device.a(USBTask.o)
                                0x505 (size before relaxing)
 .debug_str     0x000039fc      0x54d C:\Users\Bertus\Documents\LPCXpresso_5.2.6_2137\workspace5\nxp_lpcxpresso_11u14_usblib_device\Debug\libnxp_lpcxpresso_11u14_usblib_device.a(CDCClassDevice.o)
                                0xba3 (size before relaxing)
 .debug_str     0x00003f49      0x2f7 C:\Users\Bertus\Documents\LPCXpresso_5.2.6_2137\workspace5\nxp_lpcxpresso_11u14_usblib_device\Debug\libnxp_lpcxpresso_11u14_usblib_device.a(HAL_LPC11Uxx.o)
                                0xa1b (size before relaxing)
 .debug_str     0x00004240      0x169 C:\Users\Bertus\Documents\LPCXpresso_5.2.6_2137\workspace5\nxp_lpcxpresso_11u14_usblib_device\Debug\libnxp_lpcxpresso_11u14_usblib_device.a(Endpoint_LPC11Uxx.o)
                                0x637 (size before relaxing)
 .debug_str     0x000043a9      0x391 C:\Users\Bertus\Documents\LPCXpresso_5.2.6_2137\workspace5\nxp_lpcxpresso_11u14_usblib_device\Debug\libnxp_lpcxpresso_11u14_usblib_device.a(DeviceStandardReq.o)
                                0x8f7 (size before relaxing)
 .debug_str     0x0000473a       0xe7 C:\Users\Bertus\Documents\LPCXpresso_5.2.6_2137\workspace5\nxp_lpcxpresso_11u14_usblib_device\Debug\libnxp_lpcxpresso_11u14_usblib_device.a(Endpoint.o)
                                0x526 (size before relaxing)
 .debug_str     0x00004821      0x21b C:\Users\Bertus\Documents\LPCXpresso_5.2.6_2137\workspace5\nxp_lpcxpresso_11u14_usblib_device\Debug\libnxp_lpcxpresso_11u14_usblib_device.a(EndpointStream.o)
                                0x69f (size before relaxing)

.comment        0x00000000       0xe0
 .comment       0x00000000       0x70 ./example/src/freertos/src/FreeRTOSCommonHooks.o
                                 0x71 (size before relaxing)
 .comment       0x00000000       0x71 ./example/src/freertos/src/croutine.o
 .comment       0x00000000       0x71 ./example/src/freertos/src/heap_1.o
 .comment       0x00000000       0x71 ./example/src/freertos/src/list.o
 .comment       0x00000000       0x71 ./example/src/freertos/src/port.o
 .comment       0x00000000       0x71 ./example/src/freertos/src/queue.o
 .comment       0x00000000       0x71 ./example/src/freertos/src/tasks.o
 .comment       0x00000000       0x71 ./example/src/freertos/src/timers.o
 .comment       0x00000000       0x71 ./example/src/Lib/UsbRom.o
 .comment       0x00000000       0x71 ./example/src/Descriptors.o
 .comment       0x00000000       0x71 ./example/src/VirtualSerial.o
 .comment       0x00000000       0x71 ./example/src/cr_startup_lpc11xx.o
 .comment       0x00000000       0x71 ./example/src/sysinit.o
 .comment       0x00000000       0x71 C:\Users\Bertus\Documents\LPCXpresso_5.2.6_2137\workspace5\nxp_lpcxpresso_11u14_board_lib\Debug\libnxp_lpcxpresso_11u14_board_lib.a(board.o)
 .comment       0x00000000       0x71 C:\Users\Bertus\Documents\LPCXpresso_5.2.6_2137\workspace5\nxp_lpcxpresso_11u14_board_lib\Debug\libnxp_lpcxpresso_11u14_board_lib.a(board_sysinit.o)
 .comment       0x00000000       0x71 C:\Users\Bertus\Documents\LPCXpresso_5.2.6_2137\workspace5\lpc_chip_11uxx_lib\Debug\liblpc_chip_11uxx_lib.a(chip_11xx.o)
 .comment       0x00000000       0x71 C:\Users\Bertus\Documents\LPCXpresso_5.2.6_2137\workspace5\lpc_chip_11uxx_lib\Debug\liblpc_chip_11uxx_lib.a(clock_11xx.o)
 .comment       0x00000000       0x71 C:\Users\Bertus\Documents\LPCXpresso_5.2.6_2137\workspace5\lpc_chip_11uxx_lib\Debug\liblpc_chip_11uxx_lib.a(gpio_11xx_1.o)
 .comment       0x00000000       0x71 C:\Users\Bertus\Documents\LPCXpresso_5.2.6_2137\workspace5\lpc_chip_11uxx_lib\Debug\liblpc_chip_11uxx_lib.a(iocon_11xx.o)
 .comment       0x00000000       0x71 C:\Users\Bertus\Documents\LPCXpresso_5.2.6_2137\workspace5\lpc_chip_11uxx_lib\Debug\liblpc_chip_11uxx_lib.a(sysctl_11xx.o)
 .comment       0x00000000       0x71 C:\Users\Bertus\Documents\LPCXpresso_5.2.6_2137\workspace5\lpc_chip_11uxx_lib\Debug\liblpc_chip_11uxx_lib.a(uart_11xx.o)
 .comment       0x00000000       0x71 C:\Users\Bertus\Documents\LPCXpresso_5.2.6_2137\workspace5\lpc_chip_11uxx_lib\Debug\liblpc_chip_11uxx_lib.a(ring_buffer.o)
 .comment       0x00000000       0x71 C:\Users\Bertus\Documents\LPCXpresso_5.2.6_2137\workspace5\nxp_lpcxpresso_11u14_usblib_device\Debug\libnxp_lpcxpresso_11u14_usblib_device.a(USBController.o)
 .comment       0x00000000       0x71 C:\Users\Bertus\Documents\LPCXpresso_5.2.6_2137\workspace5\nxp_lpcxpresso_11u14_usblib_device\Debug\libnxp_lpcxpresso_11u14_usblib_device.a(USBTask.o)
 .comment       0x00000000       0x71 C:\Users\Bertus\Documents\LPCXpresso_5.2.6_2137\workspace5\nxp_lpcxpresso_11u14_usblib_device\Debug\libnxp_lpcxpresso_11u14_usblib_device.a(CDCClassDevice.o)
 .comment       0x00000000       0x71 C:\Users\Bertus\Documents\LPCXpresso_5.2.6_2137\workspace5\nxp_lpcxpresso_11u14_usblib_device\Debug\libnxp_lpcxpresso_11u14_usblib_device.a(HAL_LPC11Uxx.o)
 .comment       0x00000000       0x71 C:\Users\Bertus\Documents\LPCXpresso_5.2.6_2137\workspace5\nxp_lpcxpresso_11u14_usblib_device\Debug\libnxp_lpcxpresso_11u14_usblib_device.a(Endpoint_LPC11Uxx.o)
 .comment       0x00000000       0x71 C:\Users\Bertus\Documents\LPCXpresso_5.2.6_2137\workspace5\nxp_lpcxpresso_11u14_usblib_device\Debug\libnxp_lpcxpresso_11u14_usblib_device.a(DeviceStandardReq.o)
 .comment       0x00000000       0x71 C:\Users\Bertus\Documents\LPCXpresso_5.2.6_2137\workspace5\nxp_lpcxpresso_11u14_usblib_device\Debug\libnxp_lpcxpresso_11u14_usblib_device.a(Endpoint.o)
 .comment       0x00000000       0x71 C:\Users\Bertus\Documents\LPCXpresso_5.2.6_2137\workspace5\nxp_lpcxpresso_11u14_usblib_device\Debug\libnxp_lpcxpresso_11u14_usblib_device.a(EndpointStream.o)
 .comment       0x00000070       0x70 c:/nxp/lpcxpresso_5.2.6_2137/lpcxpresso/tools/bin/../lib/gcc/arm-none-eabi/4.6.2/../../../../arm-none-eabi/lib/armv6-m\libcr_nohost.a(_cr__main.o)
                                 0x71 (size before relaxing)
 .comment       0x00000000       0x71 c:/nxp/lpcxpresso_5.2.6_2137/lpcxpresso/tools/bin/../lib/gcc/arm-none-eabi/4.6.2/../../../../arm-none-eabi/lib/armv6-m\libcr_c.a(memcpy.o)
 .comment       0x00000000       0x71 c:/nxp/lpcxpresso_5.2.6_2137/lpcxpresso/tools/bin/../lib/gcc/arm-none-eabi/4.6.2/../../../../arm-none-eabi/lib/armv6-m\libcr_c.a(memset.o)
 .comment       0x00000000       0x71 c:/nxp/lpcxpresso_5.2.6_2137/lpcxpresso/tools/bin/../lib/gcc/arm-none-eabi/4.6.2/../../../../arm-none-eabi/lib/armv6-m\libcr_c.a(fpprintf.o)
 .comment       0x00000000       0x71 c:/nxp/lpcxpresso_5.2.6_2137/lpcxpresso/tools/bin/../lib/gcc/arm-none-eabi/4.6.2/../../../../arm-none-eabi/lib/armv6-m\libcr_c.a(initio.o)
 .comment       0x00000000       0x71 c:/nxp/lpcxpresso_5.2.6_2137/lpcxpresso/tools/bin/../lib/gcc/arm-none-eabi/4.6.2/../../../../arm-none-eabi/lib/armv6-m\libcr_c.a(memcmp.o)
 .comment       0x00000000       0x71 c:/nxp/lpcxpresso_5.2.6_2137/lpcxpresso/tools/bin/../lib/gcc/arm-none-eabi/4.6.2/../../../../arm-none-eabi/lib/armv6-m\libcr_c.a(printf.o)
 .comment       0x00000000       0x71 c:/nxp/lpcxpresso_5.2.6_2137/lpcxpresso/tools/bin/../lib/gcc/arm-none-eabi/4.6.2/../../../../arm-none-eabi/lib/armv6-m\libcr_c.a(setvbuf.o)
 .comment       0x00000000       0x71 c:/nxp/lpcxpresso_5.2.6_2137/lpcxpresso/tools/bin/../lib/gcc/arm-none-eabi/4.6.2/../../../../arm-none-eabi/lib/armv6-m\libcr_c.a(stdio.o)
 .comment       0x00000000       0x71 c:/nxp/lpcxpresso_5.2.6_2137/lpcxpresso/tools/bin/../lib/gcc/arm-none-eabi/4.6.2/../../../../arm-none-eabi/lib/armv6-m\libcr_c.a(strcat.o)
 .comment       0x00000000       0x71 c:/nxp/lpcxpresso_5.2.6_2137/lpcxpresso/tools/bin/../lib/gcc/arm-none-eabi/4.6.2/../../../../arm-none-eabi/lib/armv6-m\libcr_c.a(strlen.o)
 .comment       0x00000000       0x71 c:/nxp/lpcxpresso_5.2.6_2137/lpcxpresso/tools/bin/../lib/gcc/arm-none-eabi/4.6.2/../../../../arm-none-eabi/lib/armv6-m\libcr_c.a(strncpy.o)
 .comment       0x00000000       0x71 c:/nxp/lpcxpresso_5.2.6_2137/lpcxpresso/tools/bin/../lib/gcc/arm-none-eabi/4.6.2/../../../../arm-none-eabi/lib/armv6-m\libcr_c.a(__fillbuf.o)
 .comment       0x00000000       0x71 c:/nxp/lpcxpresso_5.2.6_2137/lpcxpresso/tools/bin/../lib/gcc/arm-none-eabi/4.6.2/../../../../arm-none-eabi/lib/armv6-m\libcr_c.a(_deferredlazyseek.o)
 .comment       0x00000000       0x71 c:/nxp/lpcxpresso_5.2.6_2137/lpcxpresso/tools/bin/../lib/gcc/arm-none-eabi/4.6.2/../../../../arm-none-eabi/lib/armv6-m\libcr_c.a(_fdopen.o)
 .comment       0x00000000       0x71 c:/nxp/lpcxpresso_5.2.6_2137/lpcxpresso/tools/bin/../lib/gcc/arm-none-eabi/4.6.2/../../../../arm-none-eabi/lib/armv6-m\libcr_c.a(_fflush.o)
 .comment       0x00000000       0x71 c:/nxp/lpcxpresso_5.2.6_2137/lpcxpresso/tools/bin/../lib/gcc/arm-none-eabi/4.6.2/../../../../arm-none-eabi/lib/armv6-m\libcr_c.a(_frexpl.o)
 .comment       0x00000000       0x71 c:/nxp/lpcxpresso_5.2.6_2137/lpcxpresso/tools/bin/../lib/gcc/arm-none-eabi/4.6.2/../../../../arm-none-eabi/lib/armv6-m\libcr_c.a(_ldexpl.o)
 .comment       0x00000000       0x71 c:/nxp/lpcxpresso_5.2.6_2137/lpcxpresso/tools/bin/../lib/gcc/arm-none-eabi/4.6.2/../../../../arm-none-eabi/lib/armv6-m\libcr_c.a(_writebuf.o)
 .comment       0x00000000       0x71 c:/nxp/lpcxpresso_5.2.6_2137/lpcxpresso/tools/bin/../lib/gcc/arm-none-eabi/4.6.2/../../../../arm-none-eabi/lib/armv6-m\libcr_c.a(alloc.o)
 .comment       0x00000000       0x71 c:/nxp/lpcxpresso_5.2.6_2137/lpcxpresso/tools/bin/../lib/gcc/arm-none-eabi/4.6.2/../../../../arm-none-eabi/lib/armv6-m\libcr_c.a(errno.o)
 .comment       0x00000000       0x71 c:/nxp/lpcxpresso_5.2.6_2137/lpcxpresso/tools/bin/../lib/gcc/arm-none-eabi/4.6.2/../../../../arm-none-eabi/lib/armv6-m\libcr_c.a(fclose.o)
 .comment       0x00000000       0x71 c:/nxp/lpcxpresso_5.2.6_2137/lpcxpresso/tools/bin/../lib/gcc/arm-none-eabi/4.6.2/../../../../arm-none-eabi/lib/armv6-m\libcr_c.a(fflush.o)
 .comment       0x00000000       0x71 c:/nxp/lpcxpresso_5.2.6_2137/lpcxpresso/tools/bin/../lib/gcc/arm-none-eabi/4.6.2/../../../../arm-none-eabi/lib/armv6-m\libcr_c.a(fseek.o)
 .comment       0x00000000       0x71 c:/nxp/lpcxpresso_5.2.6_2137/lpcxpresso/tools/bin/../lib/gcc/arm-none-eabi/4.6.2/../../../../arm-none-eabi/lib/armv6-m\libcr_c.a(ftell.o)
 .comment       0x00000000       0x71 c:/nxp/lpcxpresso_5.2.6_2137/lpcxpresso/tools/bin/../lib/gcc/arm-none-eabi/4.6.2/../../../../arm-none-eabi/lib/armv6-m\libcr_c.a(remove.o)
 .comment       0x00000000       0x71 c:/nxp/lpcxpresso_5.2.6_2137/lpcxpresso/tools/bin/../lib/gcc/arm-none-eabi/4.6.2/../../../../arm-none-eabi/lib/armv6-m\libcr_c.a(__init_alloc.o)
 .comment       0x00000000       0x71 c:/nxp/lpcxpresso_5.2.6_2137/lpcxpresso/tools/bin/../lib/gcc/arm-none-eabi/4.6.2/../../../../arm-none-eabi/lib/armv6-m\libcr_c.a(_do_fflush.o)
 .comment       0x00000000       0x71 c:/nxp/lpcxpresso_5.2.6_2137/lpcxpresso/tools/bin/../lib/gcc/arm-none-eabi/4.6.2/../../../../arm-none-eabi/lib/armv6-m\libcr_c.a(_hugeval.o)
 .comment       0x00000000       0x71 c:/nxp/lpcxpresso_5.2.6_2137/lpcxpresso/tools/bin/../lib/gcc/arm-none-eabi/4.6.2/armv6-m\libcr_eabihelpers.a(double.o)
 .comment       0x00000000       0x71 c:/nxp/lpcxpresso_5.2.6_2137/lpcxpresso/tools/bin/../lib/gcc/arm-none-eabi/4.6.2/../../../../arm-none-eabi/lib/armv6-m\libcr_nohost.a(__sys_appexit.o)
 .comment       0x00000000       0x71 c:/nxp/lpcxpresso_5.2.6_2137/lpcxpresso/tools/bin/../lib/gcc/arm-none-eabi/4.6.2/../../../../arm-none-eabi/lib/armv6-m\libcr_nohost.a(__sys_close.o)
 .comment       0x00000000       0x71 c:/nxp/lpcxpresso_5.2.6_2137/lpcxpresso/tools/bin/../lib/gcc/arm-none-eabi/4.6.2/../../../../arm-none-eabi/lib/armv6-m\libcr_nohost.a(__sys_flen.o)
 .comment       0x00000000       0x71 c:/nxp/lpcxpresso_5.2.6_2137/lpcxpresso/tools/bin/../lib/gcc/arm-none-eabi/4.6.2/../../../../arm-none-eabi/lib/armv6-m\libcr_nohost.a(__sys_istty.o)
 .comment       0x00000000       0x71 c:/nxp/lpcxpresso_5.2.6_2137/lpcxpresso/tools/bin/../lib/gcc/arm-none-eabi/4.6.2/../../../../arm-none-eabi/lib/armv6-m\libcr_nohost.a(__sys_read.o)
 .comment       0x00000000       0x71 c:/nxp/lpcxpresso_5.2.6_2137/lpcxpresso/tools/bin/../lib/gcc/arm-none-eabi/4.6.2/../../../../arm-none-eabi/lib/armv6-m\libcr_nohost.a(__sys_remove.o)