19:23:45 **** Incremental Build of configuration Debug for project lpc_chip_11uxx_lib ****
make all 
make: Nothing to be done for `all'.
19:23:46 **** Incremental Build of configuration Debug for project nxp_lpcxpresso_11u14_board_lib ****
make all 
make: Nothing to be done for `all'.
19:23:47 **** Incremental Build of configuration Debug for project RTOS-Serial ****
make all 
Building file: ../example/src/Lib/UsbRom.c
Invoking: MCU C Compiler
arm-none-eabi-gcc -D__REDLIB__ -DDEBUG -D__CODE_RED -D__USE_LPCOPEN -DCORE_M0 -I"C:\Users\Bertus\Documents\LPCXpresso_5.2.6_2137\workspace5\RTOS-Serial\example\inc" -I"C:\Users\Bertus\Documents\LPCXpresso_5.2.6_2137\workspace5\RTOS-Serial\freertos\inc" -I"C:\Users\Bertus\Documents\LPCXpresso_5.2.6_2137\workspace5\lpc_chip_11uxx_lib\inc" -I"C:\Users\Bertus\Documents\LPCXpresso_5.2.6_2137\workspace5\nxp_lpcxpresso_11u14_board_lib\inc" -I"C:\Users\Bertus\Documents\LPCXpresso_5.2.6_2137\workspace5\RTOS-Serial\example\src\Lib" -O0 -g3 -Wall -c -fmessage-length=0 -fno-builtin -ffunction-sections -fdata-sections -mcpu=cortex-m0 -mthumb -MMD -MP -MF"example/src/Lib/UsbRom.d" -MT"example/src/Lib/UsbRom.d" -o "example/src/Lib/UsbRom.o" "../example/src/Lib/UsbRom.c"
In file included from C:\Users\Bertus\Documents\LPCXpresso_5.2.6_2137\workspace5\lpc_chip_11uxx_lib\inc/chip.h:232:0,
                 from C:\Users\Bertus\Documents\LPCXpresso_5.2.6_2137\workspace5\nxp_lpcxpresso_11u14_board_lib\inc/board.h:35,
                 from ../example/src/Lib/..\VirtualSerial.h:36,
                 from ../example/src/Lib/UsbRom.h:33,
                 from ../example/src/Lib/UsbRom.c:32:
C:\Users\Bertus\Documents\LPCXpresso_5.2.6_2137\workspace5\lpc_chip_11uxx_lib\inc/pmu_11xx.h:49:8: warning: missing terminating " character [enabled by default]
In file included from ../example/src/Lib/UsbRom.h:33:0,
                 from ../example/src/Lib/UsbRom.c:32:
../example/src/Lib/..\VirtualSerial.h:37:21: fatal error: Lib/USB.h: No such file or directory
compilation terminated.
make: *** [example/src/Lib/UsbRom.o] Error 1
19:23:55 **** Incremental Build of configuration Debug for project lpc_chip_11uxx_lib ****
make all 
make: Nothing to be done for `all'.
19:23:55 **** Incremental Build of configuration Debug for project nxp_lpcxpresso_11u14_board_lib ****
make all 
make: Nothing to be done for `all'.
19:23:56 **** Incremental Build of configuration Debug for project RTOS-Serial ****
make all 
Building file: ../example/src/Lib/UsbRom.c
Invoking: MCU C Compiler
arm-none-eabi-gcc -D__REDLIB__ -DDEBUG -D__CODE_RED -D__USE_LPCOPEN -DCORE_M0 -I"C:\Users\Bertus\Documents\LPCXpresso_5.2.6_2137\workspace5\RTOS-Serial\example\inc" -I"C:\Users\Bertus\Documents\LPCXpresso_5.2.6_2137\workspace5\RTOS-Serial\freertos\inc" -I"C:\Users\Bertus\Documents\LPCXpresso_5.2.6_2137\workspace5\lpc_chip_11uxx_lib\inc" -I"C:\Users\Bertus\Documents\LPCXpresso_5.2.6_2137\workspace5\nxp_lpcxpresso_11u14_board_lib\inc" -I"C:\Users\Bertus\Documents\LPCXpresso_5.2.6_2137\workspace5\RTOS-Serial\example\src\Lib" -O0 -g3 -Wall -c -fmessage-length=0 -fno-builtin -ffunction-sections -fdata-sections -mcpu=cortex-m0 -mthumb -MMD -MP -MF"example/src/Lib/UsbRom.d" -MT"example/src/Lib/UsbRom.d" -o "example/src/Lib/UsbRom.o" "../example/src/Lib/UsbRom.c"
In file included from C:\Users\Bertus\Documents\LPCXpresso_5.2.6_2137\workspace5\lpc_chip_11uxx_lib\inc/chip.h:232:0,
                 from C:\Users\Bertus\Documents\LPCXpresso_5.2.6_2137\workspace5\nxp_lpcxpresso_11u14_board_lib\inc/board.h:35,
                 from ../example/src/Lib/..\VirtualSerial.h:36,
                 from ../example/src/Lib/UsbRom.h:33,
                 from ../example/src/Lib/UsbRom.c:32:
C:\Users\Bertus\Documents\LPCXpresso_5.2.6_2137\workspace5\lpc_chip_11uxx_lib\inc/pmu_11xx.h:49:8: warning: missing terminating " character [enabled by default]
In file included from ../example/src/Lib/UsbRom.h:33:0,
                 from ../example/src/Lib/UsbRom.c:32:
../example/src/Lib/..\VirtualSerial.h:37:21: fatal error: Lib/USB.h: No such file or directory
compilation terminated.
make: *** [example/src/Lib/UsbRom.o] Error 1
19:25:45 **** Incremental Build of configuration Debug for project lpc_chip_11uxx_lib ****
make all 
make: Nothing to be done for `all'.
19:25:46 **** Incremental Build of configuration Debug for project nxp_lpcxpresso_11u14_board_lib ****
make all 
make: Nothing to be done for `all'.
19:25:47 **** Incremental Build of configuration Debug for project RTOS-Serial ****
make all 
Building file: ../freertos/src/FreeRTOSCommonHooks.c
Invoking: MCU C Compiler
arm-none-eabi-gcc -D__REDLIB__ -DDEBUG -D__CODE_RED -D__USE_LPCOPEN -DCORE_M0 -I"C:\Users\Bertus\Documents\LPCXpresso_5.2.6_2137\workspace5\RTOS-Serial\example\inc" -I"C:\Users\Bertus\Documents\LPCXpresso_5.2.6_2137\workspace5\RTOS-Serial\freertos\inc" -I"C:\Users\Bertus\Documents\LPCXpresso_5.2.6_2137\workspace5\lpc_chip_11uxx_lib\inc" -I"C:\Users\Bertus\Documents\LPCXpresso_5.2.6_2137\workspace5\nxp_lpcxpresso_11u14_board_lib\inc" -I"C:\Users\Bertus\Documents\LPCXpresso_5.2.6_2137\workspace5\RTOS-Serial\example\src\Lib" -I"C:\Users\Bertus\Documents\LPCXpresso_5.2.6_2137\workspace5\nxp_lpcxpresso_11u14_usblib_device\Drivers\USB" -O0 -g3 -Wall -c -fmessage-length=0 -fno-builtin -ffunction-sections -fdata-sections -mcpu=cortex-m0 -mthumb -MMD -MP -MF"freertos/src/FreeRTOSCommonHooks.d" -MT"freertos/src/FreeRTOSCommonHooks.d" -o "freertos/src/FreeRTOSCommonHooks.o" "../freertos/src/FreeRTOSCommonHooks.c"
In file included from C:\Users\Bertus\Documents\LPCXpresso_5.2.6_2137\workspace5\lpc_chip_11uxx_lib\inc/chip.h:232:0,
Finished building: ../freertos/src/FreeRTOSCommonHooks.c
                 from C:\Users\Bertus\Documents\LPCXpresso_5.2.6_2137\workspace5\nxp_lpcxpresso_11u14_board_lib\inc/board.h:35,
                 from C:\Users\Bertus\Documents\LPCXpresso_5.2.6_2137\workspace5\RTOS-Serial\example\inc/FreeRTOSConfig.h:60,
 
                 from C:\Users\Bertus\Documents\LPCXpresso_5.2.6_2137\workspace5\RTOS-Serial\freertos\inc/FreeRTOS.h:88,
Building file: ../freertos/src/croutine.c
                 from ../freertos/src/FreeRTOSCommonHooks.c:32:
C:\Users\Bertus\Documents\LPCXpresso_5.2.6_2137\workspace5\lpc_chip_11uxx_lib\inc/pmu_11xx.h:49:8: warning: missing terminating " character [enabled by default]
Invoking: MCU C Compiler
arm-none-eabi-gcc -D__REDLIB__ -DDEBUG -D__CODE_RED -D__USE_LPCOPEN -DCORE_M0 -I"C:\Users\Bertus\Documents\LPCXpresso_5.2.6_2137\workspace5\RTOS-Serial\example\inc" -I"C:\Users\Bertus\Documents\LPCXpresso_5.2.6_2137\workspace5\RTOS-Serial\freertos\inc" -I"C:\Users\Bertus\Documents\LPCXpresso_5.2.6_2137\workspace5\lpc_chip_11uxx_lib\inc" -I"C:\Users\Bertus\Documents\LPCXpresso_5.2.6_2137\workspace5\nxp_lpcxpresso_11u14_board_lib\inc" -I"C:\Users\Bertus\Documents\LPCXpresso_5.2.6_2137\workspace5\RTOS-Serial\example\src\Lib" -I"C:\Users\Bertus\Documents\LPCXpresso_5.2.6_2137\workspace5\nxp_lpcxpresso_11u14_usblib_device\Drivers\USB" -O0 -g3 -Wall -c -fmessage-length=0 -fno-builtin -ffunction-sections -fdata-sections -mcpu=cortex-m0 -mthumb -MMD -MP -MF"freertos/src/croutine.d" -MT"freertos/src/croutine.d" -o "freertos/src/croutine.o" "../freertos/src/croutine.c"
In file included from C:\Users\Bertus\Documents\LPCXpresso_5.2.6_2137\workspace5\lpc_chip_11uxx_lib\inc/chip.h:232:0,
Finished building: ../freertos/src/croutine.c
                 from C:\Users\Bertus\Documents\LPCXpresso_5.2.6_2137\workspace5\nxp_lpcxpresso_11u14_board_lib\inc/board.h:35,
                 from C:\Users\Bertus\Documents\LPCXpresso_5.2.6_2137\workspace5\RTOS-Serial\example\inc/FreeRTOSConfig.h:60,
 
Building file: ../freertos/src/heap_1.c
                 from C:\Users\Bertus\Documents\LPCXpresso_5.2.6_2137\workspace5\RTOS-Serial\freertos\inc/FreeRTOS.h:88,
                 from ../freertos/src/croutine.c:75:
C:\Users\Bertus\Documents\LPCXpresso_5.2.6_2137\workspace5\lpc_chip_11uxx_lib\inc/pmu_11xx.h:49:8: warning: missing terminating " character [enabled by default]
Invoking: MCU C Compiler
arm-none-eabi-gcc -D__REDLIB__ -DDEBUG -D__CODE_RED -D__USE_LPCOPEN -DCORE_M0 -I"C:\Users\Bertus\Documents\LPCXpresso_5.2.6_2137\workspace5\RTOS-Serial\example\inc" -I"C:\Users\Bertus\Documents\LPCXpresso_5.2.6_2137\workspace5\RTOS-Serial\freertos\inc" -I"C:\Users\Bertus\Documents\LPCXpresso_5.2.6_2137\workspace5\lpc_chip_11uxx_lib\inc" -I"C:\Users\Bertus\Documents\LPCXpresso_5.2.6_2137\workspace5\nxp_lpcxpresso_11u14_board_lib\inc" -I"C:\Users\Bertus\Documents\LPCXpresso_5.2.6_2137\workspace5\RTOS-Serial\example\src\Lib" -I"C:\Users\Bertus\Documents\LPCXpresso_5.2.6_2137\workspace5\nxp_lpcxpresso_11u14_usblib_device\Drivers\USB" -O0 -g3 -Wall -c -fmessage-length=0 -fno-builtin -ffunction-sections -fdata-sections -mcpu=cortex-m0 -mthumb -MMD -MP -MF"freertos/src/heap_1.d" -MT"freertos/src/heap_1.d" -o "freertos/src/heap_1.o" "../freertos/src/heap_1.c"
In file included from C:\Users\Bertus\Documents\LPCXpresso_5.2.6_2137\workspace5\lpc_chip_11uxx_lib\inc/chip.h:232:0,
                 from C:\Users\Bertus\Documents\LPCXpresso_5.2.6_2137\workspace5\nxp_lpcxpresso_11u14_board_lib\inc/board.h:35,
                 from C:\Users\Bertus\Documents\LPCXpresso_5.2.6_2137\workspace5\RTOS-Serial\example\inc/FreeRTOSConfig.h:60,
                 from C:\Users\Bertus\Documents\LPCXpresso_5.2.6_2137\workspace5\RTOS-Serial\freertos\inc/FreeRTOS.h:88,
                 from ../freertos/src/heap_1.c:90:
C:\Users\Bertus\Documents\LPCXpresso_5.2.6_2137\workspace5\lpc_chip_11uxx_lib\inc/pmu_11xx.h:49:8: warning: missing terminating " character [enabled by default]
Finished building: ../freertos/src/heap_1.c
 
Building file: ../freertos/src/list.c
Invoking: MCU C Compiler
arm-none-eabi-gcc -D__REDLIB__ -DDEBUG -D__CODE_RED -D__USE_LPCOPEN -DCORE_M0 -I"C:\Users\Bertus\Documents\LPCXpresso_5.2.6_2137\workspace5\RTOS-Serial\example\inc" -I"C:\Users\Bertus\Documents\LPCXpresso_5.2.6_2137\workspace5\RTOS-Serial\freertos\inc" -I"C:\Users\Bertus\Documents\LPCXpresso_5.2.6_2137\workspace5\lpc_chip_11uxx_lib\inc" -I"C:\Users\Bertus\Documents\LPCXpresso_5.2.6_2137\workspace5\nxp_lpcxpresso_11u14_board_lib\inc" -I"C:\Users\Bertus\Documents\LPCXpresso_5.2.6_2137\workspace5\RTOS-Serial\example\src\Lib" -I"C:\Users\Bertus\Documents\LPCXpresso_5.2.6_2137\workspace5\nxp_lpcxpresso_11u14_usblib_device\Drivers\USB" -O0 -g3 -Wall -c -fmessage-length=0 -fno-builtin -ffunction-sections -fdata-sections -mcpu=cortex-m0 -mthumb -MMD -MP -MF"freertos/src/list.d" -MT"freertos/src/list.d" -o "freertos/src/list.o" "../freertos/src/list.c"
In file included from C:\Users\Bertus\Documents\LPCXpresso_5.2.6_2137\workspace5\lpc_chip_11uxx_lib\inc/chip.h:232:0,
                 from C:\Users\Bertus\Documents\LPCXpresso_5.2.6_2137\workspace5\nxp_lpcxpresso_11u14_board_lib\inc/board.h:35,
                 from C:\Users\Bertus\Documents\LPCXpresso_5.2.6_2137\workspace5\RTOS-Serial\example\inc/FreeRTOSConfig.h:60,
                 from C:\Users\Bertus\Documents\LPCXpresso_5.2.6_2137\workspace5\RTOS-Serial\freertos\inc/FreeRTOS.h:88,
                 from ../freertos/src/list.c:77:
C:\Users\Bertus\Documents\LPCXpresso_5.2.6_2137\workspace5\lpc_chip_11uxx_lib\inc/pmu_11xx.h:49:8: warning: missing terminating " character [enabled by default]
Finished building: ../freertos/src/list.c
 
Building file: ../freertos/src/port.c
Invoking: MCU C Compiler
arm-none-eabi-gcc -D__REDLIB__ -DDEBUG -D__CODE_RED -D__USE_LPCOPEN -DCORE_M0 -I"C:\Users\Bertus\Documents\LPCXpresso_5.2.6_2137\workspace5\RTOS-Serial\example\inc" -I"C:\Users\Bertus\Documents\LPCXpresso_5.2.6_2137\workspace5\RTOS-Serial\freertos\inc" -I"C:\Users\Bertus\Documents\LPCXpresso_5.2.6_2137\workspace5\lpc_chip_11uxx_lib\inc" -I"C:\Users\Bertus\Documents\LPCXpresso_5.2.6_2137\workspace5\nxp_lpcxpresso_11u14_board_lib\inc" -I"C:\Users\Bertus\Documents\LPCXpresso_5.2.6_2137\workspace5\RTOS-Serial\example\src\Lib" -I"C:\Users\Bertus\Documents\LPCXpresso_5.2.6_2137\workspace5\nxp_lpcxpresso_11u14_usblib_device\Drivers\USB" -O0 -g3 -Wall -c -fmessage-length=0 -fno-builtin -ffunction-sections -fdata-sections -mcpu=cortex-m0 -mthumb -MMD -MP -MF"freertos/src/port.d" -MT"freertos/src/port.d" -o "freertos/src/port.o" "../freertos/src/port.c"
In file included from C:\Users\Bertus\Documents\LPCXpresso_5.2.6_2137\workspace5\lpc_chip_11uxx_lib\inc/chip.h:232:0,
Finished building: ../freertos/src/port.c
                 from C:\Users\Bertus\Documents\LPCXpresso_5.2.6_2137\workspace5\nxp_lpcxpresso_11u14_board_lib\inc/board.h:35,
                 from C:\Users\Bertus\Documents\LPCXpresso_5.2.6_2137\workspace5\RTOS-Serial\example\inc/FreeRTOSConfig.h:60,
                 from C:\Users\Bertus\Documents\LPCXpresso_5.2.6_2137\workspace5\RTOS-Serial\freertos\inc/FreeRTOS.h:88,
                 from ../freertos/src/port.c:80:
C:\Users\Bertus\Documents\LPCXpresso_5.2.6_2137\workspace5\lpc_chip_11uxx_lib\inc/pmu_11xx.h:49:8: warning: missing terminating " character [enabled by default]
 
Building file: ../freertos/src/queue.c
Invoking: MCU C Compiler
arm-none-eabi-gcc -D__REDLIB__ -DDEBUG -D__CODE_RED -D__USE_LPCOPEN -DCORE_M0 -I"C:\Users\Bertus\Documents\LPCXpresso_5.2.6_2137\workspace5\RTOS-Serial\example\inc" -I"C:\Users\Bertus\Documents\LPCXpresso_5.2.6_2137\workspace5\RTOS-Serial\freertos\inc" -I"C:\Users\Bertus\Documents\LPCXpresso_5.2.6_2137\workspace5\lpc_chip_11uxx_lib\inc" -I"C:\Users\Bertus\Documents\LPCXpresso_5.2.6_2137\workspace5\nxp_lpcxpresso_11u14_board_lib\inc" -I"C:\Users\Bertus\Documents\LPCXpresso_5.2.6_2137\workspace5\RTOS-Serial\example\src\Lib" -I"C:\Users\Bertus\Documents\LPCXpresso_5.2.6_2137\workspace5\nxp_lpcxpresso_11u14_usblib_device\Drivers\USB" -O0 -g3 -Wall -c -fmessage-length=0 -fno-builtin -ffunction-sections -fdata-sections -mcpu=cortex-m0 -mthumb -MMD -MP -MF"freertos/src/queue.d" -MT"freertos/src/queue.d" -o "freertos/src/queue.o" "../freertos/src/queue.c"
In file included from C:\Users\Bertus\Documents\LPCXpresso_5.2.6_2137\workspace5\lpc_chip_11uxx_lib\inc/chip.h:232:0,
Finished building: ../freertos/src/queue.c
                 from C:\Users\Bertus\Documents\LPCXpresso_5.2.6_2137\workspace5\nxp_lpcxpresso_11u14_board_lib\inc/board.h:35,
 
Building file: ../freertos/src/tasks.c
Invoking: MCU C Compiler
                 from C:\Users\Bertus\Documents\LPCXpresso_5.2.6_2137\workspace5\RTOS-Serial\example\inc/FreeRTOSConfig.h:60,
arm-none-eabi-gcc -D__REDLIB__ -DDEBUG -D__CODE_RED -D__USE_LPCOPEN -DCORE_M0 -I"C:\Users\Bertus\Documents\LPCXpresso_5.2.6_2137\workspace5\RTOS-Serial\example\inc" -I"C:\Users\Bertus\Documents\LPCXpresso_5.2.6_2137\workspace5\RTOS-Serial\freertos\inc" -I"C:\Users\Bertus\Documents\LPCXpresso_5.2.6_2137\workspace5\lpc_chip_11uxx_lib\inc" -I"C:\Users\Bertus\Documents\LPCXpresso_5.2.6_2137\workspace5\nxp_lpcxpresso_11u14_board_lib\inc" -I"C:\Users\Bertus\Documents\LPCXpresso_5.2.6_2137\workspace5\RTOS-Serial\example\src\Lib" -I"C:\Users\Bertus\Documents\LPCXpresso_5.2.6_2137\workspace5\nxp_lpcxpresso_11u14_usblib_device\Drivers\USB" -O0 -g3 -Wall -c -fmessage-length=0 -fno-builtin -ffunction-sections -fdata-sections -mcpu=cortex-m0 -mthumb -MMD -MP -MF"freertos/src/tasks.d" -MT"freertos/src/tasks.d" -o "freertos/src/tasks.o" "../freertos/src/tasks.c"
                 from C:\Users\Bertus\Documents\LPCXpresso_5.2.6_2137\workspace5\RTOS-Serial\freertos\inc/FreeRTOS.h:88,
                 from ../freertos/src/queue.c:83:
C:\Users\Bertus\Documents\LPCXpresso_5.2.6_2137\workspace5\lpc_chip_11uxx_lib\inc/pmu_11xx.h:49:8: warning: missing terminating " character [enabled by default]
In file included from C:\Users\Bertus\Documents\LPCXpresso_5.2.6_2137\workspace5\lpc_chip_11uxx_lib\inc/chip.h:232:0,
                 from C:\Users\Bertus\Documents\LPCXpresso_5.2.6_2137\workspace5\nxp_lpcxpresso_11u14_board_lib\inc/board.h:35,
                 from C:\Users\Bertus\Documents\LPCXpresso_5.2.6_2137\workspace5\RTOS-Serial\example\inc/FreeRTOSConfig.h:60,
                 from C:\Users\Bertus\Documents\LPCXpresso_5.2.6_2137\workspace5\RTOS-Serial\freertos\inc/FreeRTOS.h:88,
                 from ../freertos/src/tasks.c:86:
C:\Users\Bertus\Documents\LPCXpresso_5.2.6_2137\workspace5\lpc_chip_11uxx_lib\inc/pmu_11xx.h:49:8: warning: missing terminating " character [enabled by default]
Finished building: ../freertos/src/tasks.c
 
Building file: ../freertos/src/timers.c
Invoking: MCU C Compiler
arm-none-eabi-gcc -D__REDLIB__ -DDEBUG -D__CODE_RED -D__USE_LPCOPEN -DCORE_M0 -I"C:\Users\Bertus\Documents\LPCXpresso_5.2.6_2137\workspace5\RTOS-Serial\example\inc" -I"C:\Users\Bertus\Documents\LPCXpresso_5.2.6_2137\workspace5\RTOS-Serial\freertos\inc" -I"C:\Users\Bertus\Documents\LPCXpresso_5.2.6_2137\workspace5\lpc_chip_11uxx_lib\inc" -I"C:\Users\Bertus\Documents\LPCXpresso_5.2.6_2137\workspace5\nxp_lpcxpresso_11u14_board_lib\inc" -I"C:\Users\Bertus\Documents\LPCXpresso_5.2.6_2137\workspace5\RTOS-Serial\example\src\Lib" -I"C:\Users\Bertus\Documents\LPCXpresso_5.2.6_2137\workspace5\nxp_lpcxpresso_11u14_usblib_device\Drivers\USB" -O0 -g3 -Wall -c -fmessage-length=0 -fno-builtin -ffunction-sections -fdata-sections -mcpu=cortex-m0 -mthumb -MMD -MP -MF"freertos/src/timers.d" -MT"freertos/src/timers.d" -o "freertos/src/timers.o" "../freertos/src/timers.c"
In file included from C:\Users\Bertus\Documents\LPCXpresso_5.2.6_2137\workspace5\lpc_chip_11uxx_lib\inc/chip.h:232:0,
Finished building: ../freertos/src/timers.c
 
Building file: ../example/src/Lib/UsbRom.c
Invoking: MCU C Compiler
arm-none-eabi-gcc -D__REDLIB__ -DDEBUG -D__CODE_RED -D__USE_LPCOPEN -DCORE_M0 -I"C:\Users\Bertus\Documents\LPCXpresso_5.2.6_2137\workspace5\RTOS-Serial\example\inc" -I"C:\Users\Bertus\Documents\LPCXpresso_5.2.6_2137\workspace5\RTOS-Serial\freertos\inc" -I"C:\Users\Bertus\Documents\LPCXpresso_5.2.6_2137\workspace5\lpc_chip_11uxx_lib\inc" -I"C:\Users\Bertus\Documents\LPCXpresso_5.2.6_2137\workspace5\nxp_lpcxpresso_11u14_board_lib\inc" -I"C:\Users\Bertus\Documents\LPCXpresso_5.2.6_2137\workspace5\RTOS-Serial\example\src\Lib" -I"C:\Users\Bertus\Documents\LPCXpresso_5.2.6_2137\workspace5\nxp_lpcxpresso_11u14_usblib_device\Drivers\USB" -O0 -g3 -Wall -c -fmessage-length=0 -fno-builtin -ffunction-sections -fdata-sections -mcpu=cortex-m0 -mthumb -MMD -MP -MF"example/src/Lib/UsbRom.d" -MT"example/src/Lib/UsbRom.d" -o "example/src/Lib/UsbRom.o" "../example/src/Lib/UsbRom.c"
                 from C:\Users\Bertus\Documents\LPCXpresso_5.2.6_2137\workspace5\nxp_lpcxpresso_11u14_board_lib\inc/board.h:35,
                 from C:\Users\Bertus\Documents\LPCXpresso_5.2.6_2137\workspace5\RTOS-Serial\example\inc/FreeRTOSConfig.h:60,
                 from C:\Users\Bertus\Documents\LPCXpresso_5.2.6_2137\workspace5\RTOS-Serial\freertos\inc/FreeRTOS.h:88,
                 from ../freertos/src/timers.c:80:
C:\Users\Bertus\Documents\LPCXpresso_5.2.6_2137\workspace5\lpc_chip_11uxx_lib\inc/pmu_11xx.h:49:8: warning: missing terminating " character [enabled by default]
In file included from C:\Users\Bertus\Documents\LPCXpresso_5.2.6_2137\workspace5\lpc_chip_11uxx_lib\inc/chip.h:232:0,
                 from C:\Users\Bertus\Documents\LPCXpresso_5.2.6_2137\workspace5\nxp_lpcxpresso_11u14_board_lib\inc/board.h:35,
                 from ../example/src/Lib/..\VirtualSerial.h:36,
                 from ../example/src/Lib/UsbRom.h:33,
                 from ../example/src/Lib/UsbRom.c:32:
C:\Users\Bertus\Documents\LPCXpresso_5.2.6_2137\workspace5\lpc_chip_11uxx_lib\inc/pmu_11xx.h:49:8: warning: missing terminating " character [enabled by default]
In file included from ../example/src/Lib/UsbRom.h:33:0,
                 from ../example/src/Lib/UsbRom.c:32:
../example/src/Lib/..\VirtualSerial.h:37:21: fatal error: Lib/USB.h: No such file or directory
compilation terminated.
make: *** [example/src/Lib/UsbRom.o] Error 1
19:26:17 **** Incremental Build of configuration Debug for project lpc_chip_11uxx_lib ****
make all 
make: Nothing to be done for `all'.
19:26:18 **** Incremental Build of configuration Debug for project nxp_lpcxpresso_11u14_board_lib ****
make all 
make: Nothing to be done for `all'.
19:26:19 **** Incremental Build of configuration Debug for project RTOS-Serial ****
make all 
Building file: ../example/src/Lib/UsbRom.c
Invoking: MCU C Compiler
arm-none-eabi-gcc -D__REDLIB__ -DDEBUG -D__CODE_RED -D__USE_LPCOPEN -DCORE_M0 -I"C:\Users\Bertus\Documents\LPCXpresso_5.2.6_2137\workspace5\RTOS-Serial\example\inc" -I"C:\Users\Bertus\Documents\LPCXpresso_5.2.6_2137\workspace5\RTOS-Serial\freertos\inc" -I"C:\Users\Bertus\Documents\LPCXpresso_5.2.6_2137\workspace5\lpc_chip_11uxx_lib\inc" -I"C:\Users\Bertus\Documents\LPCXpresso_5.2.6_2137\workspace5\nxp_lpcxpresso_11u14_board_lib\inc" -I"C:\Users\Bertus\Documents\LPCXpresso_5.2.6_2137\workspace5\RTOS-Serial\example\src\Lib" -I"C:\Users\Bertus\Documents\LPCXpresso_5.2.6_2137\workspace5\nxp_lpcxpresso_11u14_usblib_device\Drivers\USB" -O0 -g3 -Wall -c -fmessage-length=0 -fno-builtin -ffunction-sections -fdata-sections -mcpu=cortex-m0 -mthumb -MMD -MP -MF"example/src/Lib/UsbRom.d" -MT"example/src/Lib/UsbRom.d" -o "example/src/Lib/UsbRom.o" "../example/src/Lib/UsbRom.c"
In file included from C:\Users\Bertus\Documents\LPCXpresso_5.2.6_2137\workspace5\lpc_chip_11uxx_lib\inc/chip.h:232:0,
                 from C:\Users\Bertus\Documents\LPCXpresso_5.2.6_2137\workspace5\nxp_lpcxpresso_11u14_board_lib\inc/board.h:35,
                 from ../example/src/Lib/..\VirtualSerial.h:36,
                 from ../example/src/Lib/UsbRom.h:33,
                 from ../example/src/Lib/UsbRom.c:32:
C:\Users\Bertus\Documents\LPCXpresso_5.2.6_2137\workspace5\lpc_chip_11uxx_lib\inc/pmu_11xx.h:49:8: warning: missing terminating " character [enabled by default]
In file included from C:\Users\Bertus\Documents\LPCXpresso_5.2.6_2137\workspace5\nxp_lpcxpresso_11u14_usblib_device\Drivers\USB/USB.h:357:0,
                 from ../example/src/Lib/..\VirtualSerial.h:37,
                 from ../example/src/Lib/UsbRom.h:33,
                 from ../example/src/Lib/UsbRom.c:32:
C:\Users\Bertus\Documents\LPCXpresso_5.2.6_2137\workspace5\nxp_lpcxpresso_11u14_usblib_device\Drivers\USB/Core/USBMode.h:139:6: error: #error The currently selected device or architecture is not supported under the USB component of the library.
In file included from ../example/src/Lib/..\VirtualSerial.h:40:0,
                 from ../example/src/Lib/UsbRom.h:33,
                 from ../example/src/Lib/UsbRom.c:32:
../example/src/Lib/..\/Descriptors.h:73:2: error: unknown type name 'USB_CDC_Descriptor_FunctionalHeader_t'
../example/src/Lib/..\/Descriptors.h:74:2: error: unknown type name 'USB_CDC_Descriptor_FunctionalACM_t'
../example/src/Lib/..\/Descriptors.h:75:2: error: unknown type name 'USB_CDC_Descriptor_FunctionalUnion_t'
make: *** [example/src/Lib/UsbRom.o] Error 1
19:27:11 **** Clean-only build of configuration Debug for project lpc_chip_11uxx_lib ****
make clean 
rm -rf  ./src/adc_1125.o ./src/adc_11xx.o ./src/chip_11xx.o ./src/clock_11xx.o ./src/gpio_11xx_1.o ./src/gpio_11xx_2.o ./src/gpiogroup_11xx.o ./src/i2c_11xx.o ./src/iocon_11xx.o ./src/pinint_11xx.o ./src/pmu_11xx.o ./src/ring_buffer.o ./src/ssp_11xx.o ./src/sysctl_11xx.o ./src/sysinit_11xx.o ./src/timer_11xx.o ./src/uart_11xx.o ./src/wwdt_11xx.o  ./src/adc_1125.d ./src/adc_11xx.d ./src/chip_11xx.d ./src/clock_11xx.d ./src/gpio_11xx_1.d ./src/gpio_11xx_2.d ./src/gpiogroup_11xx.d ./src/i2c_11xx.d ./src/iocon_11xx.d ./src/pinint_11xx.d ./src/pmu_11xx.d ./src/ring_buffer.d ./src/ssp_11xx.d ./src/sysctl_11xx.d ./src/sysinit_11xx.d ./src/timer_11xx.d ./src/uart_11xx.d ./src/wwdt_11xx.d  liblpc_chip_11uxx_lib.a
 
19:27:12 **** Clean-only build of configuration Debug for project nxp_lpcxpresso_11u14_board_lib ****
make clean 
rm -rf  ./src/board.o ./src/board_sysinit.o  ./src/board.d ./src/board_sysinit.d  libnxp_lpcxpresso_11u14_board_lib.a
 
19:27:12 **** Clean-only build of configuration Debug for project RTOS-Serial ****
make clean 
rm -rf  ./freertos/src/FreeRTOSCommonHooks.o ./freertos/src/croutine.o ./freertos/src/heap_1.o ./freertos/src/list.o ./freertos/src/port.o ./freertos/src/queue.o ./freertos/src/tasks.o ./freertos/src/timers.o  ./example/src/Lib/UsbRom.o  ./example/src/Descriptors.o ./example/src/VirtualSerial.o ./example/src/cr_startup_lpc11xx.o ./example/src/freertos_blinky.o ./example/src/sysinit.o  ./freertos/src/FreeRTOSCommonHooks.d ./freertos/src/croutine.d ./freertos/src/heap_1.d ./freertos/src/list.d ./freertos/src/port.d ./freertos/src/queue.d ./freertos/src/tasks.d ./freertos/src/timers.d  ./example/src/Lib/UsbRom.d  ./example/src/Descriptors.d ./example/src/VirtualSerial.d ./example/src/cr_startup_lpc11xx.d ./example/src/freertos_blinky.d ./example/src/sysinit.d  RTOS-Serial.axf
 
19:27:15 **** Build of configuration Debug for project lpc_chip_11uxx_lib ****
make all 
Building file: ../src/adc_1125.c
Invoking: MCU C Compiler
arm-none-eabi-gcc -D__REDLIB__ -DDEBUG -D__CODE_RED -DCORE_M0 -I"C:\Users\Bertus\Documents\LPCXpresso_5.2.6_2137\workspace5\lpc_chip_11uxx_lib\inc" -O0 -g3 -Wall -c -fmessage-length=0 -fno-builtin -ffunction-sections -fdata-sections -mcpu=cortex-m0 -mthumb -MMD -MP -MF"src/adc_1125.d" -MT"src/adc_1125.d" -o "src/adc_1125.o" "../src/adc_1125.c"
In file included from C:\Users\Bertus\Documents\LPCXpresso_5.2.6_2137\workspace5\lpc_chip_11uxx_lib\inc/chip.h:232:0,
                 from ../src/adc_1125.c:32:
C:\Users\Bertus\Documents\LPCXpresso_5.2.6_2137\workspace5\lpc_chip_11uxx_lib\inc/pmu_11xx.h:49:8: warning: missing terminating " character [enabled by default]
Finished building: ../src/adc_1125.c
 
Building file: ../src/adc_11xx.c
Invoking: MCU C Compiler
arm-none-eabi-gcc -D__REDLIB__ -DDEBUG -D__CODE_RED -DCORE_M0 -I"C:\Users\Bertus\Documents\LPCXpresso_5.2.6_2137\workspace5\lpc_chip_11uxx_lib\inc" -O0 -g3 -Wall -c -fmessage-length=0 -fno-builtin -ffunction-sections -fdata-sections -mcpu=cortex-m0 -mthumb -MMD -MP -MF"src/adc_11xx.d" -MT"src/adc_11xx.d" -o "src/adc_11xx.o" "../src/adc_11xx.c"
In file included from C:\Users\Bertus\Documents\LPCXpresso_5.2.6_2137\workspace5\lpc_chip_11uxx_lib\inc/chip.h:232:0,
                 from ../src/adc_11xx.c:32:
C:\Users\Bertus\Documents\LPCXpresso_5.2.6_2137\workspace5\lpc_chip_11uxx_lib\inc/pmu_11xx.h:49:8: warning: missing terminating " character [enabled by default]
Finished building: ../src/adc_11xx.c
 
Building file: ../src/chip_11xx.c
Invoking: MCU C Compiler
arm-none-eabi-gcc -D__REDLIB__ -DDEBUG -D__CODE_RED -DCORE_M0 -I"C:\Users\Bertus\Documents\LPCXpresso_5.2.6_2137\workspace5\lpc_chip_11uxx_lib\inc" -O0 -g3 -Wall -c -fmessage-length=0 -fno-builtin -ffunction-sections -fdata-sections -mcpu=cortex-m0 -mthumb -MMD -MP -MF"src/chip_11xx.d" -MT"src/chip_11xx.d" -o "src/chip_11xx.o" "../src/chip_11xx.c"
In file included from C:\Users\Bertus\Documents\LPCXpresso_5.2.6_2137\workspace5\lpc_chip_11uxx_lib\inc/chip.h:232:0,
                 from ../src/chip_11xx.c:32:
C:\Users\Bertus\Documents\LPCXpresso_5.2.6_2137\workspace5\lpc_chip_11uxx_lib\inc/pmu_11xx.h:49:8: warning: missing terminating " character [enabled by default]
Finished building: ../src/chip_11xx.c
 
Building file: ../src/clock_11xx.c
Invoking: MCU C Compiler
arm-none-eabi-gcc -D__REDLIB__ -DDEBUG -D__CODE_RED -DCORE_M0 -I"C:\Users\Bertus\Documents\LPCXpresso_5.2.6_2137\workspace5\lpc_chip_11uxx_lib\inc" -O0 -g3 -Wall -c -fmessage-length=0 -fno-builtin -ffunction-sections -fdata-sections -mcpu=cortex-m0 -mthumb -MMD -MP -MF"src/clock_11xx.d" -MT"src/clock_11xx.d" -o "src/clock_11xx.o" "../src/clock_11xx.c"
In file included from C:\Users\Bertus\Documents\LPCXpresso_5.2.6_2137\workspace5\lpc_chip_11uxx_lib\inc/chip.h:232:0,
                 from ../src/clock_11xx.c:29:
C:\Users\Bertus\Documents\LPCXpresso_5.2.6_2137\workspace5\lpc_chip_11uxx_lib\inc/pmu_11xx.h:49:8: warning: missing terminating " character [enabled by default]
Finished building: ../src/clock_11xx.c
 
Building file: ../src/gpio_11xx_1.c
Invoking: MCU C Compiler
arm-none-eabi-gcc -D__REDLIB__ -DDEBUG -D__CODE_RED -DCORE_M0 -I"C:\Users\Bertus\Documents\LPCXpresso_5.2.6_2137\workspace5\lpc_chip_11uxx_lib\inc" -O0 -g3 -Wall -c -fmessage-length=0 -fno-builtin -ffunction-sections -fdata-sections -mcpu=cortex-m0 -mthumb -MMD -MP -MF"src/gpio_11xx_1.d" -MT"src/gpio_11xx_1.d" -o "src/gpio_11xx_1.o" "../src/gpio_11xx_1.c"
In file included from C:\Users\Bertus\Documents\LPCXpresso_5.2.6_2137\workspace5\lpc_chip_11uxx_lib\inc/chip.h:232:0,
                 from ../src/gpio_11xx_1.c:33:
C:\Users\Bertus\Documents\LPCXpresso_5.2.6_2137\workspace5\lpc_chip_11uxx_lib\inc/pmu_11xx.h:49:8: warning: missing terminating " character [enabled by default]
Finished building: ../src/gpio_11xx_1.c
 
Building file: ../src/gpio_11xx_2.c
Invoking: MCU C Compiler
arm-none-eabi-gcc -D__REDLIB__ -DDEBUG -D__CODE_RED -DCORE_M0 -I"C:\Users\Bertus\Documents\LPCXpresso_5.2.6_2137\workspace5\lpc_chip_11uxx_lib\inc" -O0 -g3 -Wall -c -fmessage-length=0 -fno-builtin -ffunction-sections -fdata-sections -mcpu=cortex-m0 -mthumb -MMD -MP -MF"src/gpio_11xx_2.d" -MT"src/gpio_11xx_2.d" -o "src/gpio_11xx_2.o" "../src/gpio_11xx_2.c"
In file included from C:\Users\Bertus\Documents\LPCXpresso_5.2.6_2137\workspace5\lpc_chip_11uxx_lib\inc/chip.h:232:0,
                 from ../src/gpio_11xx_2.c:33:
C:\Users\Bertus\Documents\LPCXpresso_5.2.6_2137\workspace5\lpc_chip_11uxx_lib\inc/pmu_11xx.h:49:8: warning: missing terminating " character [enabled by default]
Finished building: ../src/gpio_11xx_2.c
 
Building file: ../src/gpiogroup_11xx.c
Invoking: MCU C Compiler
arm-none-eabi-gcc -D__REDLIB__ -DDEBUG -D__CODE_RED -DCORE_M0 -I"C:\Users\Bertus\Documents\LPCXpresso_5.2.6_2137\workspace5\lpc_chip_11uxx_lib\inc" -O0 -g3 -Wall -c -fmessage-length=0 -fno-builtin -ffunction-sections -fdata-sections -mcpu=cortex-m0 -mthumb -MMD -MP -MF"src/gpiogroup_11xx.d" -MT"src/gpiogroup_11xx.d" -o "src/gpiogroup_11xx.o" "../src/gpiogroup_11xx.c"
In file included from C:\Users\Bertus\Documents\LPCXpresso_5.2.6_2137\workspace5\lpc_chip_11uxx_lib\inc/chip.h:232:0,
                 from ../src/gpiogroup_11xx.c:33:
C:\Users\Bertus\Documents\LPCXpresso_5.2.6_2137\workspace5\lpc_chip_11uxx_lib\inc/pmu_11xx.h:49:8: warning: missing terminating " character [enabled by default]
Finished building: ../src/gpiogroup_11xx.c
 
Building file: ../src/i2c_11xx.c
Invoking: MCU C Compiler
arm-none-eabi-gcc -D__REDLIB__ -DDEBUG -D__CODE_RED -DCORE_M0 -I"C:\Users\Bertus\Documents\LPCXpresso_5.2.6_2137\workspace5\lpc_chip_11uxx_lib\inc" -O0 -g3 -Wall -c -fmessage-length=0 -fno-builtin -ffunction-sections -fdata-sections -mcpu=cortex-m0 -mthumb -MMD -MP -MF"src/i2c_11xx.d" -MT"src/i2c_11xx.d" -o "src/i2c_11xx.o" "../src/i2c_11xx.c"
In file included from C:\Users\Bertus\Documents\LPCXpresso_5.2.6_2137\workspace5\lpc_chip_11uxx_lib\inc/chip.h:232:0,
                 from ../src/i2c_11xx.c:32:
C:\Users\Bertus\Documents\LPCXpresso_5.2.6_2137\workspace5\lpc_chip_11uxx_lib\inc/pmu_11xx.h:49:8: warning: missing terminating " character [enabled by default]
Finished building: ../src/i2c_11xx.c
 
Building file: ../src/iocon_11xx.c
Invoking: MCU C Compiler
arm-none-eabi-gcc -D__REDLIB__ -DDEBUG -D__CODE_RED -DCORE_M0 -I"C:\Users\Bertus\Documents\LPCXpresso_5.2.6_2137\workspace5\lpc_chip_11uxx_lib\inc" -O0 -g3 -Wall -c -fmessage-length=0 -fno-builtin -ffunction-sections -fdata-sections -mcpu=cortex-m0 -mthumb -MMD -MP -MF"src/iocon_11xx.d" -MT"src/iocon_11xx.d" -o "src/iocon_11xx.o" "../src/iocon_11xx.c"
In file included from C:\Users\Bertus\Documents\LPCXpresso_5.2.6_2137\workspace5\lpc_chip_11uxx_lib\inc/chip.h:232:0,
                 from ../src/iocon_11xx.c:29:
C:\Users\Bertus\Documents\LPCXpresso_5.2.6_2137\workspace5\lpc_chip_11uxx_lib\inc/pmu_11xx.h:49:8: warning: missing terminating " character [enabled by default]
Finished building: ../src/iocon_11xx.c
 
Building file: ../src/pinint_11xx.c
Invoking: MCU C Compiler
arm-none-eabi-gcc -D__REDLIB__ -DDEBUG -D__CODE_RED -DCORE_M0 -I"C:\Users\Bertus\Documents\LPCXpresso_5.2.6_2137\workspace5\lpc_chip_11uxx_lib\inc" -O0 -g3 -Wall -c -fmessage-length=0 -fno-builtin -ffunction-sections -fdata-sections -mcpu=cortex-m0 -mthumb -MMD -MP -MF"src/pinint_11xx.d" -MT"src/pinint_11xx.d" -o "src/pinint_11xx.o" "../src/pinint_11xx.c"
In file included from C:\Users\Bertus\Documents\LPCXpresso_5.2.6_2137\workspace5\lpc_chip_11uxx_lib\inc/chip.h:232:0,
                 from ../src/pinint_11xx.c:32:
C:\Users\Bertus\Documents\LPCXpresso_5.2.6_2137\workspace5\lpc_chip_11uxx_lib\inc/pmu_11xx.h:49:8: warning: missing terminating " character [enabled by default]
Finished building: ../src/pinint_11xx.c
 
Building file: ../src/pmu_11xx.c
Invoking: MCU C Compiler
arm-none-eabi-gcc -D__REDLIB__ -DDEBUG -D__CODE_RED -DCORE_M0 -I"C:\Users\Bertus\Documents\LPCXpresso_5.2.6_2137\workspace5\lpc_chip_11uxx_lib\inc" -O0 -g3 -Wall -c -fmessage-length=0 -fno-builtin -ffunction-sections -fdata-sections -mcpu=cortex-m0 -mthumb -MMD -MP -MF"src/pmu_11xx.d" -MT"src/pmu_11xx.d" -o "src/pmu_11xx.o" "../src/pmu_11xx.c"
In file included from C:\Users\Bertus\Documents\LPCXpresso_5.2.6_2137\workspace5\lpc_chip_11uxx_lib\inc/chip.h:232:0,
                 from ../src/pmu_11xx.c:32:
C:\Users\Bertus\Documents\LPCXpresso_5.2.6_2137\workspace5\lpc_chip_11uxx_lib\inc/pmu_11xx.h:49:8: warning: missing terminating " character [enabled by default]
Finished building: ../src/pmu_11xx.c
 
Building file: ../src/ring_buffer.c
Invoking: MCU C Compiler
arm-none-eabi-gcc -D__REDLIB__ -DDEBUG -D__CODE_RED -DCORE_M0 -I"C:\Users\Bertus\Documents\LPCXpresso_5.2.6_2137\workspace5\lpc_chip_11uxx_lib\inc" -O0 -g3 -Wall -c -fmessage-length=0 -fno-builtin -ffunction-sections -fdata-sections -mcpu=cortex-m0 -mthumb -MMD -MP -MF"src/ring_buffer.d" -MT"src/ring_buffer.d" -o "src/ring_buffer.o" "../src/ring_buffer.c"
Finished building: ../src/ring_buffer.c
 
Building file: ../src/ssp_11xx.c
Invoking: MCU C Compiler
arm-none-eabi-gcc -D__REDLIB__ -DDEBUG -D__CODE_RED -DCORE_M0 -I"C:\Users\Bertus\Documents\LPCXpresso_5.2.6_2137\workspace5\lpc_chip_11uxx_lib\inc" -O0 -g3 -Wall -c -fmessage-length=0 -fno-builtin -ffunction-sections -fdata-sections -mcpu=cortex-m0 -mthumb -MMD -MP -MF"src/ssp_11xx.d" -MT"src/ssp_11xx.d" -o "src/ssp_11xx.o" "../src/ssp_11xx.c"
In file included from C:\Users\Bertus\Documents\LPCXpresso_5.2.6_2137\workspace5\lpc_chip_11uxx_lib\inc/chip.h:232:0,
                 from ../src/ssp_11xx.c:32:
C:\Users\Bertus\Documents\LPCXpresso_5.2.6_2137\workspace5\lpc_chip_11uxx_lib\inc/pmu_11xx.h:49:8: warning: missing terminating " character [enabled by default]
Finished building: ../src/ssp_11xx.c
 
Building file: ../src/sysctl_11xx.c
Invoking: MCU C Compiler
arm-none-eabi-gcc -D__REDLIB__ -DDEBUG -D__CODE_RED -DCORE_M0 -I"C:\Users\Bertus\Documents\LPCXpresso_5.2.6_2137\workspace5\lpc_chip_11uxx_lib\inc" -O0 -g3 -Wall -c -fmessage-length=0 -fno-builtin -ffunction-sections -fdata-sections -mcpu=cortex-m0 -mthumb -MMD -MP -MF"src/sysctl_11xx.d" -MT"src/sysctl_11xx.d" -o "src/sysctl_11xx.o" "../src/sysctl_11xx.c"
In file included from C:\Users\Bertus\Documents\LPCXpresso_5.2.6_2137\workspace5\lpc_chip_11uxx_lib\inc/chip.h:232:0,
                 from ../src/sysctl_11xx.c:29:
C:\Users\Bertus\Documents\LPCXpresso_5.2.6_2137\workspace5\lpc_chip_11uxx_lib\inc/pmu_11xx.h:49:8: warning: missing terminating " character [enabled by default]
Finished building: ../src/sysctl_11xx.c
 
Building file: ../src/sysinit_11xx.c
Invoking: MCU C Compiler
arm-none-eabi-gcc -D__REDLIB__ -DDEBUG -D__CODE_RED -DCORE_M0 -I"C:\Users\Bertus\Documents\LPCXpresso_5.2.6_2137\workspace5\lpc_chip_11uxx_lib\inc" -O0 -g3 -Wall -c -fmessage-length=0 -fno-builtin -ffunction-sections -fdata-sections -mcpu=cortex-m0 -mthumb -MMD -MP -MF"src/sysinit_11xx.d" -MT"src/sysinit_11xx.d" -o "src/sysinit_11xx.o" "../src/sysinit_11xx.c"
In file included from C:\Users\Bertus\Documents\LPCXpresso_5.2.6_2137\workspace5\lpc_chip_11uxx_lib\inc/chip.h:232:0,
                 from ../src/sysinit_11xx.c:32:
C:\Users\Bertus\Documents\LPCXpresso_5.2.6_2137\workspace5\lpc_chip_11uxx_lib\inc/pmu_11xx.h:49:8: warning: missing terminating " character [enabled by default]
Finished building: ../src/sysinit_11xx.c
 
Building file: ../src/timer_11xx.c
Invoking: MCU C Compiler
arm-none-eabi-gcc -D__REDLIB__ -DDEBUG -D__CODE_RED -DCORE_M0 -I"C:\Users\Bertus\Documents\LPCXpresso_5.2.6_2137\workspace5\lpc_chip_11uxx_lib\inc" -O0 -g3 -Wall -c -fmessage-length=0 -fno-builtin -ffunction-sections -fdata-sections -mcpu=cortex-m0 -mthumb -MMD -MP -MF"src/timer_11xx.d" -MT"src/timer_11xx.d" -o "src/timer_11xx.o" "../src/timer_11xx.c"
In file included from C:\Users\Bertus\Documents\LPCXpresso_5.2.6_2137\workspace5\lpc_chip_11uxx_lib\inc/chip.h:232:0,
                 from ../src/timer_11xx.c:32:
C:\Users\Bertus\Documents\LPCXpresso_5.2.6_2137\workspace5\lpc_chip_11uxx_lib\inc/pmu_11xx.h:49:8: warning: missing terminating " character [enabled by default]
Finished building: ../src/timer_11xx.c
 
Building file: ../src/uart_11xx.c
Invoking: MCU C Compiler
arm-none-eabi-gcc -D__REDLIB__ -DDEBUG -D__CODE_RED -DCORE_M0 -I"C:\Users\Bertus\Documents\LPCXpresso_5.2.6_2137\workspace5\lpc_chip_11uxx_lib\inc" -O0 -g3 -Wall -c -fmessage-length=0 -fno-builtin -ffunction-sections -fdata-sections -mcpu=cortex-m0 -mthumb -MMD -MP -MF"src/uart_11xx.d" -MT"src/uart_11xx.d" -o "src/uart_11xx.o" "../src/uart_11xx.c"
In file included from C:\Users\Bertus\Documents\LPCXpresso_5.2.6_2137\workspace5\lpc_chip_11uxx_lib\inc/chip.h:232:0,
                 from ../src/uart_11xx.c:32:
C:\Users\Bertus\Documents\LPCXpresso_5.2.6_2137\workspace5\lpc_chip_11uxx_lib\inc/pmu_11xx.h:49:8: warning: missing terminating " character [enabled by default]
Finished building: ../src/uart_11xx.c
 
Building file: ../src/wwdt_11xx.c
Invoking: MCU C Compiler
arm-none-eabi-gcc -D__REDLIB__ -DDEBUG -D__CODE_RED -DCORE_M0 -I"C:\Users\Bertus\Documents\LPCXpresso_5.2.6_2137\workspace5\lpc_chip_11uxx_lib\inc" -O0 -g3 -Wall -c -fmessage-length=0 -fno-builtin -ffunction-sections -fdata-sections -mcpu=cortex-m0 -mthumb -MMD -MP -MF"src/wwdt_11xx.d" -MT"src/wwdt_11xx.d" -o "src/wwdt_11xx.o" "../src/wwdt_11xx.c"
In file included from C:\Users\Bertus\Documents\LPCXpresso_5.2.6_2137\workspace5\lpc_chip_11uxx_lib\inc/chip.h:232:0,
                 from ../src/wwdt_11xx.c:32:
C:\Users\Bertus\Documents\LPCXpresso_5.2.6_2137\workspace5\lpc_chip_11uxx_lib\inc/pmu_11xx.h:49:8: warning: missing terminating " character [enabled by default]
Finished building: ../src/wwdt_11xx.c
 
Building target: liblpc_chip_11uxx_lib.a
Invoking: MCU Archiver
arm-none-eabi-ar -r  "liblpc_chip_11uxx_lib.a"  ./src/adc_1125.o ./src/adc_11xx.o ./src/chip_11xx.o ./src/clock_11xx.o ./src/gpio_11xx_1.o ./src/gpio_11xx_2.o ./src/gpiogroup_11xx.o ./src/i2c_11xx.o ./src/iocon_11xx.o ./src/pinint_11xx.o ./src/pmu_11xx.o ./src/ring_buffer.o ./src/ssp_11xx.o ./src/sysctl_11xx.o ./src/sysinit_11xx.o ./src/timer_11xx.o ./src/uart_11xx.o ./src/wwdt_11xx.o   
c:\nxp\LPCXpresso_5.2.6_2137\lpcxpresso\tools\bin\arm-none-eabi-ar.exe: creating liblpc_chip_11uxx_lib.a
Finished building target: liblpc_chip_11uxx_lib.a
 
make --no-print-directory post-build
Performing post-build steps
arm-none-eabi-size "liblpc_chip_11uxx_lib.a" ; # arm-none-eabi-objdump -h -S "liblpc_chip_11uxx_lib.a" >"liblpc_chip_11uxx_lib.lss"
   text	   data	    bss	    dec	    hex	filename
      0	      0	      0	      0	      0	adc_1125.o (ex liblpc_chip_11uxx_lib.a)
   1300	      0	      0	   1300	    514	adc_11xx.o (ex liblpc_chip_11uxx_lib.a)
     24	      0	      0	     24	     18	chip_11xx.o (ex liblpc_chip_11uxx_lib.a)
    896	      0	      0	    896	    380	clock_11xx.o (ex liblpc_chip_11uxx_lib.a)
    844	      0	      0	    844	    34c	gpio_11xx_1.o (ex liblpc_chip_11uxx_lib.a)
      0	      0	      0	      0	      0	gpio_11xx_2.o (ex liblpc_chip_11uxx_lib.a)
      0	      0	      0	      0	      0	gpiogroup_11xx.o (ex liblpc_chip_11uxx_lib.a)
   3972	     28	     40	   4040	    fc8	i2c_11xx.o (ex liblpc_chip_11uxx_lib.a)
     72	      0	      0	     72	     48	iocon_11xx.o (ex liblpc_chip_11uxx_lib.a)
      0	      0	      0	      0	      0	pinint_11xx.o (ex liblpc_chip_11uxx_lib.a)
    228	      0	      0	    228	     e4	pmu_11xx.o (ex liblpc_chip_11uxx_lib.a)
    976	      0	      0	    976	    3d0	ring_buffer.o (ex liblpc_chip_11uxx_lib.a)
   2976	      0	      0	   2976	    ba0	ssp_11xx.o (ex liblpc_chip_11uxx_lib.a)
    216	      0	      0	    216	     d8	sysctl_11xx.o (ex liblpc_chip_11uxx_lib.a)
    288	      0	      0	    288	    120	sysinit_11xx.o (ex liblpc_chip_11uxx_lib.a)
    444	      0	      0	    444	    1bc	timer_11xx.o (ex liblpc_chip_11uxx_lib.a)
   1568	      0	      0	   1568	    620	uart_11xx.o (ex liblpc_chip_11uxx_lib.a)
    236	      0	      0	    236	     ec	wwdt_11xx.o (ex liblpc_chip_11uxx_lib.a)
 
19:27:21 **** Build of configuration Debug for project nxp_lpcxpresso_11u14_board_lib ****
make all 
Building file: ../src/board.c
Invoking: MCU C Compiler
arm-none-eabi-gcc -D__REDLIB__ -DDEBUG -D__CODE_RED -DCORE_M0 -I"C:\Users\Bertus\Documents\LPCXpresso_5.2.6_2137\workspace5\lpc_chip_11uxx_lib\inc" -I"C:\Users\Bertus\Documents\LPCXpresso_5.2.6_2137\workspace5\nxp_lpcxpresso_11u14_board_lib\inc" -O0 -g3 -Wall -c -fmessage-length=0 -fno-builtin -ffunction-sections -fdata-sections -mcpu=cortex-m0 -mthumb -MMD -MP -MF"src/board.d" -MT"src/board.d" -o "src/board.o" "../src/board.c"
In file included from C:\Users\Bertus\Documents\LPCXpresso_5.2.6_2137\workspace5\lpc_chip_11uxx_lib\inc/chip.h:232:0,
                 from C:\Users\Bertus\Documents\LPCXpresso_5.2.6_2137\workspace5\nxp_lpcxpresso_11u14_board_lib\inc/board.h:35,
                 from ../src/board.c:32:
C:\Users\Bertus\Documents\LPCXpresso_5.2.6_2137\workspace5\lpc_chip_11uxx_lib\inc/pmu_11xx.h:49:8: warning: missing terminating " character [enabled by default]
Finished building: ../src/board.c
 
Building file: ../src/board_sysinit.c
Invoking: MCU C Compiler
arm-none-eabi-gcc -D__REDLIB__ -DDEBUG -D__CODE_RED -DCORE_M0 -I"C:\Users\Bertus\Documents\LPCXpresso_5.2.6_2137\workspace5\lpc_chip_11uxx_lib\inc" -I"C:\Users\Bertus\Documents\LPCXpresso_5.2.6_2137\workspace5\nxp_lpcxpresso_11u14_board_lib\inc" -O0 -g3 -Wall -c -fmessage-length=0 -fno-builtin -ffunction-sections -fdata-sections -mcpu=cortex-m0 -mthumb -MMD -MP -MF"src/board_sysinit.d" -MT"src/board_sysinit.d" -o "src/board_sysinit.o" "../src/board_sysinit.c"
In file included from C:\Users\Bertus\Documents\LPCXpresso_5.2.6_2137\workspace5\lpc_chip_11uxx_lib\inc/chip.h:232:0,
                 from C:\Users\Bertus\Documents\LPCXpresso_5.2.6_2137\workspace5\nxp_lpcxpresso_11u14_board_lib\inc/board.h:35,
                 from ../src/board_sysinit.c:32:
C:\Users\Bertus\Documents\LPCXpresso_5.2.6_2137\workspace5\lpc_chip_11uxx_lib\inc/pmu_11xx.h:49:8: warning: missing terminating " character [enabled by default]
Finished building: ../src/board_sysinit.c
 
Building target: libnxp_lpcxpresso_11u14_board_lib.a
Invoking: MCU Archiver
arm-none-eabi-ar -r  "libnxp_lpcxpresso_11u14_board_lib.a"  ./src/board.o ./src/board_sysinit.o   
c:\nxp\LPCXpresso_5.2.6_2137\lpcxpresso\tools\bin\arm-none-eabi-ar.exe: creating libnxp_lpcxpresso_11u14_board_lib.a
Finished building target: libnxp_lpcxpresso_11u14_board_lib.a
 
make --no-print-directory post-build
Performing post-build steps
arm-none-eabi-size "libnxp_lpcxpresso_11u14_board_lib.a" ; # arm-none-eabi-objdump -h -S "libnxp_lpcxpresso_11u14_board_lib.a" >"libnxp_lpcxpresso_11u14_board_lib.lss"
   text	   data	    bss	    dec	    hex	filename
   1272	      0	      0	   1272	    4f8	board.o (ex libnxp_lpcxpresso_11u14_board_lib.a)
    552	      0	      0	    552	    228	board_sysinit.o (ex libnxp_lpcxpresso_11u14_board_lib.a)
 
19:27:23 **** Build of configuration Debug for project RTOS-Serial ****
make all 
Building file: ../freertos/src/FreeRTOSCommonHooks.c
Invoking: MCU C Compiler
arm-none-eabi-gcc -D__REDLIB__ -DDEBUG -D__CODE_RED -D__USE_LPCOPEN -DCORE_M0 -I"C:\Users\Bertus\Documents\LPCXpresso_5.2.6_2137\workspace5\RTOS-Serial\example\inc" -I"C:\Users\Bertus\Documents\LPCXpresso_5.2.6_2137\workspace5\RTOS-Serial\freertos\inc" -I"C:\Users\Bertus\Documents\LPCXpresso_5.2.6_2137\workspace5\lpc_chip_11uxx_lib\inc" -I"C:\Users\Bertus\Documents\LPCXpresso_5.2.6_2137\workspace5\nxp_lpcxpresso_11u14_board_lib\inc" -I"C:\Users\Bertus\Documents\LPCXpresso_5.2.6_2137\workspace5\RTOS-Serial\example\src\Lib" -I"C:\Users\Bertus\Documents\LPCXpresso_5.2.6_2137\workspace5\nxp_lpcxpresso_11u14_usblib_device\Drivers\USB" -O0 -g3 -Wall -c -fmessage-length=0 -fno-builtin -ffunction-sections -fdata-sections -mcpu=cortex-m0 -mthumb -MMD -MP -MF"freertos/src/FreeRTOSCommonHooks.d" -MT"freertos/src/FreeRTOSCommonHooks.d" -o "freertos/src/FreeRTOSCommonHooks.o" "../freertos/src/FreeRTOSCommonHooks.c"
In file included from C:\Users\Bertus\Documents\LPCXpresso_5.2.6_2137\workspace5\lpc_chip_11uxx_lib\inc/chip.h:232:0,
Finished building: ../freertos/src/FreeRTOSCommonHooks.c
                 from C:\Users\Bertus\Documents\LPCXpresso_5.2.6_2137\workspace5\nxp_lpcxpresso_11u14_board_lib\inc/board.h:35,
 
                 from C:\Users\Bertus\Documents\LPCXpresso_5.2.6_2137\workspace5\RTOS-Serial\example\inc/FreeRTOSConfig.h:60,
Building file: ../freertos/src/croutine.c
                 from C:\Users\Bertus\Documents\LPCXpresso_5.2.6_2137\workspace5\RTOS-Serial\freertos\inc/FreeRTOS.h:88,
                 from ../freertos/src/FreeRTOSCommonHooks.c:32:
C:\Users\Bertus\Documents\LPCXpresso_5.2.6_2137\workspace5\lpc_chip_11uxx_lib\inc/pmu_11xx.h:49:8: warning: missing terminating " character [enabled by default]
Invoking: MCU C Compiler
arm-none-eabi-gcc -D__REDLIB__ -DDEBUG -D__CODE_RED -D__USE_LPCOPEN -DCORE_M0 -I"C:\Users\Bertus\Documents\LPCXpresso_5.2.6_2137\workspace5\RTOS-Serial\example\inc" -I"C:\Users\Bertus\Documents\LPCXpresso_5.2.6_2137\workspace5\RTOS-Serial\freertos\inc" -I"C:\Users\Bertus\Documents\LPCXpresso_5.2.6_2137\workspace5\lpc_chip_11uxx_lib\inc" -I"C:\Users\Bertus\Documents\LPCXpresso_5.2.6_2137\workspace5\nxp_lpcxpresso_11u14_board_lib\inc" -I"C:\Users\Bertus\Documents\LPCXpresso_5.2.6_2137\workspace5\RTOS-Serial\example\src\Lib" -I"C:\Users\Bertus\Documents\LPCXpresso_5.2.6_2137\workspace5\nxp_lpcxpresso_11u14_usblib_device\Drivers\USB" -O0 -g3 -Wall -c -fmessage-length=0 -fno-builtin -ffunction-sections -fdata-sections -mcpu=cortex-m0 -mthumb -MMD -MP -MF"freertos/src/croutine.d" -MT"freertos/src/croutine.d" -o "freertos/src/croutine.o" "../freertos/src/croutine.c"
In file included from C:\Users\Bertus\Documents\LPCXpresso_5.2.6_2137\workspace5\lpc_chip_11uxx_lib\inc/chip.h:232:0,
Finished building: ../freertos/src/croutine.c
                 from C:\Users\Bertus\Documents\LPCXpresso_5.2.6_2137\workspace5\nxp_lpcxpresso_11u14_board_lib\inc/board.h:35,
 
                 from C:\Users\Bertus\Documents\LPCXpresso_5.2.6_2137\workspace5\RTOS-Serial\example\inc/FreeRTOSConfig.h:60,
                 from C:\Users\Bertus\Documents\LPCXpresso_5.2.6_2137\workspace5\RTOS-Serial\freertos\inc/FreeRTOS.h:88,
                 from ../freertos/src/croutine.c:75:
C:\Users\Bertus\Documents\LPCXpresso_5.2.6_2137\workspace5\lpc_chip_11uxx_lib\inc/pmu_11xx.h:49:8: warning: missing terminating " character [enabled by default]
Building file: ../freertos/src/heap_1.c
Invoking: MCU C Compiler
arm-none-eabi-gcc -D__REDLIB__ -DDEBUG -D__CODE_RED -D__USE_LPCOPEN -DCORE_M0 -I"C:\Users\Bertus\Documents\LPCXpresso_5.2.6_2137\workspace5\RTOS-Serial\example\inc" -I"C:\Users\Bertus\Documents\LPCXpresso_5.2.6_2137\workspace5\RTOS-Serial\freertos\inc" -I"C:\Users\Bertus\Documents\LPCXpresso_5.2.6_2137\workspace5\lpc_chip_11uxx_lib\inc" -I"C:\Users\Bertus\Documents\LPCXpresso_5.2.6_2137\workspace5\nxp_lpcxpresso_11u14_board_lib\inc" -I"C:\Users\Bertus\Documents\LPCXpresso_5.2.6_2137\workspace5\RTOS-Serial\example\src\Lib" -I"C:\Users\Bertus\Documents\LPCXpresso_5.2.6_2137\workspace5\nxp_lpcxpresso_11u14_usblib_device\Drivers\USB" -O0 -g3 -Wall -c -fmessage-length=0 -fno-builtin -ffunction-sections -fdata-sections -mcpu=cortex-m0 -mthumb -MMD -MP -MF"freertos/src/heap_1.d" -MT"freertos/src/heap_1.d" -o "freertos/src/heap_1.o" "../freertos/src/heap_1.c"
In file included from C:\Users\Bertus\Documents\LPCXpresso_5.2.6_2137\workspace5\lpc_chip_11uxx_lib\inc/chip.h:232:0,
Finished building: ../freertos/src/heap_1.c
 
Building file: ../freertos/src/list.c
Invoking: MCU C Compiler
arm-none-eabi-gcc -D__REDLIB__ -DDEBUG -D__CODE_RED -D__USE_LPCOPEN -DCORE_M0 -I"C:\Users\Bertus\Documents\LPCXpresso_5.2.6_2137\workspace5\RTOS-Serial\example\inc" -I"C:\Users\Bertus\Documents\LPCXpresso_5.2.6_2137\workspace5\RTOS-Serial\freertos\inc" -I"C:\Users\Bertus\Documents\LPCXpresso_5.2.6_2137\workspace5\lpc_chip_11uxx_lib\inc" -I"C:\Users\Bertus\Documents\LPCXpresso_5.2.6_2137\workspace5\nxp_lpcxpresso_11u14_board_lib\inc" -I"C:\Users\Bertus\Documents\LPCXpresso_5.2.6_2137\workspace5\RTOS-Serial\example\src\Lib" -I"C:\Users\Bertus\Documents\LPCXpresso_5.2.6_2137\workspace5\nxp_lpcxpresso_11u14_usblib_device\Drivers\USB" -O0 -g3 -Wall -c -fmessage-length=0 -fno-builtin -ffunction-sections -fdata-sections -mcpu=cortex-m0 -mthumb -MMD -MP -MF"freertos/src/list.d" -MT"freertos/src/list.d" -o "freertos/src/list.o" "../freertos/src/list.c"
                 from C:\Users\Bertus\Documents\LPCXpresso_5.2.6_2137\workspace5\nxp_lpcxpresso_11u14_board_lib\inc/board.h:35,
                 from C:\Users\Bertus\Documents\LPCXpresso_5.2.6_2137\workspace5\RTOS-Serial\example\inc/FreeRTOSConfig.h:60,
                 from C:\Users\Bertus\Documents\LPCXpresso_5.2.6_2137\workspace5\RTOS-Serial\freertos\inc/FreeRTOS.h:88,
                 from ../freertos/src/heap_1.c:90:
C:\Users\Bertus\Documents\LPCXpresso_5.2.6_2137\workspace5\lpc_chip_11uxx_lib\inc/pmu_11xx.h:49:8: warning: missing terminating " character [enabled by default]
In file included from C:\Users\Bertus\Documents\LPCXpresso_5.2.6_2137\workspace5\lpc_chip_11uxx_lib\inc/chip.h:232:0,
                 from C:\Users\Bertus\Documents\LPCXpresso_5.2.6_2137\workspace5\nxp_lpcxpresso_11u14_board_lib\inc/board.h:35,
                 from C:\Users\Bertus\Documents\LPCXpresso_5.2.6_2137\workspace5\RTOS-Serial\example\inc/FreeRTOSConfig.h:60,
                 from C:\Users\Bertus\Documents\LPCXpresso_5.2.6_2137\workspace5\RTOS-Serial\freertos\inc/FreeRTOS.h:88,
                 from ../freertos/src/list.c:77:
C:\Users\Bertus\Documents\LPCXpresso_5.2.6_2137\workspace5\lpc_chip_11uxx_lib\inc/pmu_11xx.h:49:8: warning: missing terminating " character [enabled by default]
Finished building: ../freertos/src/list.c
 
Building file: ../freertos/src/port.c
Invoking: MCU C Compiler
arm-none-eabi-gcc -D__REDLIB__ -DDEBUG -D__CODE_RED -D__USE_LPCOPEN -DCORE_M0 -I"C:\Users\Bertus\Documents\LPCXpresso_5.2.6_2137\workspace5\RTOS-Serial\example\inc" -I"C:\Users\Bertus\Documents\LPCXpresso_5.2.6_2137\workspace5\RTOS-Serial\freertos\inc" -I"C:\Users\Bertus\Documents\LPCXpresso_5.2.6_2137\workspace5\lpc_chip_11uxx_lib\inc" -I"C:\Users\Bertus\Documents\LPCXpresso_5.2.6_2137\workspace5\nxp_lpcxpresso_11u14_board_lib\inc" -I"C:\Users\Bertus\Documents\LPCXpresso_5.2.6_2137\workspace5\RTOS-Serial\example\src\Lib" -I"C:\Users\Bertus\Documents\LPCXpresso_5.2.6_2137\workspace5\nxp_lpcxpresso_11u14_usblib_device\Drivers\USB" -O0 -g3 -Wall -c -fmessage-length=0 -fno-builtin -ffunction-sections -fdata-sections -mcpu=cortex-m0 -mthumb -MMD -MP -MF"freertos/src/port.d" -MT"freertos/src/port.d" -o "freertos/src/port.o" "../freertos/src/port.c"
In file included from C:\Users\Bertus\Documents\LPCXpresso_5.2.6_2137\workspace5\lpc_chip_11uxx_lib\inc/chip.h:232:0,
                 from C:\Users\Bertus\Documents\LPCXpresso_5.2.6_2137\workspace5\nxp_lpcxpresso_11u14_board_lib\inc/board.h:35,
                 from C:\Users\Bertus\Documents\LPCXpresso_5.2.6_2137\workspace5\RTOS-Serial\example\inc/FreeRTOSConfig.h:60,
                 from C:\Users\Bertus\Documents\LPCXpresso_5.2.6_2137\workspace5\RTOS-Serial\freertos\inc/FreeRTOS.h:88,
Finished building: ../freertos/src/port.c
                 from ../freertos/src/port.c:80:
 
C:\Users\Bertus\Documents\LPCXpresso_5.2.6_2137\workspace5\lpc_chip_11uxx_lib\inc/pmu_11xx.h:49:8: warning: missing terminating " character [enabled by default]
Building file: ../freertos/src/queue.c
Invoking: MCU C Compiler
arm-none-eabi-gcc -D__REDLIB__ -DDEBUG -D__CODE_RED -D__USE_LPCOPEN -DCORE_M0 -I"C:\Users\Bertus\Documents\LPCXpresso_5.2.6_2137\workspace5\RTOS-Serial\example\inc" -I"C:\Users\Bertus\Documents\LPCXpresso_5.2.6_2137\workspace5\RTOS-Serial\freertos\inc" -I"C:\Users\Bertus\Documents\LPCXpresso_5.2.6_2137\workspace5\lpc_chip_11uxx_lib\inc" -I"C:\Users\Bertus\Documents\LPCXpresso_5.2.6_2137\workspace5\nxp_lpcxpresso_11u14_board_lib\inc" -I"C:\Users\Bertus\Documents\LPCXpresso_5.2.6_2137\workspace5\RTOS-Serial\example\src\Lib" -I"C:\Users\Bertus\Documents\LPCXpresso_5.2.6_2137\workspace5\nxp_lpcxpresso_11u14_usblib_device\Drivers\USB" -O0 -g3 -Wall -c -fmessage-length=0 -fno-builtin -ffunction-sections -fdata-sections -mcpu=cortex-m0 -mthumb -MMD -MP -MF"freertos/src/queue.d" -MT"freertos/src/queue.d" -o "freertos/src/queue.o" "../freertos/src/queue.c"
In file included from C:\Users\Bertus\Documents\LPCXpresso_5.2.6_2137\workspace5\lpc_chip_11uxx_lib\inc/chip.h:232:0,
Finished building: ../freertos/src/queue.c
                 from C:\Users\Bertus\Documents\LPCXpresso_5.2.6_2137\workspace5\nxp_lpcxpresso_11u14_board_lib\inc/board.h:35,
 
                 from C:\Users\Bertus\Documents\LPCXpresso_5.2.6_2137\workspace5\RTOS-Serial\example\inc/FreeRTOSConfig.h:60,
                 from C:\Users\Bertus\Documents\LPCXpresso_5.2.6_2137\workspace5\RTOS-Serial\freertos\inc/FreeRTOS.h:88,
Building file: ../freertos/src/tasks.c
                 from ../freertos/src/queue.c:83:
Invoking: MCU C Compiler
C:\Users\Bertus\Documents\LPCXpresso_5.2.6_2137\workspace5\lpc_chip_11uxx_lib\inc/pmu_11xx.h:49:8: warning: missing terminating " character [enabled by default]
arm-none-eabi-gcc -D__REDLIB__ -DDEBUG -D__CODE_RED -D__USE_LPCOPEN -DCORE_M0 -I"C:\Users\Bertus\Documents\LPCXpresso_5.2.6_2137\workspace5\RTOS-Serial\example\inc" -I"C:\Users\Bertus\Documents\LPCXpresso_5.2.6_2137\workspace5\RTOS-Serial\freertos\inc" -I"C:\Users\Bertus\Documents\LPCXpresso_5.2.6_2137\workspace5\lpc_chip_11uxx_lib\inc" -I"C:\Users\Bertus\Documents\LPCXpresso_5.2.6_2137\workspace5\nxp_lpcxpresso_11u14_board_lib\inc" -I"C:\Users\Bertus\Documents\LPCXpresso_5.2.6_2137\workspace5\RTOS-Serial\example\src\Lib" -I"C:\Users\Bertus\Documents\LPCXpresso_5.2.6_2137\workspace5\nxp_lpcxpresso_11u14_usblib_device\Drivers\USB" -O0 -g3 -Wall -c -fmessage-length=0 -fno-builtin -ffunction-sections -fdata-sections -mcpu=cortex-m0 -mthumb -MMD -MP -MF"freertos/src/tasks.d" -MT"freertos/src/tasks.d" -o "freertos/src/tasks.o" "../freertos/src/tasks.c"
In file included from C:\Users\Bertus\Documents\LPCXpresso_5.2.6_2137\workspace5\lpc_chip_11uxx_lib\inc/chip.h:232:0,
Finished building: ../freertos/src/tasks.c
                 from C:\Users\Bertus\Documents\LPCXpresso_5.2.6_2137\workspace5\nxp_lpcxpresso_11u14_board_lib\inc/board.h:35,
                 from C:\Users\Bertus\Documents\LPCXpresso_5.2.6_2137\workspace5\RTOS-Serial\example\inc/FreeRTOSConfig.h:60,
                 from C:\Users\Bertus\Documents\LPCXpresso_5.2.6_2137\workspace5\RTOS-Serial\freertos\inc/FreeRTOS.h:88,
 
                 from ../freertos/src/tasks.c:86:
Building file: ../freertos/src/timers.c
C:\Users\Bertus\Documents\LPCXpresso_5.2.6_2137\workspace5\lpc_chip_11uxx_lib\inc/pmu_11xx.h:49:8: warning: missing terminating " character [enabled by default]
Invoking: MCU C Compiler
arm-none-eabi-gcc -D__REDLIB__ -DDEBUG -D__CODE_RED -D__USE_LPCOPEN -DCORE_M0 -I"C:\Users\Bertus\Documents\LPCXpresso_5.2.6_2137\workspace5\RTOS-Serial\example\inc" -I"C:\Users\Bertus\Documents\LPCXpresso_5.2.6_2137\workspace5\RTOS-Serial\freertos\inc" -I"C:\Users\Bertus\Documents\LPCXpresso_5.2.6_2137\workspace5\lpc_chip_11uxx_lib\inc" -I"C:\Users\Bertus\Documents\LPCXpresso_5.2.6_2137\workspace5\nxp_lpcxpresso_11u14_board_lib\inc" -I"C:\Users\Bertus\Documents\LPCXpresso_5.2.6_2137\workspace5\RTOS-Serial\example\src\Lib" -I"C:\Users\Bertus\Documents\LPCXpresso_5.2.6_2137\workspace5\nxp_lpcxpresso_11u14_usblib_device\Drivers\USB" -O0 -g3 -Wall -c -fmessage-length=0 -fno-builtin -ffunction-sections -fdata-sections -mcpu=cortex-m0 -mthumb -MMD -MP -MF"freertos/src/timers.d" -MT"freertos/src/timers.d" -o "freertos/src/timers.o" "../freertos/src/timers.c"
In file included from C:\Users\Bertus\Documents\LPCXpresso_5.2.6_2137\workspace5\lpc_chip_11uxx_lib\inc/chip.h:232:0,
Finished building: ../freertos/src/timers.c
 
Building file: ../example/src/Lib/UsbRom.c
Invoking: MCU C Compiler
arm-none-eabi-gcc -D__REDLIB__ -DDEBUG -D__CODE_RED -D__USE_LPCOPEN -DCORE_M0 -I"C:\Users\Bertus\Documents\LPCXpresso_5.2.6_2137\workspace5\RTOS-Serial\example\inc" -I"C:\Users\Bertus\Documents\LPCXpresso_5.2.6_2137\workspace5\RTOS-Serial\freertos\inc" -I"C:\Users\Bertus\Documents\LPCXpresso_5.2.6_2137\workspace5\lpc_chip_11uxx_lib\inc" -I"C:\Users\Bertus\Documents\LPCXpresso_5.2.6_2137\workspace5\nxp_lpcxpresso_11u14_board_lib\inc" -I"C:\Users\Bertus\Documents\LPCXpresso_5.2.6_2137\workspace5\RTOS-Serial\example\src\Lib" -I"C:\Users\Bertus\Documents\LPCXpresso_5.2.6_2137\workspace5\nxp_lpcxpresso_11u14_usblib_device\Drivers\USB" -O0 -g3 -Wall -c -fmessage-length=0 -fno-builtin -ffunction-sections -fdata-sections -mcpu=cortex-m0 -mthumb -MMD -MP -MF"example/src/Lib/UsbRom.d" -MT"example/src/Lib/UsbRom.d" -o "example/src/Lib/UsbRom.o" "../example/src/Lib/UsbRom.c"
                 from C:\Users\Bertus\Documents\LPCXpresso_5.2.6_2137\workspace5\nxp_lpcxpresso_11u14_board_lib\inc/board.h:35,
                 from C:\Users\Bertus\Documents\LPCXpresso_5.2.6_2137\workspace5\RTOS-Serial\example\inc/FreeRTOSConfig.h:60,
                 from C:\Users\Bertus\Documents\LPCXpresso_5.2.6_2137\workspace5\RTOS-Serial\freertos\inc/FreeRTOS.h:88,
                 from ../freertos/src/timers.c:80:
C:\Users\Bertus\Documents\LPCXpresso_5.2.6_2137\workspace5\lpc_chip_11uxx_lib\inc/pmu_11xx.h:49:8: warning: missing terminating " character [enabled by default]
In file included from C:\Users\Bertus\Documents\LPCXpresso_5.2.6_2137\workspace5\lpc_chip_11uxx_lib\inc/chip.h:232:0,
                 from C:\Users\Bertus\Documents\LPCXpresso_5.2.6_2137\workspace5\nxp_lpcxpresso_11u14_board_lib\inc/board.h:35,
                 from ../example/src/Lib/..\VirtualSerial.h:36,
                 from ../example/src/Lib/UsbRom.h:33,
                 from ../example/src/Lib/UsbRom.c:32:
C:\Users\Bertus\Documents\LPCXpresso_5.2.6_2137\workspace5\lpc_chip_11uxx_lib\inc/pmu_11xx.h:49:8: warning: missing terminating " character [enabled by default]
In file included from C:\Users\Bertus\Documents\LPCXpresso_5.2.6_2137\workspace5\nxp_lpcxpresso_11u14_usblib_device\Drivers\USB/USB.h:357:0,
                 from ../example/src/Lib/..\VirtualSerial.h:37,
                 from ../example/src/Lib/UsbRom.h:33,
                 from ../example/src/Lib/UsbRom.c:32:
C:\Users\Bertus\Documents\LPCXpresso_5.2.6_2137\workspace5\nxp_lpcxpresso_11u14_usblib_device\Drivers\USB/Core/USBMode.h:139:6: error: #error The currently selected device or architecture is not supported under the USB component of the library.
In file included from ../example/src/Lib/..\VirtualSerial.h:40:0,
                 from ../example/src/Lib/UsbRom.h:33,
                 from ../example/src/Lib/UsbRom.c:32:
../example/src/Lib/..\/Descriptors.h:73:2: error: unknown type name 'USB_CDC_Descriptor_FunctionalHeader_t'
../example/src/Lib/..\/Descriptors.h:74:2: error: unknown type name 'USB_CDC_Descriptor_FunctionalACM_t'
../example/src/Lib/..\/Descriptors.h:75:2: error: unknown type name 'USB_CDC_Descriptor_FunctionalUnion_t'
make: *** [example/src/Lib/UsbRom.o] Error 1
19:29:32 **** Incremental Build of configuration Debug for project RTOS-Serial ****
make all 
Building file: ../example/src/Lib/UsbRom.c
Invoking: MCU C Compiler
arm-none-eabi-gcc -D__REDLIB__ -DDEBUG -D__CODE_RED -D__USE_LPCOPEN -DCORE_M0 -I"C:\Users\Bertus\Documents\LPCXpresso_5.2.6_2137\workspace5\RTOS-Serial\example\inc" -I"C:\Users\Bertus\Documents\LPCXpresso_5.2.6_2137\workspace5\RTOS-Serial\freertos\inc" -I"C:\Users\Bertus\Documents\LPCXpresso_5.2.6_2137\workspace5\lpc_chip_11uxx_lib\inc" -I"C:\Users\Bertus\Documents\LPCXpresso_5.2.6_2137\workspace5\nxp_lpcxpresso_11u14_board_lib\inc" -I"C:\Users\Bertus\Documents\LPCXpresso_5.2.6_2137\workspace5\RTOS-Serial\example\src\Lib" -I"C:\Users\Bertus\Documents\LPCXpresso_5.2.6_2137\workspace5\nxp_lpcxpresso_11u14_usblib_device\Drivers\USB" -O0 -g3 -Wall -c -fmessage-length=0 -fno-builtin -ffunction-sections -fdata-sections -mcpu=cortex-m0 -mthumb -MMD -MP -MF"example/src/Lib/UsbRom.d" -MT"example/src/Lib/UsbRom.d" -o "example/src/Lib/UsbRom.o" "../example/src/Lib/UsbRom.c"
In file included from C:\Users\Bertus\Documents\LPCXpresso_5.2.6_2137\workspace5\lpc_chip_11uxx_lib\inc/chip.h:232:0,
                 from C:\Users\Bertus\Documents\LPCXpresso_5.2.6_2137\workspace5\nxp_lpcxpresso_11u14_board_lib\inc/board.h:35,
                 from ../example/src/Lib/..\VirtualSerial.h:36,
                 from ../example/src/Lib/UsbRom.h:33,
                 from ../example/src/Lib/UsbRom.c:32:
C:\Users\Bertus\Documents\LPCXpresso_5.2.6_2137\workspace5\lpc_chip_11uxx_lib\inc/pmu_11xx.h:49:8: warning: missing terminating " character [enabled by default]
In file included from C:\Users\Bertus\Documents\LPCXpresso_5.2.6_2137\workspace5\nxp_lpcxpresso_11u14_usblib_device\Drivers\USB/USB.h:357:0,
                 from ../example/src/Lib/..\VirtualSerial.h:37,
                 from ../example/src/Lib/UsbRom.h:33,
                 from ../example/src/Lib/UsbRom.c:32:
C:\Users\Bertus\Documents\LPCXpresso_5.2.6_2137\workspace5\nxp_lpcxpresso_11u14_usblib_device\Drivers\USB/Core/USBMode.h:139:6: error: #error The currently selected device or architecture is not supported under the USB component of the library.
In file included from ../example/src/Lib/..\VirtualSerial.h:40:0,
                 from ../example/src/Lib/UsbRom.h:33,
                 from ../example/src/Lib/UsbRom.c:32:
../example/src/Lib/..\/Descriptors.h:73:2: error: unknown type name 'USB_CDC_Descriptor_FunctionalHeader_t'
../example/src/Lib/..\/Descriptors.h:74:2: error: unknown type name 'USB_CDC_Descriptor_FunctionalACM_t'
../example/src/Lib/..\/Descriptors.h:75:2: error: unknown type name 'USB_CDC_Descriptor_FunctionalUnion_t'
make: *** [example/src/Lib/UsbRom.o] Error 1
19:30:19 **** Incremental Build of configuration Debug for project lpc_chip_11uxx_lib ****
make all 
make: Nothing to be done for `all'.
19:30:20 **** Incremental Build of configuration Debug for project nxp_lpcxpresso_11u14_board_lib ****
make all 
make: Nothing to be done for `all'.
19:30:21 **** Incremental Build of configuration Debug for project nxp_lpcxpresso_11u14_usblib_device ****
make all 
make: Nothing to be done for `all'.
19:30:23 **** Incremental Build of configuration Debug for project nxp_lpcxpresso_11u14_lpcusblib_VirtualSerialDevice ****
make all 
Building target: nxp_lpcxpresso_11u14_lpcusblib_VirtualSerialDevice.axf
Invoking: MCU Linker
arm-none-eabi-gcc -nostdlib -L"C:\Users\Bertus\Documents\LPCXpresso_5.2.6_2137\workspace5\nxp_lpcxpresso_11u14_board_lib\Debug" -L"C:\Users\Bertus\Documents\LPCXpresso_5.2.6_2137\workspace5\lpc_chip_11uxx_lib\Debug" -L"C:\Users\Bertus\Documents\LPCXpresso_5.2.6_2137\workspace5\nxp_lpcxpresso_11u14_usblib_device\Debug" -Xlinker -Map="nxp_lpcxpresso_11u14_lpcusblib_VirtualSerialDevice.map" -Xlinker --gc-sections -mcpu=cortex-m0 -mthumb -T "nxp_lpcxpresso_11u14_lpcusblib_VirtualSerialDevice_Debug.ld" -o "nxp_lpcxpresso_11u14_lpcusblib_VirtualSerialDevice.axf"  ./example/src/Lib/UsbRom.o  ./example/src/Descriptors.o ./example/src/VirtualSerial.o ./example/src/cr_startup_lpc11xx.o ./example/src/sysinit.o   -lnxp_lpcxpresso_11u14_board_lib -llpc_chip_11uxx_lib -lnxp_lpcxpresso_11u14_usblib_device
Finished building target: nxp_lpcxpresso_11u14_lpcusblib_VirtualSerialDevice.axf
 
make --no-print-directory post-build
Performing post-build steps
arm-none-eabi-size "nxp_lpcxpresso_11u14_lpcusblib_VirtualSerialDevice.axf"; # arm-none-eabi-objcopy -O binary "nxp_lpcxpresso_11u14_lpcusblib_VirtualSerialDevice.axf" "nxp_lpcxpresso_11u14_lpcusblib_VirtualSerialDevice.bin" ; checksum -p LPC11U14_201 -d "nxp_lpcxpresso_11u14_lpcusblib_VirtualSerialDevice.bin";
   text	   data	    bss	    dec	    hex	filename
  16268	    176	   2512	  18956	   4a0c	nxp_lpcxpresso_11u14_lpcusblib_VirtualSerialDevice.axf
 
19:32:53 **** Incremental Build of configuration Debug for project lpc_chip_11uxx_lib ****
make all 
make: Nothing to be done for `all'.
19:32:54 **** Incremental Build of configuration Debug for project nxp_lpcxpresso_11u14_board_lib ****
make all 
make: Nothing to be done for `all'.
19:32:55 **** Incremental Build of configuration Debug for project RTOS-Serial ****
make all 
Building file: ../example/src/Lib/UsbRom.c
Invoking: MCU C Compiler
arm-none-eabi-gcc -D__REDLIB__ -DDEBUG -D__CODE_RED -D__USE_LPCOPEN -DCORE_M0 -I"C:\Users\Bertus\Documents\LPCXpresso_5.2.6_2137\workspace5\RTOS-Serial\example\inc" -I"C:\Users\Bertus\Documents\LPCXpresso_5.2.6_2137\workspace5\RTOS-Serial\freertos\inc" -I"C:\Users\Bertus\Documents\LPCXpresso_5.2.6_2137\workspace5\lpc_chip_11uxx_lib\inc" -I"C:\Users\Bertus\Documents\LPCXpresso_5.2.6_2137\workspace5\nxp_lpcxpresso_11u14_board_lib\inc" -I"C:\Users\Bertus\Documents\LPCXpresso_5.2.6_2137\workspace5\RTOS-Serial\example\src\Lib" -I"C:\Users\Bertus\Documents\LPCXpresso_5.2.6_2137\workspace5\nxp_lpcxpresso_11u14_usblib_device\Drivers\USB" -O0 -g3 -Wall -c -fmessage-length=0 -fno-builtin -ffunction-sections -fdata-sections -mcpu=cortex-m0 -mthumb -MMD -MP -MF"example/src/Lib/UsbRom.d" -MT"example/src/Lib/UsbRom.d" -o "example/src/Lib/UsbRom.o" "../example/src/Lib/UsbRom.c"
In file included from C:\Users\Bertus\Documents\LPCXpresso_5.2.6_2137\workspace5\lpc_chip_11uxx_lib\inc/chip.h:232:0,
                 from C:\Users\Bertus\Documents\LPCXpresso_5.2.6_2137\workspace5\nxp_lpcxpresso_11u14_board_lib\inc/board.h:35,
                 from ../example/src/Lib/..\VirtualSerial.h:36,
                 from ../example/src/Lib/UsbRom.h:33,
                 from ../example/src/Lib/UsbRom.c:32:
C:\Users\Bertus\Documents\LPCXpresso_5.2.6_2137\workspace5\lpc_chip_11uxx_lib\inc/pmu_11xx.h:49:8: warning: missing terminating " character [enabled by default]
In file included from C:\Users\Bertus\Documents\LPCXpresso_5.2.6_2137\workspace5\nxp_lpcxpresso_11u14_usblib_device\Drivers\USB/USB.h:357:0,
                 from ../example/src/Lib/..\VirtualSerial.h:37,
                 from ../example/src/Lib/UsbRom.h:33,
                 from ../example/src/Lib/UsbRom.c:32:
C:\Users\Bertus\Documents\LPCXpresso_5.2.6_2137\workspace5\nxp_lpcxpresso_11u14_usblib_device\Drivers\USB/Core/USBMode.h:139:6: error: #error The currently selected device or architecture is not supported under the USB component of the library.
In file included from ../example/src/Lib/..\VirtualSerial.h:40:0,
                 from ../example/src/Lib/UsbRom.h:33,
                 from ../example/src/Lib/UsbRom.c:32:
../example/src/Lib/..\/Descriptors.h:73:2: error: unknown type name 'USB_CDC_Descriptor_FunctionalHeader_t'
../example/src/Lib/..\/Descriptors.h:74:2: error: unknown type name 'USB_CDC_Descriptor_FunctionalACM_t'
../example/src/Lib/..\/Descriptors.h:75:2: error: unknown type name 'USB_CDC_Descriptor_FunctionalUnion_t'
make: *** [example/src/Lib/UsbRom.o] Error 1
19:39:08 **** Clean-only build of configuration Debug for project lpc_chip_11uxx_lib ****
make clean 
rm -rf  ./src/adc_1125.o ./src/adc_11xx.o ./src/chip_11xx.o ./src/clock_11xx.o ./src/gpio_11xx_1.o ./src/gpio_11xx_2.o ./src/gpiogroup_11xx.o ./src/i2c_11xx.o ./src/iocon_11xx.o ./src/pinint_11xx.o ./src/pmu_11xx.o ./src/ring_buffer.o ./src/ssp_11xx.o ./src/sysctl_11xx.o ./src/sysinit_11xx.o ./src/timer_11xx.o ./src/uart_11xx.o ./src/wwdt_11xx.o  ./src/adc_1125.d ./src/adc_11xx.d ./src/chip_11xx.d ./src/clock_11xx.d ./src/gpio_11xx_1.d ./src/gpio_11xx_2.d ./src/gpiogroup_11xx.d ./src/i2c_11xx.d ./src/iocon_11xx.d ./src/pinint_11xx.d ./src/pmu_11xx.d ./src/ring_buffer.d ./src/ssp_11xx.d ./src/sysctl_11xx.d ./src/sysinit_11xx.d ./src/timer_11xx.d ./src/uart_11xx.d ./src/wwdt_11xx.d  liblpc_chip_11uxx_lib.a
 
19:39:08 **** Clean-only build of configuration Debug for project nxp_lpcxpresso_11u14_board_lib ****
make clean 
rm -rf  ./src/board.o ./src/board_sysinit.o  ./src/board.d ./src/board_sysinit.d  libnxp_lpcxpresso_11u14_board_lib.a
 
19:39:08 **** Clean-only build of configuration Debug for project RTOS-Serial ****
make clean 
rm -rf  ./freertos/src/FreeRTOSCommonHooks.o ./freertos/src/croutine.o ./freertos/src/heap_1.o ./freertos/src/list.o ./freertos/src/port.o ./freertos/src/queue.o ./freertos/src/tasks.o ./freertos/src/timers.o  ./example/src/Lib/UsbRom.o  ./example/src/Descriptors.o ./example/src/VirtualSerial.o ./example/src/cr_startup_lpc11xx.o ./example/src/freertos_blinky.o ./example/src/sysinit.o  ./freertos/src/FreeRTOSCommonHooks.d ./freertos/src/croutine.d ./freertos/src/heap_1.d ./freertos/src/list.d ./freertos/src/port.d ./freertos/src/queue.d ./freertos/src/tasks.d ./freertos/src/timers.d  ./example/src/Lib/UsbRom.d  ./example/src/Descriptors.d ./example/src/VirtualSerial.d ./example/src/cr_startup_lpc11xx.d ./example/src/freertos_blinky.d ./example/src/sysinit.d  RTOS-Serial.axf
 
19:39:11 **** Build of configuration Debug for project lpc_chip_11uxx_lib ****
make all 
Building file: ../src/adc_1125.c
Invoking: MCU C Compiler
arm-none-eabi-gcc -D__REDLIB__ -DDEBUG -D__CODE_RED -DCORE_M0 -I"C:\Users\Bertus\Documents\LPCXpresso_5.2.6_2137\workspace5\lpc_chip_11uxx_lib\inc" -O0 -g3 -Wall -c -fmessage-length=0 -fno-builtin -ffunction-sections -fdata-sections -mcpu=cortex-m0 -mthumb -MMD -MP -MF"src/adc_1125.d" -MT"src/adc_1125.d" -o "src/adc_1125.o" "../src/adc_1125.c"
In file included from C:\Users\Bertus\Documents\LPCXpresso_5.2.6_2137\workspace5\lpc_chip_11uxx_lib\inc/chip.h:232:0,
                 from ../src/adc_1125.c:32:
C:\Users\Bertus\Documents\LPCXpresso_5.2.6_2137\workspace5\lpc_chip_11uxx_lib\inc/pmu_11xx.h:49:8: warning: missing terminating " character [enabled by default]
Finished building: ../src/adc_1125.c
 
Building file: ../src/adc_11xx.c
Invoking: MCU C Compiler
arm-none-eabi-gcc -D__REDLIB__ -DDEBUG -D__CODE_RED -DCORE_M0 -I"C:\Users\Bertus\Documents\LPCXpresso_5.2.6_2137\workspace5\lpc_chip_11uxx_lib\inc" -O0 -g3 -Wall -c -fmessage-length=0 -fno-builtin -ffunction-sections -fdata-sections -mcpu=cortex-m0 -mthumb -MMD -MP -MF"src/adc_11xx.d" -MT"src/adc_11xx.d" -o "src/adc_11xx.o" "../src/adc_11xx.c"
In file included from C:\Users\Bertus\Documents\LPCXpresso_5.2.6_2137\workspace5\lpc_chip_11uxx_lib\inc/chip.h:232:0,
                 from ../src/adc_11xx.c:32:
C:\Users\Bertus\Documents\LPCXpresso_5.2.6_2137\workspace5\lpc_chip_11uxx_lib\inc/pmu_11xx.h:49:8: warning: missing terminating " character [enabled by default]
Finished building: ../src/adc_11xx.c
 
Building file: ../src/chip_11xx.c
Invoking: MCU C Compiler
arm-none-eabi-gcc -D__REDLIB__ -DDEBUG -D__CODE_RED -DCORE_M0 -I"C:\Users\Bertus\Documents\LPCXpresso_5.2.6_2137\workspace5\lpc_chip_11uxx_lib\inc" -O0 -g3 -Wall -c -fmessage-length=0 -fno-builtin -ffunction-sections -fdata-sections -mcpu=cortex-m0 -mthumb -MMD -MP -MF"src/chip_11xx.d" -MT"src/chip_11xx.d" -o "src/chip_11xx.o" "../src/chip_11xx.c"
In file included from C:\Users\Bertus\Documents\LPCXpresso_5.2.6_2137\workspace5\lpc_chip_11uxx_lib\inc/chip.h:232:0,
                 from ../src/chip_11xx.c:32:
C:\Users\Bertus\Documents\LPCXpresso_5.2.6_2137\workspace5\lpc_chip_11uxx_lib\inc/pmu_11xx.h:49:8: warning: missing terminating " character [enabled by default]
Finished building: ../src/chip_11xx.c
 
Building file: ../src/clock_11xx.c
Invoking: MCU C Compiler
arm-none-eabi-gcc -D__REDLIB__ -DDEBUG -D__CODE_RED -DCORE_M0 -I"C:\Users\Bertus\Documents\LPCXpresso_5.2.6_2137\workspace5\lpc_chip_11uxx_lib\inc" -O0 -g3 -Wall -c -fmessage-length=0 -fno-builtin -ffunction-sections -fdata-sections -mcpu=cortex-m0 -mthumb -MMD -MP -MF"src/clock_11xx.d" -MT"src/clock_11xx.d" -o "src/clock_11xx.o" "../src/clock_11xx.c"
In file included from C:\Users\Bertus\Documents\LPCXpresso_5.2.6_2137\workspace5\lpc_chip_11uxx_lib\inc/chip.h:232:0,
                 from ../src/clock_11xx.c:29:
C:\Users\Bertus\Documents\LPCXpresso_5.2.6_2137\workspace5\lpc_chip_11uxx_lib\inc/pmu_11xx.h:49:8: warning: missing terminating " character [enabled by default]
Finished building: ../src/clock_11xx.c
 
Building file: ../src/gpio_11xx_1.c
Invoking: MCU C Compiler
arm-none-eabi-gcc -D__REDLIB__ -DDEBUG -D__CODE_RED -DCORE_M0 -I"C:\Users\Bertus\Documents\LPCXpresso_5.2.6_2137\workspace5\lpc_chip_11uxx_lib\inc" -O0 -g3 -Wall -c -fmessage-length=0 -fno-builtin -ffunction-sections -fdata-sections -mcpu=cortex-m0 -mthumb -MMD -MP -MF"src/gpio_11xx_1.d" -MT"src/gpio_11xx_1.d" -o "src/gpio_11xx_1.o" "../src/gpio_11xx_1.c"
In file included from C:\Users\Bertus\Documents\LPCXpresso_5.2.6_2137\workspace5\lpc_chip_11uxx_lib\inc/chip.h:232:0,
                 from ../src/gpio_11xx_1.c:33:
C:\Users\Bertus\Documents\LPCXpresso_5.2.6_2137\workspace5\lpc_chip_11uxx_lib\inc/pmu_11xx.h:49:8: warning: missing terminating " character [enabled by default]
Finished building: ../src/gpio_11xx_1.c
 
Building file: ../src/gpio_11xx_2.c
Invoking: MCU C Compiler
arm-none-eabi-gcc -D__REDLIB__ -DDEBUG -D__CODE_RED -DCORE_M0 -I"C:\Users\Bertus\Documents\LPCXpresso_5.2.6_2137\workspace5\lpc_chip_11uxx_lib\inc" -O0 -g3 -Wall -c -fmessage-length=0 -fno-builtin -ffunction-sections -fdata-sections -mcpu=cortex-m0 -mthumb -MMD -MP -MF"src/gpio_11xx_2.d" -MT"src/gpio_11xx_2.d" -o "src/gpio_11xx_2.o" "../src/gpio_11xx_2.c"
In file included from C:\Users\Bertus\Documents\LPCXpresso_5.2.6_2137\workspace5\lpc_chip_11uxx_lib\inc/chip.h:232:0,
                 from ../src/gpio_11xx_2.c:33:
C:\Users\Bertus\Documents\LPCXpresso_5.2.6_2137\workspace5\lpc_chip_11uxx_lib\inc/pmu_11xx.h:49:8: warning: missing terminating " character [enabled by default]
Finished building: ../src/gpio_11xx_2.c
 
Building file: ../src/gpiogroup_11xx.c
Invoking: MCU C Compiler
arm-none-eabi-gcc -D__REDLIB__ -DDEBUG -D__CODE_RED -DCORE_M0 -I"C:\Users\Bertus\Documents\LPCXpresso_5.2.6_2137\workspace5\lpc_chip_11uxx_lib\inc" -O0 -g3 -Wall -c -fmessage-length=0 -fno-builtin -ffunction-sections -fdata-sections -mcpu=cortex-m0 -mthumb -MMD -MP -MF"src/gpiogroup_11xx.d" -MT"src/gpiogroup_11xx.d" -o "src/gpiogroup_11xx.o" "../src/gpiogroup_11xx.c"
In file included from C:\Users\Bertus\Documents\LPCXpresso_5.2.6_2137\workspace5\lpc_chip_11uxx_lib\inc/chip.h:232:0,
                 from ../src/gpiogroup_11xx.c:33:
C:\Users\Bertus\Documents\LPCXpresso_5.2.6_2137\workspace5\lpc_chip_11uxx_lib\inc/pmu_11xx.h:49:8: warning: missing terminating " character [enabled by default]
Finished building: ../src/gpiogroup_11xx.c
 
Building file: ../src/i2c_11xx.c
Invoking: MCU C Compiler
arm-none-eabi-gcc -D__REDLIB__ -DDEBUG -D__CODE_RED -DCORE_M0 -I"C:\Users\Bertus\Documents\LPCXpresso_5.2.6_2137\workspace5\lpc_chip_11uxx_lib\inc" -O0 -g3 -Wall -c -fmessage-length=0 -fno-builtin -ffunction-sections -fdata-sections -mcpu=cortex-m0 -mthumb -MMD -MP -MF"src/i2c_11xx.d" -MT"src/i2c_11xx.d" -o "src/i2c_11xx.o" "../src/i2c_11xx.c"
In file included from C:\Users\Bertus\Documents\LPCXpresso_5.2.6_2137\workspace5\lpc_chip_11uxx_lib\inc/chip.h:232:0,
                 from ../src/i2c_11xx.c:32:
C:\Users\Bertus\Documents\LPCXpresso_5.2.6_2137\workspace5\lpc_chip_11uxx_lib\inc/pmu_11xx.h:49:8: warning: missing terminating " character [enabled by default]
Finished building: ../src/i2c_11xx.c
 
Building file: ../src/iocon_11xx.c
Invoking: MCU C Compiler
arm-none-eabi-gcc -D__REDLIB__ -DDEBUG -D__CODE_RED -DCORE_M0 -I"C:\Users\Bertus\Documents\LPCXpresso_5.2.6_2137\workspace5\lpc_chip_11uxx_lib\inc" -O0 -g3 -Wall -c -fmessage-length=0 -fno-builtin -ffunction-sections -fdata-sections -mcpu=cortex-m0 -mthumb -MMD -MP -MF"src/iocon_11xx.d" -MT"src/iocon_11xx.d" -o "src/iocon_11xx.o" "../src/iocon_11xx.c"
In file included from C:\Users\Bertus\Documents\LPCXpresso_5.2.6_2137\workspace5\lpc_chip_11uxx_lib\inc/chip.h:232:0,
                 from ../src/iocon_11xx.c:29:
C:\Users\Bertus\Documents\LPCXpresso_5.2.6_2137\workspace5\lpc_chip_11uxx_lib\inc/pmu_11xx.h:49:8: warning: missing terminating " character [enabled by default]
Finished building: ../src/iocon_11xx.c
 
Building file: ../src/pinint_11xx.c
Invoking: MCU C Compiler
arm-none-eabi-gcc -D__REDLIB__ -DDEBUG -D__CODE_RED -DCORE_M0 -I"C:\Users\Bertus\Documents\LPCXpresso_5.2.6_2137\workspace5\lpc_chip_11uxx_lib\inc" -O0 -g3 -Wall -c -fmessage-length=0 -fno-builtin -ffunction-sections -fdata-sections -mcpu=cortex-m0 -mthumb -MMD -MP -MF"src/pinint_11xx.d" -MT"src/pinint_11xx.d" -o "src/pinint_11xx.o" "../src/pinint_11xx.c"
In file included from C:\Users\Bertus\Documents\LPCXpresso_5.2.6_2137\workspace5\lpc_chip_11uxx_lib\inc/chip.h:232:0,
                 from ../src/pinint_11xx.c:32:
C:\Users\Bertus\Documents\LPCXpresso_5.2.6_2137\workspace5\lpc_chip_11uxx_lib\inc/pmu_11xx.h:49:8: warning: missing terminating " character [enabled by default]
Finished building: ../src/pinint_11xx.c
 
Building file: ../src/pmu_11xx.c
Invoking: MCU C Compiler
arm-none-eabi-gcc -D__REDLIB__ -DDEBUG -D__CODE_RED -DCORE_M0 -I"C:\Users\Bertus\Documents\LPCXpresso_5.2.6_2137\workspace5\lpc_chip_11uxx_lib\inc" -O0 -g3 -Wall -c -fmessage-length=0 -fno-builtin -ffunction-sections -fdata-sections -mcpu=cortex-m0 -mthumb -MMD -MP -MF"src/pmu_11xx.d" -MT"src/pmu_11xx.d" -o "src/pmu_11xx.o" "../src/pmu_11xx.c"
In file included from C:\Users\Bertus\Documents\LPCXpresso_5.2.6_2137\workspace5\lpc_chip_11uxx_lib\inc/chip.h:232:0,
                 from ../src/pmu_11xx.c:32:
C:\Users\Bertus\Documents\LPCXpresso_5.2.6_2137\workspace5\lpc_chip_11uxx_lib\inc/pmu_11xx.h:49:8: warning: missing terminating " character [enabled by default]
Finished building: ../src/pmu_11xx.c
 
Building file: ../src/ring_buffer.c
Invoking: MCU C Compiler
arm-none-eabi-gcc -D__REDLIB__ -DDEBUG -D__CODE_RED -DCORE_M0 -I"C:\Users\Bertus\Documents\LPCXpresso_5.2.6_2137\workspace5\lpc_chip_11uxx_lib\inc" -O0 -g3 -Wall -c -fmessage-length=0 -fno-builtin -ffunction-sections -fdata-sections -mcpu=cortex-m0 -mthumb -MMD -MP -MF"src/ring_buffer.d" -MT"src/ring_buffer.d" -o "src/ring_buffer.o" "../src/ring_buffer.c"
Finished building: ../src/ring_buffer.c
 
Building file: ../src/ssp_11xx.c
Invoking: MCU C Compiler
arm-none-eabi-gcc -D__REDLIB__ -DDEBUG -D__CODE_RED -DCORE_M0 -I"C:\Users\Bertus\Documents\LPCXpresso_5.2.6_2137\workspace5\lpc_chip_11uxx_lib\inc" -O0 -g3 -Wall -c -fmessage-length=0 -fno-builtin -ffunction-sections -fdata-sections -mcpu=cortex-m0 -mthumb -MMD -MP -MF"src/ssp_11xx.d" -MT"src/ssp_11xx.d" -o "src/ssp_11xx.o" "../src/ssp_11xx.c"
In file included from C:\Users\Bertus\Documents\LPCXpresso_5.2.6_2137\workspace5\lpc_chip_11uxx_lib\inc/chip.h:232:0,
                 from ../src/ssp_11xx.c:32:
C:\Users\Bertus\Documents\LPCXpresso_5.2.6_2137\workspace5\lpc_chip_11uxx_lib\inc/pmu_11xx.h:49:8: warning: missing terminating " character [enabled by default]
Finished building: ../src/ssp_11xx.c
 
Building file: ../src/sysctl_11xx.c
Invoking: MCU C Compiler
[...]
In file included from C:\Users\Bertus\Documents\LPCXpresso_5.2.6_2137\workspace5\lpc_chip_11uxx_lib\inc/chip.h:232:0,
                 from C:\Users\Bertus\Documents\LPCXpresso_5.2.6_2137\workspace5\nxp_lpcxpresso_11u14_board_lib\inc/board.h:35,
                 from C:\Users\Bertus\Documents\LPCXpresso_5.2.6_2137\workspace5\SerialRTOS\example\inc/FreeRTOSConfig.h:60,
                 from C:\Users\Bertus\Documents\LPCXpresso_5.2.6_2137\workspace5\SerialRTOS\example\src\freertos\inc/FreeRTOS.h:88,
                 from ../example/src/freertos/src/tasks.c:86:
C:\Users\Bertus\Documents\LPCXpresso_5.2.6_2137\workspace5\lpc_chip_11uxx_lib\inc/pmu_11xx.h:49:8: warning: missing terminating " character [enabled by default]
Finished building: ../example/src/freertos/src/tasks.c
 
Building file: ../example/src/freertos/src/timers.c
Invoking: MCU C Compiler
arm-none-eabi-gcc -D__REDLIB__ -DDEBUG -D__CODE_RED -D__USE_LPCOPEN -DCORE_M0 -D__LPC11U1X__ -DUSB_DEVICE_ONLY -I"C:\Users\Bertus\Documents\LPCXpresso_5.2.6_2137\workspace5\SerialRTOS\example\src" -I"C:\Users\Bertus\Documents\LPCXpresso_5.2.6_2137\workspace5\SerialRTOS\example\src\Lib" -I"C:\Users\Bertus\Documents\LPCXpresso_5.2.6_2137\workspace5\lpc_chip_11uxx_lib\inc" -I"C:\Users\Bertus\Documents\LPCXpresso_5.2.6_2137\workspace5\nxp_lpcxpresso_11u14_board_lib\inc" -I"C:\Users\Bertus\Documents\LPCXpresso_5.2.6_2137\workspace5\nxp_lpcxpresso_11u14_usblib_device\Drivers\USB" -I"C:\Users\Bertus\Documents\LPCXpresso_5.2.6_2137\workspace5\SerialRTOS\example\src\freertos\inc" -I"C:\Users\Bertus\Documents\LPCXpresso_5.2.6_2137\workspace5\SerialRTOS\example\inc" -O0 -g3 -Wall -c -fmessage-length=0 -fno-builtin -ffunction-sections -fdata-sections -std=gnu99 -mcpu=cortex-m0 -mthumb -MMD -MP -MF"example/src/freertos/src/timers.d" -MT"example/src/freertos/src/timers.d" -o "example/src/freertos/src/timers.o" "../example/src/freertos/src/timers.c"
In file included from C:\Users\Bertus\Documents\LPCXpresso_5.2.6_2137\workspace5\lpc_chip_11uxx_lib\inc/chip.h:232:0,
                 from C:\Users\Bertus\Documents\LPCXpresso_5.2.6_2137\workspace5\nxp_lpcxpresso_11u14_board_lib\inc/board.h:35,
                 from C:\Users\Bertus\Documents\LPCXpresso_5.2.6_2137\workspace5\SerialRTOS\example\inc/FreeRTOSConfig.h:60,
                 from C:\Users\Bertus\Documents\LPCXpresso_5.2.6_2137\workspace5\SerialRTOS\example\src\freertos\inc/FreeRTOS.h:88,
                 from ../example/src/freertos/src/timers.c:80:
C:\Users\Bertus\Documents\LPCXpresso_5.2.6_2137\workspace5\lpc_chip_11uxx_lib\inc/pmu_11xx.h:49:8: warning: missing terminating " character [enabled by default]
Finished building: ../example/src/freertos/src/timers.c
 
Building file: ../example/src/Lib/UsbRom.c
Invoking: MCU C Compiler
arm-none-eabi-gcc -D__REDLIB__ -DDEBUG -D__CODE_RED -D__USE_LPCOPEN -DCORE_M0 -D__LPC11U1X__ -DUSB_DEVICE_ONLY -I"C:\Users\Bertus\Documents\LPCXpresso_5.2.6_2137\workspace5\SerialRTOS\example\src" -I"C:\Users\Bertus\Documents\LPCXpresso_5.2.6_2137\workspace5\SerialRTOS\example\src\Lib" -I"C:\Users\Bertus\Documents\LPCXpresso_5.2.6_2137\workspace5\lpc_chip_11uxx_lib\inc" -I"C:\Users\Bertus\Documents\LPCXpresso_5.2.6_2137\workspace5\nxp_lpcxpresso_11u14_board_lib\inc" -I"C:\Users\Bertus\Documents\LPCXpresso_5.2.6_2137\workspace5\nxp_lpcxpresso_11u14_usblib_device\Drivers\USB" -I"C:\Users\Bertus\Documents\LPCXpresso_5.2.6_2137\workspace5\SerialRTOS\example\src\freertos\inc" -I"C:\Users\Bertus\Documents\LPCXpresso_5.2.6_2137\workspace5\SerialRTOS\example\inc" -O0 -g3 -Wall -c -fmessage-length=0 -fno-builtin -ffunction-sections -fdata-sections -std=gnu99 -mcpu=cortex-m0 -mthumb -MMD -MP -MF"example/src/Lib/UsbRom.d" -MT"example/src/Lib/UsbRom.d" -o "example/src/Lib/UsbRom.o" "../example/src/Lib/UsbRom.c"
In file included from C:\Users\Bertus\Documents\LPCXpresso_5.2.6_2137\workspace5\lpc_chip_11uxx_lib\inc/chip.h:232:0,
                 from C:\Users\Bertus\Documents\LPCXpresso_5.2.6_2137\workspace5\nxp_lpcxpresso_11u14_board_lib\inc/board.h:35,
                 from ../example/src/Lib/..\VirtualSerial.h:36,
                 from ../example/src/Lib/UsbRom.h:33,
                 from ../example/src/Lib/UsbRom.c:32:
C:\Users\Bertus\Documents\LPCXpresso_5.2.6_2137\workspace5\lpc_chip_11uxx_lib\inc/pmu_11xx.h:49:8: warning: missing terminating " character [enabled by default]
Finished building: ../example/src/Lib/UsbRom.c
 
Building file: ../example/src/Descriptors.c
Invoking: MCU C Compiler
arm-none-eabi-gcc -D__REDLIB__ -DDEBUG -D__CODE_RED -D__USE_LPCOPEN -DCORE_M0 -D__LPC11U1X__ -DUSB_DEVICE_ONLY -I"C:\Users\Bertus\Documents\LPCXpresso_5.2.6_2137\workspace5\SerialRTOS\example\src" -I"C:\Users\Bertus\Documents\LPCXpresso_5.2.6_2137\workspace5\SerialRTOS\example\src\Lib" -I"C:\Users\Bertus\Documents\LPCXpresso_5.2.6_2137\workspace5\lpc_chip_11uxx_lib\inc" -I"C:\Users\Bertus\Documents\LPCXpresso_5.2.6_2137\workspace5\nxp_lpcxpresso_11u14_board_lib\inc" -I"C:\Users\Bertus\Documents\LPCXpresso_5.2.6_2137\workspace5\nxp_lpcxpresso_11u14_usblib_device\Drivers\USB" -I"C:\Users\Bertus\Documents\LPCXpresso_5.2.6_2137\workspace5\SerialRTOS\example\src\freertos\inc" -I"C:\Users\Bertus\Documents\LPCXpresso_5.2.6_2137\workspace5\SerialRTOS\example\inc" -O0 -g3 -Wall -c -fmessage-length=0 -fno-builtin -ffunction-sections -fdata-sections -std=gnu99 -mcpu=cortex-m0 -mthumb -MMD -MP -MF"example/src/Descriptors.d" -MT"example/src/Descriptors.d" -o "example/src/Descriptors.o" "../example/src/Descriptors.c"
In file included from C:\Users\Bertus\Documents\LPCXpresso_5.2.6_2137\workspace5\lpc_chip_11uxx_lib\inc/chip.h:232:0,
                 from C:\Users\Bertus\Documents\LPCXpresso_5.2.6_2137\workspace5\nxp_lpcxpresso_11u14_board_lib\inc/board.h:35,
                 from C:\Users\Bertus\Documents\LPCXpresso_5.2.6_2137\workspace5\nxp_lpcxpresso_11u14_usblib_device\Drivers\USB/Core/DCD/LPC11UXX/../../HAL/LPC11UXX/HAL_LPC11Uxx.h:34,
                 from C:\Users\Bertus\Documents\LPCXpresso_5.2.6_2137\workspace5\nxp_lpcxpresso_11u14_usblib_device\Drivers\USB/Core/DCD/LPC11UXX/../../HAL/HAL.h:53,
                 from C:\Users\Bertus\Documents\LPCXpresso_5.2.6_2137\workspace5\nxp_lpcxpresso_11u14_usblib_device\Drivers\USB/Core/DCD/LPC11UXX/../EndpointCommon.h:44,
                 from C:\Users\Bertus\Documents\LPCXpresso_5.2.6_2137\workspace5\nxp_lpcxpresso_11u14_usblib_device\Drivers\USB/Core/DCD/LPC11UXX/Endpoint_LPC11Uxx.h:68,
                 from C:\Users\Bertus\Documents\LPCXpresso_5.2.6_2137\workspace5\nxp_lpcxpresso_11u14_usblib_device\Drivers\USB/Core/Endpoint.h:102,
                 from C:\Users\Bertus\Documents\LPCXpresso_5.2.6_2137\workspace5\nxp_lpcxpresso_11u14_usblib_device\Drivers\USB/Core/Device.h:51,
Finished building: ../example/src/Descriptors.c
                 from C:\Users\Bertus\Documents\LPCXpresso_5.2.6_2137\workspace5\nxp_lpcxpresso_11u14_usblib_device\Drivers\USB/Core/USBController.h:123,
 
                 from C:\Users\Bertus\Documents\LPCXpresso_5.2.6_2137\workspace5\nxp_lpcxpresso_11u14_usblib_device\Drivers\USB/Core/USBTask.h:40,
                 from C:\Users\Bertus\Documents\LPCXpresso_5.2.6_2137\workspace5\nxp_lpcxpresso_11u14_usblib_device\Drivers\USB/USB.h:360,
Building file: ../example/src/VirtualSerial.c
                 from ../example/src/Descriptors.h:36,
                 from ../example/src/Descriptors.c:35:
C:\Users\Bertus\Documents\LPCXpresso_5.2.6_2137\workspace5\lpc_chip_11uxx_lib\inc/pmu_11xx.h:49:8: warning: missing terminating " character [enabled by default]
Invoking: MCU C Compiler
arm-none-eabi-gcc -D__REDLIB__ -DDEBUG -D__CODE_RED -D__USE_LPCOPEN -DCORE_M0 -D__LPC11U1X__ -DUSB_DEVICE_ONLY -I"C:\Users\Bertus\Documents\LPCXpresso_5.2.6_2137\workspace5\SerialRTOS\example\src" -I"C:\Users\Bertus\Documents\LPCXpresso_5.2.6_2137\workspace5\SerialRTOS\example\src\Lib" -I"C:\Users\Bertus\Documents\LPCXpresso_5.2.6_2137\workspace5\lpc_chip_11uxx_lib\inc" -I"C:\Users\Bertus\Documents\LPCXpresso_5.2.6_2137\workspace5\nxp_lpcxpresso_11u14_board_lib\inc" -I"C:\Users\Bertus\Documents\LPCXpresso_5.2.6_2137\workspace5\nxp_lpcxpresso_11u14_usblib_device\Drivers\USB" -I"C:\Users\Bertus\Documents\LPCXpresso_5.2.6_2137\workspace5\SerialRTOS\example\src\freertos\inc" -I"C:\Users\Bertus\Documents\LPCXpresso_5.2.6_2137\workspace5\SerialRTOS\example\inc" -O0 -g3 -Wall -c -fmessage-length=0 -fno-builtin -ffunction-sections -fdata-sections -std=gnu99 -mcpu=cortex-m0 -mthumb -MMD -MP -MF"example/src/VirtualSerial.d" -MT"example/src/VirtualSerial.d" -o "example/src/VirtualSerial.o" "../example/src/VirtualSerial.c"
In file included from C:\Users\Bertus\Documents\LPCXpresso_5.2.6_2137\workspace5\lpc_chip_11uxx_lib\inc/chip.h:232:0,
                 from C:\Users\Bertus\Documents\LPCXpresso_5.2.6_2137\workspace5\nxp_lpcxpresso_11u14_board_lib\inc/board.h:35,
                 from ../example/src/VirtualSerial.c:1:
C:\Users\Bertus\Documents\LPCXpresso_5.2.6_2137\workspace5\lpc_chip_11uxx_lib\inc/pmu_11xx.h:49:8: warning: missing terminating " character [enabled by default]
../example/src/VirtualSerial.c: In function 'EchoCharacter':
../example/src/VirtualSerial.c:65:10: warning: variable 'recv_byte' set but not used [-Wunused-but-set-variable]
Finished building: ../example/src/VirtualSerial.c
 
Building file: ../example/src/cr_startup_lpc11xx.c
Invoking: MCU C Compiler
arm-none-eabi-gcc -D__REDLIB__ -DDEBUG -D__CODE_RED -D__USE_LPCOPEN -DCORE_M0 -D__LPC11U1X__ -DUSB_DEVICE_ONLY -I"C:\Users\Bertus\Documents\LPCXpresso_5.2.6_2137\workspace5\SerialRTOS\example\src" -I"C:\Users\Bertus\Documents\LPCXpresso_5.2.6_2137\workspace5\SerialRTOS\example\src\Lib" -I"C:\Users\Bertus\Documents\LPCXpresso_5.2.6_2137\workspace5\lpc_chip_11uxx_lib\inc" -I"C:\Users\Bertus\Documents\LPCXpresso_5.2.6_2137\workspace5\nxp_lpcxpresso_11u14_board_lib\inc" -I"C:\Users\Bertus\Documents\LPCXpresso_5.2.6_2137\workspace5\nxp_lpcxpresso_11u14_usblib_device\Drivers\USB" -I"C:\Users\Bertus\Documents\LPCXpresso_5.2.6_2137\workspace5\SerialRTOS\example\src\freertos\inc" -I"C:\Users\Bertus\Documents\LPCXpresso_5.2.6_2137\workspace5\SerialRTOS\example\inc" -O0 -g3 -Wall -c -fmessage-length=0 -fno-builtin -ffunction-sections -fdata-sections -std=gnu99 -mcpu=cortex-m0 -mthumb -MMD -MP -MF"example/src/cr_startup_lpc11xx.d" -MT"example/src/cr_startup_lpc11xx.d" -o "example/src/cr_startup_lpc11xx.o" "../example/src/cr_startup_lpc11xx.c"
Finished building: ../example/src/cr_startup_lpc11xx.c
 
Building file: ../example/src/sysinit.c
Invoking: MCU C Compiler
arm-none-eabi-gcc -D__REDLIB__ -DDEBUG -D__CODE_RED -D__USE_LPCOPEN -DCORE_M0 -D__LPC11U1X__ -DUSB_DEVICE_ONLY -I"C:\Users\Bertus\Documents\LPCXpresso_5.2.6_2137\workspace5\SerialRTOS\example\src" -I"C:\Users\Bertus\Documents\LPCXpresso_5.2.6_2137\workspace5\SerialRTOS\example\src\Lib" -I"C:\Users\Bertus\Documents\LPCXpresso_5.2.6_2137\workspace5\lpc_chip_11uxx_lib\inc" -I"C:\Users\Bertus\Documents\LPCXpresso_5.2.6_2137\workspace5\nxp_lpcxpresso_11u14_board_lib\inc" -I"C:\Users\Bertus\Documents\LPCXpresso_5.2.6_2137\workspace5\nxp_lpcxpresso_11u14_usblib_device\Drivers\USB" -I"C:\Users\Bertus\Documents\LPCXpresso_5.2.6_2137\workspace5\SerialRTOS\example\src\freertos\inc" -I"C:\Users\Bertus\Documents\LPCXpresso_5.2.6_2137\workspace5\SerialRTOS\example\inc" -O0 -g3 -Wall -c -fmessage-length=0 -fno-builtin -ffunction-sections -fdata-sections -std=gnu99 -mcpu=cortex-m0 -mthumb -MMD -MP -MF"example/src/sysinit.d" -MT"example/src/sysinit.d" -o "example/src/sysinit.o" "../example/src/sysinit.c"
In file included from C:\Users\Bertus\Documents\LPCXpresso_5.2.6_2137\workspace5\lpc_chip_11uxx_lib\inc/chip.h:232:0,
                 from C:\Users\Bertus\Documents\LPCXpresso_5.2.6_2137\workspace5\nxp_lpcxpresso_11u14_board_lib\inc/board.h:35,
                 from ../example/src/sysinit.c:32:
C:\Users\Bertus\Documents\LPCXpresso_5.2.6_2137\workspace5\lpc_chip_11uxx_lib\inc/pmu_11xx.h:49:8: warning: missing terminating " character [enabled by default]
Finished building: ../example/src/sysinit.c
 
Building target: SerialRTOS.axf
Invoking: MCU Linker
arm-none-eabi-gcc -nostdlib -L"C:\Users\Bertus\Documents\LPCXpresso_5.2.6_2137\workspace5\nxp_lpcxpresso_11u14_board_lib\Debug" -L"C:\Users\Bertus\Documents\LPCXpresso_5.2.6_2137\workspace5\lpc_chip_11uxx_lib\Debug" -L"C:\Users\Bertus\Documents\LPCXpresso_5.2.6_2137\workspace5\nxp_lpcxpresso_11u14_usblib_device\Debug" -Xlinker -Map="SerialRTOS.map" -Xlinker --gc-sections -mcpu=cortex-m0 -mthumb -T "SerialRTOS_Debug.ld" -o "SerialRTOS.axf"  ./example/src/freertos/src/FreeRTOSCommonHooks.o ./example/src/freertos/src/croutine.o ./example/src/freertos/src/heap_1.o ./example/src/freertos/src/list.o ./example/src/freertos/src/port.o ./example/src/freertos/src/queue.o ./example/src/freertos/src/tasks.o ./example/src/freertos/src/timers.o  ./example/src/Lib/UsbRom.o  ./example/src/Descriptors.o ./example/src/VirtualSerial.o ./example/src/cr_startup_lpc11xx.o ./example/src/sysinit.o   -lnxp_lpcxpresso_11u14_board_lib -llpc_chip_11uxx_lib -lnxp_lpcxpresso_11u14_usblib_device
Finished building target: SerialRTOS.axf
 
make --no-print-directory post-build
Performing post-build steps
arm-none-eabi-size "SerialRTOS.axf"; # arm-none-eabi-objcopy -O binary "SerialRTOS.axf" "SerialRTOS.bin" ; checksum -p LPC11U14_201 -d "SerialRTOS.bin";
   text	   data	    bss	    dec	    hex	filename
  19836	    184	   4372	  24392	   5f48	SerialRTOS.axf
 
15:38:38 **** Incremental Build of configuration Debug for project lpc_chip_11uxx_lib ****
make all 
make: Nothing to be done for `all'.
15:38:39 **** Incremental Build of configuration Debug for project nxp_lpcxpresso_11u14_board_lib ****
make all 
make: Nothing to be done for `all'.
15:38:40 **** Incremental Build of configuration Debug for project nxp_lpcxpresso_11u14_usblib_device ****
make all 
make: Nothing to be done for `all'.
15:38:41 **** Incremental Build of configuration Debug for project SerialRTOS ****
make all 
make: Nothing to be done for `all'.
15:39:35 **** Incremental Build of configuration Debug for project lpc_chip_11uxx_lib ****
make all 
make: Nothing to be done for `all'.
15:39:35 **** Incremental Build of configuration Debug for project nxp_lpcxpresso_11u14_board_lib ****
make all 
make: Nothing to be done for `all'.
15:39:36 **** Incremental Build of configuration Debug for project nxp_lpcxpresso_11u14_usblib_device ****
make all 
make: Nothing to be done for `all'.
15:39:37 **** Incremental Build of configuration Debug for project SerialRTOS ****
make all 
make: Nothing to be done for `all'.
15:39:47 **** Incremental Build of configuration Debug for project lpc_chip_11uxx_lib ****
make all 
make: Nothing to be done for `all'.
15:39:47 **** Incremental Build of configuration Debug for project nxp_lpcxpresso_11u14_board_lib ****
make all 
make: Nothing to be done for `all'.
15:39:48 **** Incremental Build of configuration Debug for project nxp_lpcxpresso_11u14_usblib_device ****
make all 
make: Nothing to be done for `all'.
15:39:49 **** Incremental Build of configuration Debug for project SerialRTOS ****
make all 
make: Nothing to be done for `all'.
15:41:32 **** Incremental Build of configuration Debug for project lpc_chip_11uxx_lib ****
make all 
make: Nothing to be done for `all'.
15:41:33 **** Incremental Build of configuration Debug for project nxp_lpcxpresso_11u14_board_lib ****
make all 
make: Nothing to be done for `all'.
15:41:34 **** Incremental Build of configuration Debug for project nxp_lpcxpresso_11u14_usblib_device ****
make all 
make: Nothing to be done for `all'.
15:41:35 **** Incremental Build of configuration Debug for project SerialRTOS ****
make all 
Building file: ../example/src/VirtualSerial.c
Invoking: MCU C Compiler
arm-none-eabi-gcc -D__REDLIB__ -DDEBUG -D__CODE_RED -D__USE_LPCOPEN -DCORE_M0 -D__LPC11U1X__ -DUSB_DEVICE_ONLY -I"C:\Users\Bertus\Documents\LPCXpresso_5.2.6_2137\workspace5\SerialRTOS\example\src" -I"C:\Users\Bertus\Documents\LPCXpresso_5.2.6_2137\workspace5\SerialRTOS\example\src\Lib" -I"C:\Users\Bertus\Documents\LPCXpresso_5.2.6_2137\workspace5\lpc_chip_11uxx_lib\inc" -I"C:\Users\Bertus\Documents\LPCXpresso_5.2.6_2137\workspace5\nxp_lpcxpresso_11u14_board_lib\inc" -I"C:\Users\Bertus\Documents\LPCXpresso_5.2.6_2137\workspace5\nxp_lpcxpresso_11u14_usblib_device\Drivers\USB" -I"C:\Users\Bertus\Documents\LPCXpresso_5.2.6_2137\workspace5\SerialRTOS\example\src\freertos\inc" -I"C:\Users\Bertus\Documents\LPCXpresso_5.2.6_2137\workspace5\SerialRTOS\example\inc" -O0 -g3 -Wall -c -fmessage-length=0 -fno-builtin -ffunction-sections -fdata-sections -std=gnu99 -mcpu=cortex-m0 -mthumb -MMD -MP -MF"example/src/VirtualSerial.d" -MT"example/src/VirtualSerial.d" -o "example/src/VirtualSerial.o" "../example/src/VirtualSerial.c"
In file included from C:\Users\Bertus\Documents\LPCXpresso_5.2.6_2137\workspace5\lpc_chip_11uxx_lib\inc/chip.h:232:0,
                 from C:\Users\Bertus\Documents\LPCXpresso_5.2.6_2137\workspace5\nxp_lpcxpresso_11u14_board_lib\inc/board.h:35,
                 from ../example/src/VirtualSerial.c:1:
C:\Users\Bertus\Documents\LPCXpresso_5.2.6_2137\workspace5\lpc_chip_11uxx_lib\inc/pmu_11xx.h:49:8: warning: missing terminating " character [enabled by default]
../example/src/VirtualSerial.c: In function 'EchoCharacter':
../example/src/VirtualSerial.c:65:10: warning: variable 'recv_byte' set but not used [-Wunused-but-set-variable]
Finished building: ../example/src/VirtualSerial.c
 
Building target: SerialRTOS.axf
Invoking: MCU Linker
arm-none-eabi-gcc -nostdlib -L"C:\Users\Bertus\Documents\LPCXpresso_5.2.6_2137\workspace5\nxp_lpcxpresso_11u14_board_lib\Debug" -L"C:\Users\Bertus\Documents\LPCXpresso_5.2.6_2137\workspace5\lpc_chip_11uxx_lib\Debug" -L"C:\Users\Bertus\Documents\LPCXpresso_5.2.6_2137\workspace5\nxp_lpcxpresso_11u14_usblib_device\Debug" -Xlinker -Map="SerialRTOS.map" -Xlinker --gc-sections -mcpu=cortex-m0 -mthumb -T "SerialRTOS_Debug.ld" -o "SerialRTOS.axf"  ./example/src/freertos/src/FreeRTOSCommonHooks.o ./example/src/freertos/src/croutine.o ./example/src/freertos/src/heap_1.o ./example/src/freertos/src/list.o ./example/src/freertos/src/port.o ./example/src/freertos/src/queue.o ./example/src/freertos/src/tasks.o ./example/src/freertos/src/timers.o  ./example/src/Lib/UsbRom.o  ./example/src/Descriptors.o ./example/src/VirtualSerial.o ./example/src/cr_startup_lpc11xx.o ./example/src/sysinit.o   -lnxp_lpcxpresso_11u14_board_lib -llpc_chip_11uxx_lib -lnxp_lpcxpresso_11u14_usblib_device
Finished building target: SerialRTOS.axf
 
make --no-print-directory post-build
Performing post-build steps
arm-none-eabi-size "SerialRTOS.axf"; # arm-none-eabi-objcopy -O binary "SerialRTOS.axf" "SerialRTOS.bin" ; checksum -p LPC11U14_201 -d "SerialRTOS.bin";
   text	   data	    bss	    dec	    hex	filename
  19832	    184	   4372	  24388	   5f44	SerialRTOS.axf
 
15:43:12 **** Incremental Build of configuration Debug for project lpc_chip_11uxx_lib ****
make all 
make: Nothing to be done for `all'.
15:43:13 **** Incremental Build of configuration Debug for project nxp_lpcxpresso_11u14_board_lib ****
make all 
make: Nothing to be done for `all'.
15:43:14 **** Incremental Build of configuration Debug for project nxp_lpcxpresso_11u14_usblib_device ****
make all 
make: Nothing to be done for `all'.
15:43:15 **** Incremental Build of configuration Debug for project SerialRTOS ****
make all 
make: Nothing to be done for `all'.
15:43:21 **** Incremental Build of configuration Debug for project lpc_chip_11uxx_lib ****
make all 
make: Nothing to be done for `all'.
15:43:22 **** Incremental Build of configuration Debug for project nxp_lpcxpresso_11u14_board_lib ****
make all 
make: Nothing to be done for `all'.
15:43:23 **** Incremental Build of configuration Debug for project nxp_lpcxpresso_11u14_usblib_device ****
make all 
make: Nothing to be done for `all'.
15:43:24 **** Incremental Build of configuration Debug for project SerialRTOS ****
make all 
make: Nothing to be done for `all'.
