20:07:25 **** Build of configuration Debug for project nxp_lpcxpresso_11u14_usbd_lib_hid_mouse ****
make all 
Building target: nxp_lpcxpresso_11u14_usbd_lib_hid_mouse.axf
Invoking: MCU Linker
arm-none-eabi-gcc -nostdlib -L"C:\Users\Bertus\Documents\LPCXpresso_5.2.6_2137\workspace5\nxp_lpcxpresso_11u14_board_lib\Debug" -L"C:\Users\Bertus\Documents\LPCXpresso_5.2.6_2137\workspace5\lpc_chip_11uxx_lib\Debug" -L"C:\Users\Bertus\Documents\LPCXpresso_5.2.6_2137\workspace5\lpc_chip_11uxx_lib\libs" -Xlinker -Map="nxp_lpcxpresso_11u14_usbd_lib_hid_mouse.map" -Xlinker --gc-sections -mcpu=cortex-m0 -mthumb -T "nxp_lpcxpresso_11u14_usbd_lib_hid_mouse_Debug.ld" -o "nxp_lpcxpresso_11u14_usbd_lib_hid_mouse.axf"  ./example/src/cr_startup_lpc11xx.o ./example/src/hid_desc.o ./example/src/hid_main.o ./example/src/hid_mouse.o ./example/src/sysinit.o   -lnxp_lpcxpresso_11u14_board_lib -llpc_chip_11uxx_lib -lusbd_11uxx_lib
Finished building target: nxp_lpcxpresso_11u14_usbd_lib_hid_mouse.axf
 
make --no-print-directory post-build
Performing post-build steps
arm-none-eabi-size "nxp_lpcxpresso_11u14_usbd_lib_hid_mouse.axf"; # arm-none-eabi-objcopy -O binary "nxp_lpcxpresso_11u14_usbd_lib_hid_mouse.axf" "nxp_lpcxpresso_11u14_usbd_lib_hid_mouse.bin" ; checksum -p LPC11U14_201 -d "nxp_lpcxpresso_11u14_usbd_lib_hid_mouse.bin";
   text	   data	    bss	    dec	    hex	filename
  12968	     40	    348	  13356	   342c	nxp_lpcxpresso_11u14_usbd_lib_hid_mouse.axf
 

20:07:26 Build Finished (took 693ms)

