20:07:20 **** Build of configuration Debug for project nxp_lpcxpresso_11u14_usbd_lib_composite ****
make all 
Building target: nxp_lpcxpresso_11u14_usbd_lib_composite.axf
Invoking: MCU Linker
arm-none-eabi-gcc -nostdlib -L"C:\Users\Bertus\Documents\LPCXpresso_5.2.6_2137\workspace5\nxp_lpcxpresso_11u14_board_lib\Debug" -L"C:\Users\Bertus\Documents\LPCXpresso_5.2.6_2137\workspace5\lpc_chip_11uxx_lib\Debug" -L"C:\Users\Bertus\Documents\LPCXpresso_5.2.6_2137\workspace5\lpc_chip_11uxx_lib\libs" -Xlinker -Map="nxp_lpcxpresso_11u14_usbd_lib_composite.map" -Xlinker --gc-sections -mcpu=cortex-m0 -mthumb -T "nxp_lpcxpresso_11u14_usbd_lib_composite_Debug.ld" -o "nxp_lpcxpresso_11u14_usbd_lib_composite.axf"  ./example/src/cdc_vcom.o ./example/src/composite_desc.o ./example/src/composite_main.o ./example/src/cr_startup_lpc11xx.o ./example/src/hid_mouse.o ./example/src/sysinit.o   -lnxp_lpcxpresso_11u14_board_lib -llpc_chip_11uxx_lib -lusbd_11uxx_lib
Finished building target: nxp_lpcxpresso_11u14_usbd_lib_composite.axf
 
make --no-print-directory post-build
Performing post-build steps
arm-none-eabi-size "nxp_lpcxpresso_11u14_usbd_lib_composite.axf"; # arm-none-eabi-objcopy -O binary "nxp_lpcxpresso_11u14_usbd_lib_composite.axf" "nxp_lpcxpresso_11u14_usbd_lib_composite.bin" ; checksum -p LPC11U14_201 -d "nxp_lpcxpresso_11u14_usbd_lib_composite.bin";
   text	   data	    bss	    dec	    hex	filename
  15288	    108	    624	  16020	   3e94	nxp_lpcxpresso_11u14_usbd_lib_composite.axf
 

20:07:21 Build Finished (took 743ms)

