20:07:23 **** Build of configuration Debug for project nxp_lpcxpresso_11u14_usbd_lib_hid_keyboard ****
make all 
Building target: nxp_lpcxpresso_11u14_usbd_lib_hid_keyboard.axf
Invoking: MCU Linker
arm-none-eabi-gcc -nostdlib -L"C:\Users\Bertus\Documents\LPCXpresso_5.2.6_2137\workspace5\nxp_lpcxpresso_11u14_board_lib\Debug" -L"C:\Users\Bertus\Documents\LPCXpresso_5.2.6_2137\workspace5\lpc_chip_11uxx_lib\Debug" -L"C:\Users\Bertus\Documents\LPCXpresso_5.2.6_2137\workspace5\lpc_chip_11uxx_lib\libs" -Xlinker -Map="nxp_lpcxpresso_11u14_usbd_lib_hid_keyboard.map" -Xlinker --gc-sections -mcpu=cortex-m0 -mthumb -T "nxp_lpcxpresso_11u14_usbd_lib_hid_keyboard_Debug.ld" -o "nxp_lpcxpresso_11u14_usbd_lib_hid_keyboard.axf"  ./example/src/cr_startup_lpc11xx.o ./example/src/hid_desc.o ./example/src/hid_keyboard.o ./example/src/hid_main.o ./example/src/ms_timer.o ./example/src/sysinit.o   -lnxp_lpcxpresso_11u14_board_lib -llpc_chip_11uxx_lib -lusbd_11uxx_lib
Finished building target: nxp_lpcxpresso_11u14_usbd_lib_hid_keyboard.axf
 
make --no-print-directory post-build
Performing post-build steps
arm-none-eabi-size "nxp_lpcxpresso_11u14_usbd_lib_hid_keyboard.axf"; # arm-none-eabi-objcopy -O binary "nxp_lpcxpresso_11u14_usbd_lib_hid_keyboard.axf" "nxp_lpcxpresso_11u14_usbd_lib_hid_keyboard.bin" ; checksum -p LPC11U14_201 -d "nxp_lpcxpresso_11u14_usbd_lib_hid_keyboard.bin";
   text	   data	    bss	    dec	    hex	filename
  14168	     40	    368	  14576	   38f0	nxp_lpcxpresso_11u14_usbd_lib_hid_keyboard.axf
 

20:07:24 Build Finished (took 744ms)

