20:07:03 **** Build of configuration Debug for project nxp_lpcxpresso_11u14_periph_adc ****
make all 
Building target: nxp_lpcxpresso_11u14_periph_adc.axf
Invoking: MCU Linker
arm-none-eabi-gcc -nostdlib -L"C:\Users\Bertus\Documents\LPCXpresso_5.2.6_2137\workspace5\nxp_lpcxpresso_11u14_board_lib\Debug" -L"C:\Users\Bertus\Documents\LPCXpresso_5.2.6_2137\workspace5\lpc_chip_11uxx_lib\Debug" -Xlinker -Map="nxp_lpcxpresso_11u14_periph_adc.map" -Xlinker --gc-sections -mcpu=cortex-m0 -mthumb -T "nxp_lpcxpresso_11u14_periph_adc_Debug.ld" -o "nxp_lpcxpresso_11u14_periph_adc.axf"  ./example/src/adc_1125.o ./example/src/adc_11xx.o ./example/src/cr_startup_lpc11xx.o ./example/src/sysinit.o   -lnxp_lpcxpresso_11u14_board_lib -llpc_chip_11uxx_lib
Finished building target: nxp_lpcxpresso_11u14_periph_adc.axf
 
make --no-print-directory post-build
Performing post-build steps
arm-none-eabi-size "nxp_lpcxpresso_11u14_periph_adc.axf"; # arm-none-eabi-objcopy -O binary "nxp_lpcxpresso_11u14_periph_adc.axf" "nxp_lpcxpresso_11u14_periph_adc.bin" ; checksum -p LPC11U14_201 -d "nxp_lpcxpresso_11u14_periph_adc.bin";
   text	   data	    bss	    dec	    hex	filename
   4836	      0	    348	   5184	   1440	nxp_lpcxpresso_11u14_periph_adc.axf
 

20:07:03 Build Finished (took 547ms)

