20:07:06 **** Build of configuration Debug for project nxp_lpcxpresso_11u14_periph_bod ****
make all 
Building target: nxp_lpcxpresso_11u14_periph_bod.axf
Invoking: MCU Linker
arm-none-eabi-gcc -nostdlib -L"C:\Users\Bertus\Documents\LPCXpresso_5.2.6_2137\workspace5\nxp_lpcxpresso_11u14_board_lib\Debug" -L"C:\Users\Bertus\Documents\LPCXpresso_5.2.6_2137\workspace5\lpc_chip_11uxx_lib\Debug" -Xlinker -Map="nxp_lpcxpresso_11u14_periph_bod.map" -Xlinker --gc-sections -mcpu=cortex-m0 -mthumb -T "nxp_lpcxpresso_11u14_periph_bod_Debug.ld" -o "nxp_lpcxpresso_11u14_periph_bod.axf"  ./example/src/bod.o ./example/src/cr_startup_lpc11xx.o ./example/src/sysinit.o   -lnxp_lpcxpresso_11u14_board_lib -llpc_chip_11uxx_lib
Finished building target: nxp_lpcxpresso_11u14_periph_bod.axf
 
make --no-print-directory post-build
Performing post-build steps
arm-none-eabi-size "nxp_lpcxpresso_11u14_periph_bod.axf"; # arm-none-eabi-objcopy -O binary "nxp_lpcxpresso_11u14_periph_bod.axf" "nxp_lpcxpresso_11u14_periph_bod.bin" ; checksum -p LPC11U14_201 -d "nxp_lpcxpresso_11u14_periph_bod.bin";
   text	   data	    bss	    dec	    hex	filename
   4372	      0	    340	   4712	   1268	nxp_lpcxpresso_11u14_periph_bod.axf
 

20:07:06 Build Finished (took 594ms)

