20:07:10 **** Build of configuration Debug for project nxp_lpcxpresso_11u14_periph_pinint ****
make all 
Building target: nxp_lpcxpresso_11u14_periph_pinint.axf
Invoking: MCU Linker
arm-none-eabi-gcc -nostdlib -L"C:\Users\Bertus\Documents\LPCXpresso_5.2.6_2137\workspace5\nxp_lpcxpresso_11u14_board_lib\Debug" -L"C:\Users\Bertus\Documents\LPCXpresso_5.2.6_2137\workspace5\lpc_chip_11uxx_lib\Debug" -Xlinker -Map="nxp_lpcxpresso_11u14_periph_pinint.map" -Xlinker --gc-sections -mcpu=cortex-m0 -mthumb -T "nxp_lpcxpresso_11u14_periph_pinint_Debug.ld" -o "nxp_lpcxpresso_11u14_periph_pinint.axf"  ./example/src/cr_startup_lpc11xx.o ./example/src/pinint.o ./example/src/sysinit.o   -lnxp_lpcxpresso_11u14_board_lib -llpc_chip_11uxx_lib
Finished building target: nxp_lpcxpresso_11u14_periph_pinint.axf
 
make --no-print-directory post-build
Performing post-build steps
arm-none-eabi-size "nxp_lpcxpresso_11u14_periph_pinint.axf"; # arm-none-eabi-objcopy -O binary "nxp_lpcxpresso_11u14_periph_pinint.axf" "nxp_lpcxpresso_11u14_periph_pinint.bin" ; checksum -p LPC11U14_201 -d "nxp_lpcxpresso_11u14_periph_pinint.bin";
   text	   data	    bss	    dec	    hex	filename
   4656	      0	    340	   4996	   1384	nxp_lpcxpresso_11u14_periph_pinint.axf
 

20:07:11 Build Finished (took 594ms)

