20:07:04 **** Build of configuration Debug for project nxp_lpcxpresso_11u14_periph_blinky ****
make all 
Building target: nxp_lpcxpresso_11u14_periph_blinky.axf
Invoking: MCU Linker
arm-none-eabi-gcc -nostdlib -L"C:\Users\Bertus\Documents\LPCXpresso_5.2.6_2137\workspace5\nxp_lpcxpresso_11u14_board_lib\Debug" -L"C:\Users\Bertus\Documents\LPCXpresso_5.2.6_2137\workspace5\lpc_chip_11uxx_lib\Debug" -Xlinker -Map="nxp_lpcxpresso_11u14_periph_blinky.map" -Xlinker --gc-sections -mcpu=cortex-m0 -mthumb -T "nxp_lpcxpresso_11u14_periph_blinky_Debug.ld" -o "nxp_lpcxpresso_11u14_periph_blinky.axf"  ./example/src/blinky.o ./example/src/cr_startup_lpc11xx.o ./example/src/sysinit.o   -lnxp_lpcxpresso_11u14_board_lib -llpc_chip_11uxx_lib
Finished building target: nxp_lpcxpresso_11u14_periph_blinky.axf
 
make --no-print-directory post-build
Performing post-build steps
arm-none-eabi-size "nxp_lpcxpresso_11u14_periph_blinky.axf"; # arm-none-eabi-objcopy -O binary "nxp_lpcxpresso_11u14_periph_blinky.axf" "nxp_lpcxpresso_11u14_periph_blinky.bin" ; checksum -p LPC11U14_201 -d "nxp_lpcxpresso_11u14_periph_blinky.bin";
   text	   data	    bss	    dec	    hex	filename
   5072	      0	    340	   5412	   1524	nxp_lpcxpresso_11u14_periph_blinky.axf
 

20:07:05 Build Finished (took 594ms)

